Component: ARM Compiler 5.06 update 7 (build 960) Tool: armlink [4d3601]

==============================================================================

Section Cross References

    startup_stm32g431xx.o(STACK) refers (Special) to heapauxi.o(.text) for __use_two_region_memory
    startup_stm32g431xx.o(HEAP) refers (Special) to heapauxi.o(.text) for __use_two_region_memory
    startup_stm32g431xx.o(RESET) refers (Special) to heapauxi.o(.text) for __use_two_region_memory
    startup_stm32g431xx.o(RESET) refers to startup_stm32g431xx.o(STACK) for __initial_sp
    startup_stm32g431xx.o(RESET) refers to startup_stm32g431xx.o(.text) for Reset_Handler
    startup_stm32g431xx.o(RESET) refers to stm32g4xx_it.o(i.NMI_Handler) for NMI_Handler
    startup_stm32g431xx.o(RESET) refers to context_rvds.o(.text) for HardFault_Handler
    startup_stm32g431xx.o(RESET) refers to stm32g4xx_it.o(i.MemManage_Handler) for MemManage_Handler
    startup_stm32g431xx.o(RESET) refers to stm32g4xx_it.o(i.BusFault_Handler) for BusFault_Handler
    startup_stm32g431xx.o(RESET) refers to stm32g4xx_it.o(i.UsageFault_Handler) for UsageFault_Handler
    startup_stm32g431xx.o(RESET) refers to stm32g4xx_it.o(i.DebugMon_Handler) for DebugMon_Handler
    startup_stm32g431xx.o(RESET) refers to board.o(i.SysTick_Handler) for SysTick_Handler
    startup_stm32g431xx.o(RESET) refers to stm32g4xx_it.o(i.USART1_IRQHandler) for USART1_IRQHandler
    startup_stm32g431xx.o(RESET) refers to stm32g4xx_it.o(i.TIM6_DAC_IRQHandler) for TIM6_DAC_IRQHandler
    startup_stm32g431xx.o(.text) refers (Special) to heapauxi.o(.text) for __use_two_region_memory
    startup_stm32g431xx.o(.text) refers to system_stm32g4xx.o(i.SystemInit) for SystemInit
    startup_stm32g431xx.o(.text) refers to __main.o(!!!main) for __main
    startup_stm32g431xx.o(.text) refers to startup_stm32g431xx.o(HEAP) for Heap_Mem
    startup_stm32g431xx.o(.text) refers to startup_stm32g431xx.o(STACK) for Stack_Mem
    lcd.o(i.LCD_BusIn) refers to rt_memclr_w.o(.text) for __aeabi_memclr4
    lcd.o(i.LCD_BusIn) refers to stm32g4xx_hal_gpio.o(i.HAL_GPIO_Init) for HAL_GPIO_Init
    lcd.o(i.LCD_BusOut) refers to rt_memclr_w.o(.text) for __aeabi_memclr4
    lcd.o(i.LCD_BusOut) refers to stm32g4xx_hal_gpio.o(i.HAL_GPIO_Init) for HAL_GPIO_Init
    lcd.o(i.LCD_Clear) refers to lcd.o(i.LCD_SetCursor) for LCD_SetCursor
    lcd.o(i.LCD_Clear) refers to lcd.o(i.LCD_WriteRAM_Prepare) for LCD_WriteRAM_Prepare
    lcd.o(i.LCD_Clear) refers to lcd.o(i.LCD_WriteRAM) for LCD_WriteRAM
    lcd.o(i.LCD_ClearLine) refers to lcd.o(i.LCD_DisplayStringLine) for LCD_DisplayStringLine
    lcd.o(i.LCD_CtrlLinesConfig) refers to rt_memclr_w.o(.text) for __aeabi_memclr4
    lcd.o(i.LCD_CtrlLinesConfig) refers to stm32g4xx_hal_gpio.o(i.HAL_GPIO_Init) for HAL_GPIO_Init
    lcd.o(i.LCD_CtrlLinesConfig) refers to lcd.o(i.LCD_BusOut) for LCD_BusOut
    lcd.o(i.LCD_DisplayChar) refers to lcd.o(i.LCD_DrawChar) for LCD_DrawChar
    lcd.o(i.LCD_DisplayChar) refers to lcd.o(.constdata) for .constdata
    lcd.o(i.LCD_DisplayOff) refers to lcd.o(i.LCD_WriteReg) for LCD_WriteReg
    lcd.o(i.LCD_DisplayOn) refers to lcd.o(i.LCD_WriteReg) for LCD_WriteReg
    lcd.o(i.LCD_DisplayStringLine) refers to lcd.o(i.LCD_DisplayChar) for LCD_DisplayChar
    lcd.o(i.LCD_DrawChar) refers to lcd.o(i.LCD_SetCursor) for LCD_SetCursor
    lcd.o(i.LCD_DrawChar) refers to lcd.o(i.LCD_WriteRAM_Prepare) for LCD_WriteRAM_Prepare
    lcd.o(i.LCD_DrawChar) refers to lcd.o(i.LCD_WriteRAM) for LCD_WriteRAM
    lcd.o(i.LCD_DrawChar) refers to lcd.o(.data) for .data
    lcd.o(i.LCD_DrawCircle) refers to lcd.o(i.LCD_SetCursor) for LCD_SetCursor
    lcd.o(i.LCD_DrawCircle) refers to lcd.o(i.LCD_WriteRAM_Prepare) for LCD_WriteRAM_Prepare
    lcd.o(i.LCD_DrawCircle) refers to lcd.o(i.LCD_WriteRAM) for LCD_WriteRAM
    lcd.o(i.LCD_DrawCircle) refers to lcd.o(.data) for .data
    lcd.o(i.LCD_DrawLine) refers to lcd.o(i.LCD_SetCursor) for LCD_SetCursor
    lcd.o(i.LCD_DrawLine) refers to lcd.o(i.LCD_WriteRAM_Prepare) for LCD_WriteRAM_Prepare
    lcd.o(i.LCD_DrawLine) refers to lcd.o(i.LCD_WriteRAM) for LCD_WriteRAM
    lcd.o(i.LCD_DrawLine) refers to lcd.o(.data) for .data
    lcd.o(i.LCD_DrawMonoPict) refers to lcd.o(i.LCD_SetCursor) for LCD_SetCursor
    lcd.o(i.LCD_DrawMonoPict) refers to lcd.o(i.LCD_WriteRAM_Prepare) for LCD_WriteRAM_Prepare
    lcd.o(i.LCD_DrawMonoPict) refers to lcd.o(i.LCD_WriteRAM) for LCD_WriteRAM
    lcd.o(i.LCD_DrawMonoPict) refers to lcd.o(.data) for .data
    lcd.o(i.LCD_DrawPicture) refers to lcd.o(i.LCD_SetCursor) for LCD_SetCursor
    lcd.o(i.LCD_DrawPicture) refers to lcd.o(i.LCD_WriteRAM_Prepare) for LCD_WriteRAM_Prepare
    lcd.o(i.LCD_DrawPicture) refers to lcd.o(i.LCD_WriteRAM) for LCD_WriteRAM
    lcd.o(i.LCD_DrawRect) refers to lcd.o(i.LCD_DrawLine) for LCD_DrawLine
    lcd.o(i.LCD_Init) refers to lcd.o(i.LCD_CtrlLinesConfig) for LCD_CtrlLinesConfig
    lcd.o(i.LCD_Init) refers to lcd.o(i.LCD_ReadReg) for LCD_ReadReg
[...]
    COMP1_2_3_IRQHandler                     0x08000293   Thumb Code     0  startup_stm32g431xx.o(.text)
    COMP4_IRQHandler                         0x08000293   Thumb Code     0  startup_stm32g431xx.o(.text)
    CORDIC_IRQHandler                        0x08000293   Thumb Code     0  startup_stm32g431xx.o(.text)
    CRS_IRQHandler                           0x08000293   Thumb Code     0  startup_stm32g431xx.o(.text)
    DMA1_Channel1_IRQHandler                 0x08000293   Thumb Code     0  startup_stm32g431xx.o(.text)
    DMA1_Channel2_IRQHandler                 0x08000293   Thumb Code     0  startup_stm32g431xx.o(.text)
    DMA1_Channel3_IRQHandler                 0x08000293   Thumb Code     0  startup_stm32g431xx.o(.text)
    DMA1_Channel4_IRQHandler                 0x08000293   Thumb Code     0  startup_stm32g431xx.o(.text)
    DMA1_Channel5_IRQHandler                 0x08000293   Thumb Code     0  startup_stm32g431xx.o(.text)
    DMA1_Channel6_IRQHandler                 0x08000293   Thumb Code     0  startup_stm32g431xx.o(.text)
    DMA2_Channel1_IRQHandler                 0x08000293   Thumb Code     0  startup_stm32g431xx.o(.text)
    DMA2_Channel2_IRQHandler                 0x08000293   Thumb Code     0  startup_stm32g431xx.o(.text)
    DMA2_Channel3_IRQHandler                 0x08000293   Thumb Code     0  startup_stm32g431xx.o(.text)
    DMA2_Channel4_IRQHandler                 0x08000293   Thumb Code     0  startup_stm32g431xx.o(.text)
    DMA2_Channel5_IRQHandler                 0x08000293   Thumb Code     0  startup_stm32g431xx.o(.text)
    DMA2_Channel6_IRQHandler                 0x08000293   Thumb Code     0  startup_stm32g431xx.o(.text)
    DMAMUX_OVR_IRQHandler                    0x08000293   Thumb Code     0  startup_stm32g431xx.o(.text)
    EXTI0_IRQHandler                         0x08000293   Thumb Code     0  startup_stm32g431xx.o(.text)
    EXTI15_10_IRQHandler                     0x08000293   Thumb Code     0  startup_stm32g431xx.o(.text)
    EXTI1_IRQHandler                         0x08000293   Thumb Code     0  startup_stm32g431xx.o(.text)
    EXTI2_IRQHandler                         0x08000293   Thumb Code     0  startup_stm32g431xx.o(.text)
    EXTI3_IRQHandler                         0x08000293   Thumb Code     0  startup_stm32g431xx.o(.text)
    EXTI4_IRQHandler                         0x08000293   Thumb Code     0  startup_stm32g431xx.o(.text)
    EXTI9_5_IRQHandler                       0x08000293   Thumb Code     0  startup_stm32g431xx.o(.text)
    FDCAN1_IT0_IRQHandler                    0x08000293   Thumb Code     0  startup_stm32g431xx.o(.text)
    FDCAN1_IT1_IRQHandler                    0x08000293   Thumb Code     0  startup_stm32g431xx.o(.text)
    FLASH_IRQHandler                         0x08000293   Thumb Code     0  startup_stm32g431xx.o(.text)
    FMAC_IRQHandler                          0x08000293   Thumb Code     0  startup_stm32g431xx.o(.text)
    FPU_IRQHandler                           0x08000293   Thumb Code     0  startup_stm32g431xx.o(.text)
    I2C1_ER_IRQHandler                       0x08000293   Thumb Code     0  startup_stm32g431xx.o(.text)
    I2C1_EV_IRQHandler                       0x08000293   Thumb Code     0  startup_stm32g431xx.o(.text)
    I2C2_ER_IRQHandler                       0x08000293   Thumb Code     0  startup_stm32g431xx.o(.text)
    I2C2_EV_IRQHandler                       0x08000293   Thumb Code     0  startup_stm32g431xx.o(.text)
    I2C3_ER_IRQHandler                       0x08000293   Thumb Code     0  startup_stm32g431xx.o(.text)
    I2C3_EV_IRQHandler                       0x08000293   Thumb Code     0  startup_stm32g431xx.o(.text)
    LPTIM1_IRQHandler                        0x08000293   Thumb Code     0  startup_stm32g431xx.o(.text)
    LPUART1_IRQHandler                       0x08000293   Thumb Code     0  startup_stm32g431xx.o(.text)
    PVD_PVM_IRQHandler                       0x08000293   Thumb Code     0  startup_stm32g431xx.o(.text)
    RCC_IRQHandler                           0x08000293   Thumb Code     0  startup_stm32g431xx.o(.text)
    RNG_IRQHandler                           0x08000293   Thumb Code     0  startup_stm32g431xx.o(.text)
    RTC_Alarm_IRQHandler                     0x08000293   Thumb Code     0  startup_stm32g431xx.o(.text)
    RTC_TAMP_LSECSS_IRQHandler               0x08000293   Thumb Code     0  startup_stm32g431xx.o(.text)
    RTC_WKUP_IRQHandler                      0x08000293   Thumb Code     0  startup_stm32g431xx.o(.text)
    SAI1_IRQHandler                          0x08000293   Thumb Code     0  startup_stm32g431xx.o(.text)
    SPI1_IRQHandler                          0x08000293   Thumb Code     0  startup_stm32g431xx.o(.text)
    SPI2_IRQHandler                          0x08000293   Thumb Code     0  startup_stm32g431xx.o(.text)
    SPI3_IRQHandler                          0x08000293   Thumb Code     0  startup_stm32g431xx.o(.text)
    TIM1_BRK_TIM15_IRQHandler                0x08000293   Thumb Code     0  startup_stm32g431xx.o(.text)
    TIM1_CC_IRQHandler                       0x08000293   Thumb Code     0  startup_stm32g431xx.o(.text)
    TIM1_TRG_COM_TIM17_IRQHandler            0x08000293   Thumb Code     0  startup_stm32g431xx.o(.text)
    TIM1_UP_TIM16_IRQHandler                 0x08000293   Thumb Code     0  startup_stm32g431xx.o(.text)
    TIM2_IRQHandler                          0x08000293   Thumb Code     0  startup_stm32g431xx.o(.text)
    TIM3_IRQHandler                          0x08000293   Thumb Code     0  startup_stm32g431xx.o(.text)
    TIM4_IRQHandler                          0x08000293   Thumb Code     0  startup_stm32g431xx.o(.text)
    TIM7_IRQHandler                          0x08000293   Thumb Code     0  startup_stm32g431xx.o(.text)
    TIM8_BRK_IRQHandler                      0x08000293   Thumb Code     0  startup_stm32g431xx.o(.text)
    TIM8_CC_IRQHandler                       0x08000293   Thumb Code     0  startup_stm32g431xx.o(.text)
    TIM8_TRG_COM_IRQHandler                  0x08000293   Thumb Code     0  startup_stm32g431xx.o(.text)
    TIM8_UP_IRQHandler                       0x08000293   Thumb Code     0  startup_stm32g431xx.o(.text)
    UART4_IRQHandler                         0x08000293   Thumb Code     0  startup_stm32g431xx.o(.text)
    UCPD1_IRQHandler                         0x08000293   Thumb Code     0  startup_stm32g431xx.o(.text)
    USART2_IRQHandler                        0x08000293   Thumb Code     0  startup_stm32g431xx.o(.text)
    USART3_IRQHandler                        0x08000293   Thumb Code     0  startup_stm32g431xx.o(.text)
    USBWakeUp_IRQHandler                     0x08000293   Thumb Code     0  startup_stm32g431xx.o(.text)
    USB_HP_IRQHandler                        0x08000293   Thumb Code     0  startup_stm32g431xx.o(.text)
    USB_LP_IRQHandler                        0x08000293   Thumb Code     0  startup_stm32g431xx.o(.text)
    WWDG_IRQHandler                          0x08000293   Thumb Code     0  startup_stm32g431xx.o(.text)
    __user_initial_stackheap                 0x08000295   Thumb Code     0  startup_stm32g431xx.o(.text)
    rt_hw_interrupt_disable                  0x080002b9   Thumb Code     8  context_rvds.o(.text)
    rt_hw_interrupt_enable                   0x080002c1   Thumb Code     6  context_rvds.o(.text)
    rt_hw_context_switch                     0x080002c7   Thumb Code    32  context_rvds.o(.text)
    rt_hw_context_switch_interrupt           0x080002c7   Thumb Code     0  context_rvds.o(.text)
    PendSV_Handler                           0x080002e7   Thumb Code   108  context_rvds.o(.text)
    rt_hw_context_switch_to                  0x08000353   Thumb Code    68  context_rvds.o(.text)
    rt_hw_interrupt_thread_switch            0x08000397   Thumb Code     2  context_rvds.o(.text)
    HardFault_Handler                        0x08000399   Thumb Code    56  context_rvds.o(.text)
    __aeabi_uldivmod                         0x080003ed   Thumb Code     0  lludivv7m.o(.text)
    _ll_udiv                                 0x080003ed   Thumb Code   238  lludivv7m.o(.text)
    strcpy                                   0x080004db   Thumb Code    72  strcpy.o(.text)
    strlen                                   0x08000523   Thumb Code    62  strlen.o(.text)
    strncmp                                  0x08000561   Thumb Code   150  strncmp.o(.text)
    strcat                                   0x080005f7   Thumb Code    24  strcat.o(.text)
    __aeabi_memcpy4                          0x0800060f   Thumb Code     0  rt_memcpy_w.o(.text)
    __aeabi_memcpy8                          0x0800060f   Thumb Code     0  rt_memcpy_w.o(.text)
    __rt_memcpy_w                            0x0800060f   Thumb Code   100  rt_memcpy_w.o(.text)
    _memcpy_lastbytes_aligned                0x08000657   Thumb Code     0  rt_memcpy_w.o(.text)
    __aeabi_memclr                           0x08000673   Thumb Code     0  rt_memclr.o(.text)
    __rt_memclr                              0x08000673   Thumb Code    68  rt_memclr.o(.text)
    _memset                                  0x08000677   Thumb Code     0  rt_memclr.o(.text)
    __aeabi_memclr4                          0x080006b7   Thumb Code     0  rt_memclr_w.o(.text)
    __aeabi_memclr8                          0x080006b7   Thumb Code     0  rt_memclr_w.o(.text)
    __rt_memclr_w                            0x080006b7   Thumb Code    78  rt_memclr_w.o(.text)
    _memset_w                                0x080006bb   Thumb Code     0  rt_memclr_w.o(.text)
    strncpy                                  0x08000705   Thumb Code    86  strncpy.o(.text)
    __use_two_region_memory                  0x0800075b   Thumb Code     2  heapauxi.o(.text)
    __rt_heap_escrow$2region                 0x0800075d   Thumb Code     2  heapauxi.o(.text)
    __rt_heap_expand$2region                 0x0800075f   Thumb Code     2  heapauxi.o(.text)
    __user_setup_stackheap                   0x08000761   Thumb Code    74  sys_stackheap_outer.o(.text)
    exit                                     0x080007ab   Thumb Code    18  exit.o(.text)
    __user_libspace                          0x080007bd   Thumb Code     8  libspace.o(.text)
    __user_perproc_libspace                  0x080007bd   Thumb Code     0  libspace.o(.text)
    __user_perthread_libspace                0x080007bd   Thumb Code     0  libspace.o(.text)
    _sys_exit                                0x080007c5   Thumb Code     8  sys_exit.o(.text)
    __I$use$semihosting                      0x080007d1   Thumb Code     0  use_no_semi.o(.text)
    __use_no_semihosting_swi                 0x080007d1   Thumb Code     2  use_no_semi.o(.text)
    __semihosting_library_function           0x080007d3   Thumb Code     0  indicate_semi.o(.text)
    main                                     0x080007d3   Thumb Code    10  components.o(i.$Sub$$main)
    ADC_ConversionStop                       0x080007dd   Thumb Code   220  stm32g4xx_hal_adc.o(i.ADC_ConversionStop)
    ADC_Disable                              0x080008c1   Thumb Code   106  stm32g4xx_hal_adc.o(i.ADC_Disable)
    ADC_Enable                               0x08000931   Thumb Code   110  stm32g4xx_hal_adc.o(i.ADC_Enable)
    ADC_Get                                  0x080009a5   Thumb Code    72  adc.o(i.ADC_Get)
    BusFault_Handler                         0x080009f5   Thumb Code     2  stm32g4xx_it.o(i.BusFault_Handler)
    DebugMon_Handler                         0x080009f7   Thumb Code     2  stm32g4xx_it.o(i.DebugMon_Handler)
    Error_Handler                            0x080009f9   Thumb Code     4  main.o(i.Error_Handler)
    HAL_ADCEx_MultiModeConfigChannel         0x080009fd   Thumb Code   208  stm32g4xx_hal_adc_ex.o(i.HAL_ADCEx_MultiModeConfigChannel)
    HAL_ADC_ConfigChannel                    0x08000ad5   Thumb Code   998  stm32g4xx_hal_adc.o(i.HAL_ADC_ConfigChannel)
    HAL_ADC_GetValue                         0x08000eed   Thumb Code     6  stm32g4xx_hal_adc.o(i.HAL_ADC_GetValue)
    HAL_ADC_Init                             0x08000ef5   Thumb Code   476  stm32g4xx_hal_adc.o(i.HAL_ADC_Init)
    HAL_ADC_MspInit                          0x080010f1   Thumb Code   210  adc.o(i.HAL_ADC_MspInit)
    HAL_ADC_PollForConversion                0x080011d5   Thumb Code   242  stm32g4xx_hal_adc.o(i.HAL_ADC_PollForConversion)
    HAL_ADC_Start                            0x080012d1   Thumb Code   230  stm32g4xx_hal_adc.o(i.HAL_ADC_Start)
    HAL_ADC_Stop                             0x080013c5   Thumb Code    62  stm32g4xx_hal_adc.o(i.HAL_ADC_Stop)
    HAL_DMA_Abort                            0x08001403   Thumb Code   106  stm32g4xx_hal_dma.o(i.HAL_DMA_Abort)
    HAL_DMA_Abort_IT                         0x0800146d   Thumb Code   120  stm32g4xx_hal_dma.o(i.HAL_DMA_Abort_IT)
    HAL_GPIO_Init                            0x080014e5   Thumb Code   550  stm32g4xx_hal_gpio.o(i.HAL_GPIO_Init)
    HAL_GPIO_ReadPin                         0x0800172d   Thumb Code    10  stm32g4xx_hal_gpio.o(i.HAL_GPIO_ReadPin)
    HAL_GPIO_WritePin                        0x08001737   Thumb Code    10  stm32g4xx_hal_gpio.o(i.HAL_GPIO_WritePin)
    HAL_GetTick                              0x08001741   Thumb Code     6  stm32g4xx_hal.o(i.HAL_GetTick)
    HAL_Init                                 0x0800174d   Thumb Code    30  stm32g4xx_hal.o(i.HAL_Init)
    HAL_InitTick                             0x0800176d   Thumb Code    58  stm32g4xx_hal.o(i.HAL_InitTick)
    HAL_MspInit                              0x080017b1   Thumb Code    42  stm32g4xx_hal_msp.o(i.HAL_MspInit)
    HAL_NVIC_EnableIRQ                       0x080017e1   Thumb Code    26  stm32g4xx_hal_cortex.o(i.HAL_NVIC_EnableIRQ)
    HAL_NVIC_SetPriority                     0x080017fd   Thumb Code    60  stm32g4xx_hal_cortex.o(i.HAL_NVIC_SetPriority)
    HAL_NVIC_SetPriorityGrouping             0x0800183d   Thumb Code    26  stm32g4xx_hal_cortex.o(i.HAL_NVIC_SetPriorityGrouping)
    HAL_PWREx_ControlVoltageScaling          0x08001861   Thumb Code   174  stm32g4xx_hal_pwr_ex.o(i.HAL_PWREx_ControlVoltageScaling)
    HAL_PWREx_DisableUCPDDeadBattery         0x0800191d   Thumb Code    12  stm32g4xx_hal_pwr_ex.o(i.HAL_PWREx_DisableUCPDDeadBattery)
    HAL_RCCEx_PeriphCLKConfig                0x0800192d   Thumb Code   638  stm32g4xx_hal_rcc_ex.o(i.HAL_RCCEx_PeriphCLKConfig)
    HAL_RCC_ClockConfig                      0x08001bb5   Thumb Code   444  stm32g4xx_hal_rcc.o(i.HAL_RCC_ClockConfig)
    HAL_RCC_GetHCLKFreq                      0x08001d91   Thumb Code     6  stm32g4xx_hal_rcc.o(i.HAL_RCC_GetHCLKFreq)
    HAL_RCC_GetPCLK1Freq                     0x08001d9d   Thumb Code    24  stm32g4xx_hal_rcc.o(i.HAL_RCC_GetPCLK1Freq)
    HAL_RCC_GetPCLK2Freq                     0x08001dc1   Thumb Code    24  stm32g4xx_hal_rcc.o(i.HAL_RCC_GetPCLK2Freq)
    HAL_RCC_GetSysClockFreq                  0x08001de5   Thumb Code    98  stm32g4xx_hal_rcc.o(i.HAL_RCC_GetSysClockFreq)
    HAL_RCC_OscConfig                        0x08001e55   Thumb Code  1036  stm32g4xx_hal_rcc.o(i.HAL_RCC_OscConfig)
    HAL_SYSTICK_Config                       0x08002261   Thumb Code    40  stm32g4xx_hal_cortex.o(i.HAL_SYSTICK_Config)
    HAL_TIMEx_Break2Callback                 0x08002289   Thumb Code     2  stm32g4xx_hal_tim_ex.o(i.HAL_TIMEx_Break2Callback)
    HAL_TIMEx_BreakCallback                  0x0800228b   Thumb Code     2  stm32g4xx_hal_tim_ex.o(i.HAL_TIMEx_BreakCallback)
    HAL_TIMEx_CommutCallback                 0x0800228d   Thumb Code     2  stm32g4xx_hal_tim_ex.o(i.HAL_TIMEx_CommutCallback)
    HAL_TIMEx_DirectionChangeCallback        0x0800228f   Thumb Code     2  stm32g4xx_hal_tim_ex.o(i.HAL_TIMEx_DirectionChangeCallback)
    HAL_TIMEx_EncoderIndexCallback           0x08002291   Thumb Code     2  stm32g4xx_hal_tim_ex.o(i.HAL_TIMEx_EncoderIndexCallback)
    HAL_TIMEx_IndexErrorCallback             0x08002293   Thumb Code     2  stm32g4xx_hal_tim_ex.o(i.HAL_TIMEx_IndexErrorCallback)
    HAL_TIMEx_MasterConfigSynchronization    0x08002295   Thumb Code   132  stm32g4xx_hal_tim_ex.o(i.HAL_TIMEx_MasterConfigSynchronization)
    HAL_TIMEx_TransitionErrorCallback        0x08002331   Thumb Code     2  stm32g4xx_hal_tim_ex.o(i.HAL_TIMEx_TransitionErrorCallback)
    HAL_TIM_Base_Init                        0x08002333   Thumb Code    98  stm32g4xx_hal_tim.o(i.HAL_TIM_Base_Init)
    HAL_TIM_Base_MspInit                     0x08002395   Thumb Code    50  tim.o(i.HAL_TIM_Base_MspInit)
    HAL_TIM_IC_CaptureCallback               0x080023d1   Thumb Code     2  stm32g4xx_hal_tim.o(i.HAL_TIM_IC_CaptureCallback)
    HAL_TIM_IRQHandler                       0x080023d3   Thumb Code   508  stm32g4xx_hal_tim.o(i.HAL_TIM_IRQHandler)
    HAL_TIM_OC_DelayElapsedCallback          0x080025cf   Thumb Code     2  stm32g4xx_hal_tim.o(i.HAL_TIM_OC_DelayElapsedCallback)
    HAL_TIM_PWM_PulseFinishedCallback        0x080025d1   Thumb Code     2  stm32g4xx_hal_tim.o(i.HAL_TIM_PWM_PulseFinishedCallback)
    HAL_TIM_PeriodElapsedCallback            0x080025d3   Thumb Code     2  stm32g4xx_hal_tim.o(i.HAL_TIM_PeriodElapsedCallback)
    HAL_TIM_TriggerCallback                  0x080025d5   Thumb Code     2  stm32g4xx_hal_tim.o(i.HAL_TIM_TriggerCallback)
    HAL_UARTEx_DisableFifoMode               0x080025d7   Thumb Code    62  stm32g4xx_hal_uart_ex.o(i.HAL_UARTEx_DisableFifoMode)
    HAL_UARTEx_RxEventCallback               0x08002615   Thumb Code     2  stm32g4xx_hal_uart.o(i.HAL_UARTEx_RxEventCallback)
    HAL_UARTEx_RxFifoFullCallback            0x08002617   Thumb Code     2  stm32g4xx_hal_uart_ex.o(i.HAL_UARTEx_RxFifoFullCallback)
    HAL_UARTEx_SetRxFifoThreshold            0x08002619   Thumb Code    76  stm32g4xx_hal_uart_ex.o(i.HAL_UARTEx_SetRxFifoThreshold)
    HAL_UARTEx_SetTxFifoThreshold            0x08002665   Thumb Code    76  stm32g4xx_hal_uart_ex.o(i.HAL_UARTEx_SetTxFifoThreshold)
    HAL_UARTEx_TxFifoEmptyCallback           0x080026b1   Thumb Code     2  stm32g4xx_hal_uart_ex.o(i.HAL_UARTEx_TxFifoEmptyCallback)
    HAL_UARTEx_WakeupCallback                0x080026b3   Thumb Code     2  stm32g4xx_hal_uart_ex.o(i.HAL_UARTEx_WakeupCallback)
    HAL_UART_ErrorCallback                   0x080026b5   Thumb Code     2  stm32g4xx_hal_uart.o(i.HAL_UART_ErrorCallback)
    HAL_UART_IRQHandler                      0x080026b9   Thumb Code   722  stm32g4xx_hal_uart.o(i.HAL_UART_IRQHandler)
    HAL_UART_Init                            0x08002999   Thumb Code   106  stm32g4xx_hal_uart.o(i.HAL_UART_Init)
    HAL_UART_MspInit                         0x08002a05   Thumb Code   132  usart.o(i.HAL_UART_MspInit)
    HAL_UART_Transmit                        0x08002a91   Thumb Code   188  stm32g4xx_hal_uart.o(i.HAL_UART_Transmit)
    HAL_UART_TxCpltCallback                  0x08002b4d   Thumb Code     2  stm32g4xx_hal_uart.o(i.HAL_UART_TxCpltCallback)
    LED_Close                                0x08002c55   Thumb Code    40  main.o(i.LED_Close)
    LED_OFF                                  0x08002c85   Thumb Code    60  main.o(i.LED_OFF)
    LED_ON                                   0x08002ccd   Thumb Code    58  main.o(i.LED_ON)
    MX_ADC1_Init                             0x08002ddd   Thumb Code   138  adc.o(i.MX_ADC1_Init)
    MX_ADC2_Init                             0x08002e71   Thumb Code   112  adc.o(i.MX_ADC2_Init)
    MX_GPIO_Init                             0x08002eed   Thumb Code   232  gpio.o(i.MX_GPIO_Init)
    MX_TIM6_Init                             0x08002fe5   Thumb Code    62  tim.o(i.MX_TIM6_Init)
    MX_USART1_UART_Init                      0x0800302d   Thumb Code    94  usart.o(i.MX_USART1_UART_Init)
    MemManage_Handler                        0x08003095   Thumb Code     2  stm32g4xx_it.o(i.MemManage_Handler)
    NMI_Handler                              0x08003097   Thumb Code     2  stm32g4xx_it.o(i.NMI_Handler)
    SysTick_Handler                          0x08003099   Thumb Code    18  board.o(i.SysTick_Handler)
    SystemClock_Config                       0x080030ab   Thumb Code   102  main.o(i.SystemClock_Config)
    SystemCoreClockUpdate                    0x08003111   Thumb Code   108  system_stm32g4xx.o(i.SystemCoreClockUpdate)
    SystemInit                               0x08003191   Thumb Code    12  system_stm32g4xx.o(i.SystemInit)
    TIM6_DAC_IRQHandler                      0x080031a1   Thumb Code     6  stm32g4xx_it.o(i.TIM6_DAC_IRQHandler)
    TIM_Base_SetConfig                       0x080031ad   Thumb Code   146  stm32g4xx_hal_tim.o(i.TIM_Base_SetConfig)
    UART_AdvFeatureConfig                    0x080032a1   Thumb Code   200  stm32g4xx_hal_uart.o(i.UART_AdvFeatureConfig)
    UART_CheckIdleState                      0x08003369   Thumb Code    96  stm32g4xx_hal_uart.o(i.UART_CheckIdleState)
    UART_SetConfig                           0x08003431   Thumb Code   582  stm32g4xx_hal_uart.o(i.UART_SetConfig)
    UART_WaitOnFlagUntilTimeout              0x080036a5   Thumb Code   198  stm32g4xx_hal_uart.o(i.UART_WaitOnFlagUntilTimeout)
    USART1_IRQHandler                        0x0800376d   Thumb Code     6  stm32g4xx_it.o(i.USART1_IRQHandler)
    UsageFault_Handler                       0x08003779   Thumb Code     2  stm32g4xx_it.o(i.UsageFault_Handler)
    __rt_ffs                                 0x0800379d   Thumb Code    64  kservice.o(i.__rt_ffs)
    cmd_free                                 0x08003a19   Thumb Code    10  msh.o(i.cmd_free)
    cmd_ps                                   0x08003a23   Thumb Code    10  msh.o(i.cmd_ps)
    finsh_get_prompt                         0x08003a2d   Thumb Code    66  shell.o(i.finsh_get_prompt)
    finsh_set_prompt_mode                    0x08003a8d   Thumb Code    16  shell.o(i.finsh_set_prompt_mode)
    finsh_system_function_init               0x08003aa1   Thumb Code     8  shell.o(i.finsh_system_function_init)
    finsh_system_init                        0x08003aad   Thumb Code    90  shell.o(i.finsh_system_init)
    finsh_thread_entry                       0x08003b41   Thumb Code   612  shell.o(i.finsh_thread_entry)
    hello                                    0x08003e45   Thumb Code    12  cmd.o(i.hello)
    list                                     0x08003efd   Thumb Code    50  cmd.o(i.list)
    list_event                               0x08003f61   Thumb Code   184  cmd.o(i.list_event)
    list_mailbox                             0x0800411d   Thumb Code   200  cmd.o(i.list_mailbox)
    list_mem                                 0x08004261   Thumb Code    32  mem.o(i.list_mem)
    list_msgqueue                            0x080042cd   Thumb Code   188  cmd.o(i.list_msgqueue)
    list_mutex                               0x080043f5   Thumb Code   146  cmd.o(i.list_mutex)
    list_sem                                 0x080044ed   Thumb Code   188  cmd.o(i.list_sem)
    list_thread                              0x08004609   Thumb Code   250  cmd.o(i.list_thread)
    list_timer                               0x080047c1   Thumb Code   160  cmd.o(i.list_timer)
    $Super$$main                             0x08004901   Thumb Code   204  main.o(i.main)
    main_thread_entry                        0x08004a3d   Thumb Code    14  components.o(i.main_thread_entry)
    msh_auto_complete                        0x08004b25   Thumb Code   150  msh.o(i.msh_auto_complete)
    msh_exec                                 0x08004bd1   Thumb Code    74  msh.o(i.msh_exec)
    msh_help                                 0x08004c35   Thumb Code    58  msh.o(i.msh_help)
    msh_is_used                              0x08004cad   Thumb Code     4  msh.o(i.msh_is_used)
    rt_application_init                      0x08004f1d   Thumb Code    32  components.o(i.rt_application_init)
    rt_calloc                                0x08004f49   Thumb Code    26  mem.o(i.rt_calloc)
    rt_components_board_init                 0x08004f65   Thumb Code    20  components.o(i.rt_components_board_init)
    rt_components_init                       0x08004f81   Thumb Code    20  components.o(i.rt_components_init)
    rt_enter_critical                        0x08004f9d   Thumb Code    22  scheduler.o(i.rt_enter_critical)
    rt_event_create                          0x08004fb9   Thumb Code    32  ipc.o(i.rt_event_create)
    rt_event_recv                            0x08004fd9   Thumb Code   208  ipc.o(i.rt_event_recv)
    rt_event_send                            0x080050a9   Thumb Code   146  ipc.o(i.rt_event_send)
    rt_exit_critical                         0x0800513d   Thumb Code    52  scheduler.o(i.rt_exit_critical)
    rt_free                                  0x08005175   Thumb Code   112  mem.o(i.rt_free)
    rt_heap_begin_get                        0x08005239   Thumb Code     4  board.o(i.rt_heap_begin_get)
    rt_heap_end_get                          0x08005241   Thumb Code     4  board.o(i.rt_heap_end_get)
    rt_hw_board_init                         0x08005249   Thumb Code    54  board.o(i.rt_hw_board_init)
    rt_hw_console_getchar                    0x08005281   Thumb Code    34  board.o(i.rt_hw_console_getchar)
    rt_hw_console_output                     0x080052a9   Thumb Code    66  board.o(i.rt_hw_console_output)
    rt_hw_hard_fault_exception               0x080052f1   Thumb Code   198  cpuport.o(i.rt_hw_hard_fault_exception)
    rt_hw_stack_init                         0x08005509   Thumb Code    54  cpuport.o(i.rt_hw_stack_init)
    rt_interrupt_enter                       0x08005545   Thumb Code    22  irq.o(i.rt_interrupt_enter)
    rt_interrupt_leave                       0x08005561   Thumb Code    22  irq.o(i.rt_interrupt_leave)
    rt_kprintf                               0x080055e1   Thumb Code    28  kservice.o(i.rt_kprintf)
    rt_malloc                                0x08005681   Thumb Code   232  mem.o(i.rt_malloc)
    rt_memcpy                                0x08005771   Thumb Code    74  kservice.o(i.rt_memcpy)
    rt_memmove                               0x080057bd   Thumb Code    50  kservice.o(i.rt_memmove)
    rt_memset                                0x080057f1   Thumb Code    70  kservice.o(i.rt_memset)
    rt_mq_create                             0x08005837   Thumb Code   120  ipc.o(i.rt_mq_create)
    rt_mq_recv                               0x080058b1   Thumb Code   274  ipc.o(i.rt_mq_recv)
    rt_mq_send                               0x080059c3   Thumb Code     6  ipc.o(i.rt_mq_send)
    rt_mq_send_wait                          0x080059c9   Thumb Code   280  ipc.o(i.rt_mq_send_wait)
    rt_mutex_create                          0x08005ae1   Thumb Code    42  ipc.o(i.rt_mutex_create)
    rt_mutex_take                            0x08005b0b   Thumb Code   188  ipc.o(i.rt_mutex_take)
    rt_object_allocate                       0x08005bc7   Thumb Code    80  object.o(i.rt_object_allocate)
    rt_object_delete                         0x08005c17   Thumb Code    38  object.o(i.rt_object_delete)
    rt_object_detach                         0x08005c3d   Thumb Code    32  object.o(i.rt_object_detach)
    rt_object_get_information                0x08005c5d   Thumb Code    30  object.o(i.rt_object_get_information)
    rt_object_init                           0x08005c81   Thumb Code    80  object.o(i.rt_object_init)
    rt_object_is_systemobject                0x08005cd1   Thumb Code    14  object.o(i.rt_object_is_systemobject)
    rt_schedule                              0x08005ce1   Thumb Code    76  scheduler.o(i.rt_schedule)
    rt_schedule_insert_thread                0x08005d39   Thumb Code    70  scheduler.o(i.rt_schedule_insert_thread)
    rt_schedule_remove_thread                0x08005d89   Thumb Code    64  scheduler.o(i.rt_schedule_remove_thread)
    rt_sem_init                              0x08005dd1   Thumb Code    36  ipc.o(i.rt_sem_init)
    rt_sem_release                           0x08005df5   Thumb Code    72  ipc.o(i.rt_sem_release)
    rt_sem_take                              0x08005e3d   Thumb Code   110  ipc.o(i.rt_sem_take)
    rt_show_version                          0x08005ead   Thumb Code    40  kservice.o(i.rt_show_version)
    rt_soft_timer_check                      0x08005f5d   Thumb Code   152  timer.o(i.rt_soft_timer_check)
    rt_strlen                                0x08005ff9   Thumb Code    16  kservice.o(i.rt_strlen)
    rt_strncpy                               0x08006009   Thumb Code    38  kservice.o(i.rt_strncpy)
    rt_system_heap_init                      0x08006031   Thumb Code    96  mem.o(i.rt_system_heap_init)
    rt_system_scheduler_init                 0x080060dd   Thumb Code    44  scheduler.o(i.rt_system_scheduler_init)
    rt_system_scheduler_start                0x08006111   Thumb Code    32  scheduler.o(i.rt_system_scheduler_start)
    rt_system_timer_init                     0x08006139   Thumb Code     8  timer.o(i.rt_system_timer_init)
    rt_system_timer_thread_init              0x08006145   Thumb Code    46  timer.o(i.rt_system_timer_thread_init)
    rt_thread_control                        0x08006189   Thumb Code   118  thread.o(i.rt_thread_control)
    rt_thread_create                         0x080061ff   Thumb Code    72  thread.o(i.rt_thread_create)
    rt_thread_delay                          0x08006247   Thumb Code     4  thread.o(i.rt_thread_delay)
    rt_thread_delete                         0x0800624d   Thumb Code    72  thread.o(i.rt_thread_delete)
    rt_thread_detach                         0x08006299   Thumb Code    90  thread.o(i.rt_thread_detach)
    rt_thread_exit                           0x080062f9   Thumb Code    82  thread.o(i.rt_thread_exit)
    rt_thread_idle_excute                    0x0800635d   Thumb Code    70  idle.o(i.rt_thread_idle_excute)
    rt_thread_idle_init                      0x080063a9   Thumb Code    40  idle.o(i.rt_thread_idle_init)
    rt_thread_init                           0x080063e1   Thumb Code    48  thread.o(i.rt_thread_init)
    rt_thread_mdelay                         0x08006411   Thumb Code    14  thread.o(i.rt_thread_mdelay)
    rt_thread_resume                         0x0800641f   Thumb Code    60  thread.o(i.rt_thread_resume)
    rt_thread_self                           0x0800645d   Thumb Code     6  thread.o(i.rt_thread_self)
    rt_thread_sleep                          0x08006469   Thumb Code    60  thread.o(i.rt_thread_sleep)
    rt_thread_startup                        0x080064a9   Thumb Code    40  thread.o(i.rt_thread_startup)
    rt_thread_suspend                        0x080064d5   Thumb Code    66  thread.o(i.rt_thread_suspend)
    rt_thread_timeout                        0x08006517   Thumb Code    32  thread.o(i.rt_thread_timeout)
    rt_thread_yield                          0x08006571   Thumb Code    86  thread.o(i.rt_thread_yield)
    rt_tick_from_millisecond                 0x080065d1   Thumb Code    50  clock.o(i.rt_tick_from_millisecond)
    rt_tick_get                              0x08006605   Thumb Code     6  clock.o(i.rt_tick_get)
    rt_tick_increase                         0x08006611   Thumb Code    38  clock.o(i.rt_tick_increase)
    rt_timer_check                           0x0800663d   Thumb Code   136  timer.o(i.rt_timer_check)
    rt_timer_control                         0x080066c9   Thumb Code    72  timer.o(i.rt_timer_control)
    rt_timer_create                          0x08006711   Thumb Code    46  timer.o(i.rt_timer_create)
    rt_timer_detach                          0x0800673f   Thumb Code    40  timer.o(i.rt_timer_detach)
    rt_timer_init                            0x08006767   Thumb Code    40  timer.o(i.rt_timer_init)
    rt_timer_start                           0x080067ad   Thumb Code   174  timer.o(i.rt_timer_start)
    rt_timer_stop                            0x08006865   Thumb Code    46  timer.o(i.rt_timer_stop)
    rt_vsnprintf                             0x08006895   Thumb Code   634  kservice.o(i.rt_vsnprintf)
    rtthread_startup                         0x08006b29   Thumb Code    42  components.o(i.rtthread_startup)
    version                                  0x08006dc9   Thumb Code    10  cmd.o(i.version)
    _fp_init                                 0x08006dd3   Thumb Code    10  fpinit.o(x$fpl$fpinit)
    __fplib_config_fpu_vfp                   0x08006ddb   Thumb Code     0  fpinit.o(x$fpl$fpinit)
    __fplib_config_pureend_doubles           0x08006ddb   Thumb Code     0  fpinit.o(x$fpl$fpinit)
    UARTPrescTable                           0x08006ddc   Data          24  stm32g4xx_hal_uart.o(.constdata)
    AHBPrescTable                            0x08006e04   Data          16  system_stm32g4xx.o(.constdata)
    APBPrescTable                            0x08006e14   Data           8  system_stm32g4xx.o(.constdata)
    __lowest_bit_bitmap                      0x08006e1c   Data         256  kservice.o(.constdata)
    __fsym_list_mem_name                     0x08006f84   Data           9  mem.o(.rodata.name)
    __fsym_list_mem_desc                     0x08006f8d   Data          30  mem.o(.rodata.name)
    __fsym_hello_name                        0x08006fab   Data           6  cmd.o(.rodata.name)
    __fsym_hello_desc                        0x08006fb1   Data          16  cmd.o(.rodata.name)
    __fsym_version_name                      0x08006fc1   Data           8  cmd.o(.rodata.name)
    __fsym_version_desc                      0x08006fc9   Data          35  cmd.o(.rodata.name)
    __fsym___cmd_version_name                0x08006fec   Data          14  cmd.o(.rodata.name)
    __fsym___cmd_version_desc                0x08006ffa   Data          35  cmd.o(.rodata.name)
    __fsym_list_thread_name                  0x0800701d   Data          12  cmd.o(.rodata.name)
    __fsym_list_thread_desc                  0x08007029   Data          12  cmd.o(.rodata.name)
    __fsym___cmd_list_thread_name            0x08007035   Data          18  cmd.o(.rodata.name)
    __fsym___cmd_list_thread_desc            0x08007047   Data          12  cmd.o(.rodata.name)
    __fsym_list_sem_name                     0x08007053   Data           9  cmd.o(.rodata.name)
    __fsym_list_sem_desc                     0x0800705c   Data          25  cmd.o(.rodata.name)
    __fsym___cmd_list_sem_name               0x08007075   Data          15  cmd.o(.rodata.name)
    __fsym___cmd_list_sem_desc               0x08007084   Data          25  cmd.o(.rodata.name)
    __fsym_list_event_name                   0x0800709d   Data          11  cmd.o(.rodata.name)
    __fsym_list_event_desc                   0x080070a8   Data          21  cmd.o(.rodata.name)
    __fsym___cmd_list_event_name             0x080070bd   Data          17  cmd.o(.rodata.name)
    __fsym___cmd_list_event_desc             0x080070ce   Data          21  cmd.o(.rodata.name)
    __fsym_list_mutex_name                   0x080070e3   Data          11  cmd.o(.rodata.name)
    __fsym_list_mutex_desc                   0x080070ee   Data          21  cmd.o(.rodata.name)
    __fsym___cmd_list_mutex_name             0x08007103   Data          17  cmd.o(.rodata.name)
    __fsym___cmd_list_mutex_desc             0x08007114   Data          21  cmd.o(.rodata.name)
    __fsym_list_mailbox_name                 0x08007129   Data          13  cmd.o(.rodata.name)
    __fsym_list_mailbox_desc                 0x08007136   Data          24  cmd.o(.rodata.name)
    __fsym___cmd_list_mailbox_name           0x0800714e   Data          19  cmd.o(.rodata.name)
    __fsym___cmd_list_mailbox_desc           0x08007161   Data          24  cmd.o(.rodata.name)
    __fsym_list_msgqueue_name                0x08007179   Data          14  cmd.o(.rodata.name)
    __fsym_list_msgqueue_desc                0x08007187   Data          29  cmd.o(.rodata.name)
    __fsym___cmd_list_msgqueue_name          0x080071a4   Data          20  cmd.o(.rodata.name)
    __fsym___cmd_list_msgqueue_desc          0x080071b8   Data          29  cmd.o(.rodata.name)
    __fsym_list_timer_name                   0x080071d5   Data          11  cmd.o(.rodata.name)
    __fsym_list_timer_desc                   0x080071e0   Data          21  cmd.o(.rodata.name)
    __fsym___cmd_list_timer_name             0x080071f5   Data          17  cmd.o(.rodata.name)
    __fsym___cmd_list_timer_desc             0x08007206   Data          21  cmd.o(.rodata.name)
    __fsym_list_name                         0x0800721b   Data           5  cmd.o(.rodata.name)
    __fsym_list_desc                         0x08007220   Data          26  cmd.o(.rodata.name)
    __fsym___cmd_help_name                   0x0800723a   Data          11  msh.o(.rodata.name)
    __fsym___cmd_help_desc                   0x08007245   Data          22  msh.o(.rodata.name)
    __fsym___cmd_ps_name                     0x0800725b   Data           9  msh.o(.rodata.name)
    __fsym___cmd_ps_desc                     0x08007264   Data          28  msh.o(.rodata.name)
    __fsym___cmd_free_name                   0x08007280   Data          11  msh.o(.rodata.name)
    __fsym___cmd_free_desc                   0x0800728b   Data          37  msh.o(.rodata.name)
    __rt_init_rti_start                      0x080072b0   Data           4  components.o(.rti_fn.0)
    __rt_init_rti_board_start                0x080072b4   Data           4  components.o(.rti_fn.0.end)
    __rt_init_uart_init                      0x080072b8   Data           4  board.o(.rti_fn.1)
    __rt_init_rti_board_end                  0x080072bc   Data           4  components.o(.rti_fn.1.end)
    __rt_init_finsh_system_init              0x080072c0   Data           4  shell.o(.rti_fn.6)
    __rt_init_rti_end                        0x080072c4   Data           4  components.o(.rti_fn.6.end)
    FSymTab$$Base                            0x080072c8   Number         0  mem.o(FSymTab)
    __fsym_list_mem                          0x080072c8   Data          12  mem.o(FSymTab)
    __fsym_hello                             0x080072d4   Data          12  cmd.o(FSymTab)
    __fsym_version                           0x080072e0   Data          12  cmd.o(FSymTab)
    __fsym___cmd_version                     0x080072ec   Data          12  cmd.o(FSymTab)
    __fsym_list_thread                       0x080072f8   Data          12  cmd.o(FSymTab)
    __fsym___cmd_list_thread                 0x08007304   Data          12  cmd.o(FSymTab)
    __fsym_list_sem                          0x08007310   Data          12  cmd.o(FSymTab)
    __fsym___cmd_list_sem                    0x0800731c   Data          12  cmd.o(FSymTab)
    __fsym_list_event                        0x08007328   Data          12  cmd.o(FSymTab)
    __fsym___cmd_list_event                  0x08007334   Data          12  cmd.o(FSymTab)
    __fsym_list_mutex                        0x08007340   Data          12  cmd.o(FSymTab)
    __fsym___cmd_list_mutex                  0x0800734c   Data          12  cmd.o(FSymTab)
    __fsym_list_mailbox                      0x08007358   Data          12  cmd.o(FSymTab)
    __fsym___cmd_list_mailbox                0x08007364   Data          12  cmd.o(FSymTab)
    __fsym_list_msgqueue                     0x08007370   Data          12  cmd.o(FSymTab)
    __fsym___cmd_list_msgqueue               0x0800737c   Data          12  cmd.o(FSymTab)
    __fsym_list_timer                        0x08007388   Data          12  cmd.o(FSymTab)
    __fsym___cmd_list_timer                  0x08007394   Data          12  cmd.o(FSymTab)
    __fsym_list                              0x080073a0   Data          12  cmd.o(FSymTab)
    __fsym___cmd_help                        0x080073ac   Data          12  msh.o(FSymTab)
    __fsym___cmd_ps                          0x080073b8   Data          12  msh.o(FSymTab)
    __fsym___cmd_free                        0x080073c4   Data          12  msh.o(FSymTab)
    FSymTab$$Limit                           0x080073d0   Number         0  msh.o(FSymTab)
    Region$$Table$$Base                      0x080073d0   Number         0  anon$$obj.o(Region$$Table)
    Region$$Table$$Limit                     0x080073f0   Number         0  anon$$obj.o(Region$$Table)
    keystart                                 0x20000000   Data           1  main.o(.data)
    show                                     0x20000001   Data           1  main.o(.data)
    LED_ALL                                  0x20000002   Data           2  main.o(.data)
    key_press_time                           0x20000004   Data           4  main.o(.data)
    R37_Vol                                  0x20000028   Data           2  adc.o(.data)
    R38_Vol                                  0x2000002a   Data           2  adc.o(.data)
    uwTickPrio                               0x20000030   Data           4  stm32g4xx_hal.o(.data)
    uwTickFreq                               0x20000034   Data           4  stm32g4xx_hal.o(.data)
    uwTick                                   0x20000038   Data           4  stm32g4xx_hal.o(.data)
    SystemCoreClock                          0x2000003c   Data           4  system_stm32g4xx.o(.data)
    rt_interrupt_nest                        0x20000044   Data           1  irq.o(.data)
    rt_current_priority                      0x200000d0   Data           1  scheduler.o(.data)
    rt_current_thread                        0x200000d4   Data           4  scheduler.o(.data)
    rt_thread_ready_priority_group           0x200000d8   Data           4  scheduler.o(.data)
    rt_thread_defunct                        0x200000dc   Data           8  scheduler.o(.data)
    rt_interrupt_from_thread                 0x20000100   Data           4  cpuport.o(.data)
    rt_interrupt_to_thread                   0x20000104   Data           4  cpuport.o(.data)
    rt_thread_switch_interrupt_flag          0x20000108   Data           4  cpuport.o(.data)
    _syscall_table_begin                     0x2000010c   Data           4  shell.o(.data)
    _syscall_table_end                       0x20000110   Data           4  shell.o(.data)
    _sysvar_table_begin                      0x20000114   Data           4  shell.o(.data)
    _sysvar_table_end                        0x20000118   Data           4  shell.o(.data)
    shell                                    0x20000120   Data           4  shell.o(.data)
    hadc1                                    0x20000124   Data         108  adc.o(.bss)
    hadc2                                    0x20000190   Data         108  adc.o(.bss)
    htim6                                    0x200001fc   Data          76  tim.o(.bss)
    huart1                                   0x20000248   Data         144  usart.o(.bss)
    rt_thread_priority_table                 0x200004f8   Data         256  scheduler.o(.bss)
    __libspace_start                         0x2000458c   Data          96  libspace.o(.bss)
    __temporary_stack_top$libspace           0x200045ec   Data           0  libspace.o(.bss)



==============================================================================

Memory Map of the image

  Image Entry point : 0x080001d9

  Load Region LR_IROM1 (Base: 0x08000000, Size: 0x00007514, Max: 0x00020000, ABSOLUTE)

    Execution Region ER_IROM1 (Exec base: 0x08000000, Load base: 0x08000000, Size: 0x000073f0, Max: 0x00020000, ABSOLUTE)

    Exec Addr    Load Addr    Size         Type   Attr      Idx    E Section Name        Object

    0x08000000   0x08000000   0x000001d8   Data   RO            3    RESET               startup_stm32g431xx.o
    0x080001d8   0x080001d8   0x00000008   Code   RO         5887  * !!!main             c_w.l(__main.o)
    0x080001e0   0x080001e0   0x00000034   Code   RO         6056    !!!scatter          c_w.l(__scatter.o)
    0x08000214   0x08000214   0x0000001a   Code   RO         6058    !!handler_copy      c_w.l(__scatter_copy.o)
    0x0800022e   0x0800022e   0x00000002   PAD
    0x08000230   0x08000230   0x0000001c   Code   RO         6060    !!handler_zi        c_w.l(__scatter_zi.o)
    0x0800024c   0x0800024c   0x00000002   Code   RO         5924    .ARM.Collect$$libinit$$00000000  c_w.l(libinit.o)
    0x0800024e   0x0800024e   0x00000004   Code   RO         5936    .ARM.Collect$$libinit$$00000001  c_w.l(libinit2.o)
    0x08000252   0x08000252   0x00000000   Code   RO         5939    .ARM.Collect$$libinit$$00000004  c_w.l(libinit2.o)
    0x08000252   0x08000252   0x00000000   Code   RO         5942    .ARM.Collect$$libinit$$0000000A  c_w.l(libinit2.o)
    0x08000252   0x08000252   0x00000000   Code   RO         5944    .ARM.Collect$$libinit$$0000000C  c_w.l(libinit2.o)
    0x08000252   0x08000252   0x00000000   Code   RO         5946    .ARM.Collect$$libinit$$0000000E  c_w.l(libinit2.o)
    0x08000252   0x08000252   0x00000000   Code   RO         5949    .ARM.Collect$$libinit$$00000011  c_w.l(libinit2.o)
    0x08000252   0x08000252   0x00000000   Code   RO         5951    .ARM.Collect$$libinit$$00000013  c_w.l(libinit2.o)
    0x08000252   0x08000252   0x00000000   Code   RO         5953    .ARM.Collect$$libinit$$00000015  c_w.l(libinit2.o)
    0x08000252   0x08000252   0x00000000   Code   RO         5955    .ARM.Collect$$libinit$$00000017  c_w.l(libinit2.o)
    0x08000252   0x08000252   0x00000000   Code   RO         5957    .ARM.Collect$$libinit$$00000019  c_w.l(libinit2.o)
    0x08000252   0x08000252   0x00000000   Code   RO         5959    .ARM.Collect$$libinit$$0000001B  c_w.l(libinit2.o)
    0x08000252   0x08000252   0x00000000   Code   RO         5961    .ARM.Collect$$libinit$$0000001D  c_w.l(libinit2.o)
    0x08000252   0x08000252   0x00000000   Code   RO         5963    .ARM.Collect$$libinit$$0000001F  c_w.l(libinit2.o)
    0x08000252   0x08000252   0x00000000   Code   RO         5965    .ARM.Collect$$libinit$$00000021  c_w.l(libinit2.o)
    0x08000252   0x08000252   0x00000000   Code   RO         5967    .ARM.Collect$$libinit$$00000023  c_w.l(libinit2.o)
    0x08000252   0x08000252   0x00000000   Code   RO         5969    .ARM.Collect$$libinit$$00000025  c_w.l(libinit2.o)
    0x08000252   0x08000252   0x00000000   Code   RO         5973    .ARM.Collect$$libinit$$0000002C  c_w.l(libinit2.o)
    0x08000252   0x08000252   0x00000000   Code   RO         5975    .ARM.Collect$$libinit$$0000002E  c_w.l(libinit2.o)
    0x08000252   0x08000252   0x00000000   Code   RO         5977    .ARM.Collect$$libinit$$00000030  c_w.l(libinit2.o)
    0x08000252   0x08000252   0x00000000   Code   RO         5979    .ARM.Collect$$libinit$$00000032  c_w.l(libinit2.o)
    0x08000252   0x08000252   0x00000002   Code   RO         5980    .ARM.Collect$$libinit$$00000033  c_w.l(libinit2.o)
    0x08000254   0x08000254   0x00000002   Code   RO         6011    .ARM.Collect$$libshutdown$$00000000  c_w.l(libshutdown.o)
    0x08000256   0x08000256   0x00000000   Code   RO         6037    .ARM.Collect$$libshutdown$$00000002  c_w.l(libshutdown2.o)
    0x08000256   0x08000256   0x00000000   Code   RO         6039    .ARM.Collect$$libshutdown$$00000004  c_w.l(libshutdown2.o)
    0x08000256   0x08000256   0x00000000   Code   RO         6041    .ARM.Collect$$libshutdown$$00000006  c_w.l(libshutdown2.o)
    0x08000256   0x08000256   0x00000000   Code   RO         6044    .ARM.Collect$$libshutdown$$00000009  c_w.l(libshutdown2.o)
    0x08000256   0x08000256   0x00000000   Code   RO         6047    .ARM.Collect$$libshutdown$$0000000C  c_w.l(libshutdown2.o)
    0x08000256   0x08000256   0x00000000   Code   RO         6049    .ARM.Collect$$libshutdown$$0000000E  c_w.l(libshutdown2.o)
    0x08000256   0x08000256   0x00000000   Code   RO         6052    .ARM.Collect$$libshutdown$$00000011  c_w.l(libshutdown2.o)
    0x08000256   0x08000256   0x00000002   Code   RO         6053    .ARM.Collect$$libshutdown$$00000012  c_w.l(libshutdown2.o)
    0x08000258   0x08000258   0x00000000   Code   RO         5889    .ARM.Collect$$rtentry$$00000000  c_w.l(__rtentry.o)
    0x08000258   0x08000258   0x00000000   Code   RO         5895    .ARM.Collect$$rtentry$$00000002  c_w.l(__rtentry2.o)
    0x08000258   0x08000258   0x00000006   Code   RO         5907    .ARM.Collect$$rtentry$$00000004  c_w.l(__rtentry4.o)
    0x0800025e   0x0800025e   0x00000000   Code   RO         5897    .ARM.Collect$$rtentry$$00000009  c_w.l(__rtentry2.o)
    0x0800025e   0x0800025e   0x00000004   Code   RO         5898    .ARM.Collect$$rtentry$$0000000A  c_w.l(__rtentry2.o)
    0x08000262   0x08000262   0x00000000   Code   RO         5900    .ARM.Collect$$rtentry$$0000000C  c_w.l(__rtentry2.o)
    0x08000262   0x08000262   0x00000008   Code   RO         5901    .ARM.Collect$$rtentry$$0000000D  c_w.l(__rtentry2.o)
    0x0800026a   0x0800026a   0x00000002   Code   RO         5928    .ARM.Collect$$rtexit$$00000000  c_w.l(rtexit.o)
    0x0800026c   0x0800026c   0x00000000   Code   RO         5984    .ARM.Collect$$rtexit$$00000002  c_w.l(rtexit2.o)
    0x0800026c   0x0800026c   0x00000004   Code   RO         5985    .ARM.Collect$$rtexit$$00000003  c_w.l(rtexit2.o)
    0x08000270   0x08000270   0x00000006   Code   RO         5986    .ARM.Collect$$rtexit$$00000004  c_w.l(rtexit2.o)
    0x08000276   0x08000276   0x00000002   PAD
    0x08000278   0x08000278   0x00000040   Code   RO            4    .text               startup_stm32g431xx.o
    0x080002b8   0x080002b8   0x00000134   Code   RO         4344    .text               context_rvds.o
    0x080003ec   0x080003ec   0x000000ee   Code   RO         5867    .text               c_w.l(lludivv7m.o)
    0x080004da   0x080004da   0x00000048   Code   RO         5869    .text               c_w.l(strcpy.o)
    0x08000522   0x08000522   0x0000003e   Code   RO         5871    .text               c_w.l(strlen.o)
    0x08000560   0x08000560   0x00000096   Code   RO         5873    .text               c_w.l(strncmp.o)
    0x080005f6   0x080005f6   0x00000018   Code   RO         5875    .text               c_w.l(strcat.o)
    0x0800060e   0x0800060e   0x00000064   Code   RO         5877    .text               c_w.l(rt_memcpy_w.o)
    0x08000672   0x08000672   0x00000044   Code   RO         5879    .text               c_w.l(rt_memclr.o)
    0x080006b6   0x080006b6   0x0000004e   Code   RO         5881    .text               c_w.l(rt_memclr_w.o)
    0x08000704   0x08000704   0x00000056   Code   RO         5883    .text               c_w.l(strncpy.o)
    0x0800075a   0x0800075a   0x00000006   Code   RO         5885    .text               c_w.l(heapauxi.o)
    0x08000760   0x08000760   0x0000004a   Code   RO         5911    .text               c_w.l(sys_stackheap_outer.o)
    0x080007aa   0x080007aa   0x00000012   Code   RO         5913    .text               c_w.l(exit.o)
    0x080007bc   0x080007bc   0x00000008   Code   RO         5925    .text               c_w.l(libspace.o)
    0x080007c4   0x080007c4   0x0000000c   Code   RO         5981    .text               c_w.l(sys_exit.o)
    0x080007d0   0x080007d0   0x00000002   Code   RO         6000    .text               c_w.l(use_no_semi.o)
    0x080007d2   0x080007d2   0x00000000   Code   RO         6002    .text               c_w.l(indicate_semi.o)
    0x080007d2   0x080007d2   0x0000000a   Code   RO         4389    i.$Sub$$main        components.o
    0x080007dc   0x080007dc   0x000000e4   Code   RO          710    i.ADC_ConversionStop  stm32g4xx_hal_adc.o
    0x080008c0   0x080008c0   0x00000070   Code   RO          714    i.ADC_Disable       stm32g4xx_hal_adc.o
    0x08000930   0x08000930   0x00000074   Code   RO          715    i.ADC_Enable        stm32g4xx_hal_adc.o
    0x080009a4   0x080009a4   0x00000050   Code   RO          483    i.ADC_Get           adc.o
    0x080009f4   0x080009f4   0x00000002   Code   RO          622    i.BusFault_Handler  stm32g4xx_it.o
    0x080009f6   0x080009f6   0x00000002   Code   RO          623    i.DebugMon_Handler  stm32g4xx_it.o
    0x080009f8   0x080009f8   0x00000004   Code   RO          333    i.Error_Handler     main.o
    0x080009fc   0x080009fc   0x000000d8   Code   RO          965    i.HAL_ADCEx_MultiModeConfigChannel  stm32g4xx_hal_adc_ex.o
    0x08000ad4   0x08000ad4   0x00000418   Code   RO          717    i.HAL_ADC_ConfigChannel  stm32g4xx_hal_adc.o
    0x08000eec   0x08000eec   0x00000006   Code   RO          724    i.HAL_ADC_GetValue  stm32g4xx_hal_adc.o
    0x08000ef2   0x08000ef2   0x00000002   PAD
    0x08000ef4   0x08000ef4   0x000001fc   Code   RO          726    i.HAL_ADC_Init      stm32g4xx_hal_adc.o
    0x080010f0   0x080010f0   0x000000e4   Code   RO          485    i.HAL_ADC_MspInit   adc.o
    0x080011d4   0x080011d4   0x000000fc   Code   RO          730    i.HAL_ADC_PollForConversion  stm32g4xx_hal_adc.o
    0x080012d0   0x080012d0   0x000000f4   Code   RO          732    i.HAL_ADC_Start     stm32g4xx_hal_adc.o
    0x080013c4   0x080013c4   0x0000003e   Code   RO          736    i.HAL_ADC_Stop      stm32g4xx_hal_adc.o
    0x08001402   0x08001402   0x0000006a   Code   RO         1993    i.HAL_DMA_Abort     stm32g4xx_hal_dma.o
    0x0800146c   0x0800146c   0x00000078   Code   RO         1994    i.HAL_DMA_Abort_IT  stm32g4xx_hal_dma.o
    0x080014e4   0x080014e4   0x00000248   Code   RO         1855    i.HAL_GPIO_Init     stm32g4xx_hal_gpio.o
    0x0800172c   0x0800172c   0x0000000a   Code   RO         1857    i.HAL_GPIO_ReadPin  stm32g4xx_hal_gpio.o
    0x08001736   0x08001736   0x0000000a   Code   RO         1859    i.HAL_GPIO_WritePin  stm32g4xx_hal_gpio.o
    0x08001740   0x08001740   0x0000000c   Code   RO         1168    i.HAL_GetTick       stm32g4xx_hal.o
    0x0800174c   0x0800174c   0x0000001e   Code   RO         1172    i.HAL_Init          stm32g4xx_hal.o
    0x0800176a   0x0800176a   0x00000002   PAD
    0x0800176c   0x0800176c   0x00000044   Code   RO         1173    i.HAL_InitTick      stm32g4xx_hal.o
    0x080017b0   0x080017b0   0x00000030   Code   RO          686    i.HAL_MspInit       stm32g4xx_hal_msp.o
    0x080017e0   0x080017e0   0x0000001a   Code   RO         2502    i.HAL_NVIC_EnableIRQ  stm32g4xx_hal_cortex.o
    0x080017fa   0x080017fa   0x00000002   PAD
    0x080017fc   0x080017fc   0x00000040   Code   RO         2508    i.HAL_NVIC_SetPriority  stm32g4xx_hal_cortex.o
    0x0800183c   0x0800183c   0x00000024   Code   RO         2509    i.HAL_NVIC_SetPriorityGrouping  stm32g4xx_hal_cortex.o
    0x08001860   0x08001860   0x000000bc   Code   RO         2258    i.HAL_PWREx_ControlVoltageScaling  stm32g4xx_hal_pwr_ex.o
    0x0800191c   0x0800191c   0x00000010   Code   RO         2270    i.HAL_PWREx_DisableUCPDDeadBattery  stm32g4xx_hal_pwr_ex.o
    0x0800192c   0x0800192c   0x00000288   Code   RO         1517    i.HAL_RCCEx_PeriphCLKConfig  stm32g4xx_hal_rcc_ex.o
    0x08001bb4   0x08001bb4   0x000001dc   Code   RO         1392    i.HAL_RCC_ClockConfig  stm32g4xx_hal_rcc.o
    0x08001d90   0x08001d90   0x0000000c   Code   RO         1398    i.HAL_RCC_GetHCLKFreq  stm32g4xx_hal_rcc.o
    0x08001d9c   0x08001d9c   0x00000024   Code   RO         1400    i.HAL_RCC_GetPCLK1Freq  stm32g4xx_hal_rcc.o
    0x08001dc0   0x08001dc0   0x00000024   Code   RO         1401    i.HAL_RCC_GetPCLK2Freq  stm32g4xx_hal_rcc.o
    0x08001de4   0x08001de4   0x00000070   Code   RO         1402    i.HAL_RCC_GetSysClockFreq  stm32g4xx_hal_rcc.o
    0x08001e54   0x08001e54   0x0000040c   Code   RO         1405    i.HAL_RCC_OscConfig  stm32g4xx_hal_rcc.o
    0x08002260   0x08002260   0x00000028   Code   RO         2513    i.HAL_SYSTICK_Config  stm32g4xx_hal_cortex.o
    0x08002288   0x08002288   0x00000002   Code   RO         3348    i.HAL_TIMEx_Break2Callback  stm32g4xx_hal_tim_ex.o
    0x0800228a   0x0800228a   0x00000002   Code   RO         3349    i.HAL_TIMEx_BreakCallback  stm32g4xx_hal_tim_ex.o
    0x0800228c   0x0800228c   0x00000002   Code   RO         3350    i.HAL_TIMEx_CommutCallback  stm32g4xx_hal_tim_ex.o
    0x0800228e   0x0800228e   0x00000002   Code   RO         3361    i.HAL_TIMEx_DirectionChangeCallback  stm32g4xx_hal_tim_ex.o
    0x08002290   0x08002290   0x00000002   Code   RO         3375    i.HAL_TIMEx_EncoderIndexCallback  stm32g4xx_hal_tim_ex.o
    0x08002292   0x08002292   0x00000002   Code   RO         3389    i.HAL_TIMEx_IndexErrorCallback  stm32g4xx_hal_tim_ex.o
    0x08002294   0x08002294   0x0000009c   Code   RO         3390    i.HAL_TIMEx_MasterConfigSynchronization  stm32g4xx_hal_tim_ex.o
    0x08002330   0x08002330   0x00000002   Code   RO         3411    i.HAL_TIMEx_TransitionErrorCallback  stm32g4xx_hal_tim_ex.o
    0x08002332   0x08002332   0x00000062   Code   RO         2634    i.HAL_TIM_Base_Init  stm32g4xx_hal_tim.o
    0x08002394   0x08002394   0x0000003c   Code   RO          539    i.HAL_TIM_Base_MspInit  tim.o
    0x080023d0   0x080023d0   0x00000002   Code   RO         2668    i.HAL_TIM_IC_CaptureCallback  stm32g4xx_hal_tim.o
    0x080023d2   0x080023d2   0x000001fc   Code   RO         2682    i.HAL_TIM_IRQHandler  stm32g4xx_hal_tim.o
    0x080025ce   0x080025ce   0x00000002   Code   RO         2685    i.HAL_TIM_OC_DelayElapsedCallback  stm32g4xx_hal_tim.o
    0x080025d0   0x080025d0   0x00000002   Code   RO         2712    i.HAL_TIM_PWM_PulseFinishedCallback  stm32g4xx_hal_tim.o
    0x080025d2   0x080025d2   0x00000002   Code   RO         2720    i.HAL_TIM_PeriodElapsedCallback  stm32g4xx_hal_tim.o
    0x080025d4   0x080025d4   0x00000002   Code   RO         2725    i.HAL_TIM_TriggerCallback  stm32g4xx_hal_tim.o
    0x080025d6   0x080025d6   0x0000003e   Code   RO         4197    i.HAL_UARTEx_DisableFifoMode  stm32g4xx_hal_uart_ex.o
    0x08002614   0x08002614   0x00000002   Code   RO         3786    i.HAL_UARTEx_RxEventCallback  stm32g4xx_hal_uart.o
    0x08002616   0x08002616   0x00000002   Code   RO         4204    i.HAL_UARTEx_RxFifoFullCallback  stm32g4xx_hal_uart_ex.o
    0x08002618   0x08002618   0x0000004c   Code   RO         4205    i.HAL_UARTEx_SetRxFifoThreshold  stm32g4xx_hal_uart_ex.o
    0x08002664   0x08002664   0x0000004c   Code   RO         4206    i.HAL_UARTEx_SetTxFifoThreshold  stm32g4xx_hal_uart_ex.o
    0x080026b0   0x080026b0   0x00000002   Code   RO         4208    i.HAL_UARTEx_TxFifoEmptyCallback  stm32g4xx_hal_uart_ex.o
    0x080026b2   0x080026b2   0x00000002   Code   RO         4209    i.HAL_UARTEx_WakeupCallback  stm32g4xx_hal_uart_ex.o
    0x080026b4   0x080026b4   0x00000002   Code   RO         3802    i.HAL_UART_ErrorCallback  stm32g4xx_hal_uart.o
    0x080026b6   0x080026b6   0x00000002   PAD
    0x080026b8   0x080026b8   0x000002e0   Code   RO         3805    i.HAL_UART_IRQHandler  stm32g4xx_hal_uart.o
    0x08002998   0x08002998   0x0000006a   Code   RO         3806    i.HAL_UART_Init     stm32g4xx_hal_uart.o
    0x08002a02   0x08002a02   0x00000002   PAD
    0x08002a04   0x08002a04   0x0000008c   Code   RO          581    i.HAL_UART_MspInit  usart.o
    0x08002a90   0x08002a90   0x000000bc   Code   RO         3815    i.HAL_UART_Transmit  stm32g4xx_hal_uart.o
    0x08002b4c   0x08002b4c   0x00000002   Code   RO         3818    i.HAL_UART_TxCpltCallback  stm32g4xx_hal_uart.o
    0x08002b4e   0x08002b4e   0x00000002   PAD
    0x08002b50   0x08002b50   0x00000104   Code   RO          334    i.KeyScan_thread_entry  main.o
    0x08002c54   0x08002c54   0x00000030   Code   RO          335    i.LED_Close         main.o
    0x08002c84   0x08002c84   0x00000048   Code   RO          336    i.LED_OFF           main.o
    0x08002ccc   0x08002ccc   0x00000048   Code   RO          337    i.LED_ON            main.o
    0x08002d14   0x08002d14   0x00000064   Code   RO          338    i.LED_thread_entry  main.o
    0x08002d78   0x08002d78   0x0000000c   Code   RO          740    i.LL_ADC_GetOffsetChannel  stm32g4xx_hal_adc.o
    0x08002d84   0x08002d84   0x00000008   Code   RO          741    i.LL_ADC_INJ_IsConversionOngoing  stm32g4xx_hal_adc.o
    0x08002d8c   0x08002d8c   0x00000008   Code   RO          742    i.LL_ADC_REG_IsConversionOngoing  stm32g4xx_hal_adc.o
    0x08002d94   0x08002d94   0x00000008   Code   RO          975    i.LL_ADC_REG_IsConversionOngoing  stm32g4xx_hal_adc_ex.o
    0x08002d9c   0x08002d9c   0x00000010   Code   RO          743    i.LL_ADC_REG_IsTriggerSourceSWStart  stm32g4xx_hal_adc.o
    0x08002dac   0x08002dac   0x0000001e   Code   RO          745    i.LL_ADC_SetChannelSamplingTime  stm32g4xx_hal_adc.o
    0x08002dca   0x08002dca   0x00000010   Code   RO          746    i.LL_ADC_SetOffsetState  stm32g4xx_hal_adc.o
    0x08002dda   0x08002dda   0x00000002   PAD
    0x08002ddc   0x08002ddc   0x00000094   Code   RO          486    i.MX_ADC1_Init      adc.o
    0x08002e70   0x08002e70   0x0000007c   Code   RO          487    i.MX_ADC2_Init      adc.o
    0x08002eec   0x08002eec   0x000000f8   Code   RO          459    i.MX_GPIO_Init      gpio.o
    0x08002fe4   0x08002fe4   0x00000048   Code   RO          540    i.MX_TIM6_Init      tim.o
    0x0800302c   0x0800302c   0x00000068   Code   RO          582    i.MX_USART1_UART_Init  usart.o
    0x08003094   0x08003094   0x00000002   Code   RO          624    i.MemManage_Handler  stm32g4xx_it.o
    0x08003096   0x08003096   0x00000002   Code   RO          625    i.NMI_Handler       stm32g4xx_it.o
    0x08003098   0x08003098   0x00000012   Code   RO         5514    i.SysTick_Handler   board.o
    0x080030aa   0x080030aa   0x00000066   Code   RO          339    i.SystemClock_Config  main.o
    0x08003110   0x08003110   0x00000080   Code   RO         4309    i.SystemCoreClockUpdate  system_stm32g4xx.o
    0x08003190   0x08003190   0x00000010   Code   RO         4310    i.SystemInit        system_stm32g4xx.o
    0x080031a0   0x080031a0   0x0000000c   Code   RO          626    i.TIM6_DAC_IRQHandler  stm32g4xx_it.o
    0x080031ac   0x080031ac   0x000000b0   Code   RO         2727    i.TIM_Base_SetConfig  stm32g4xx_hal_tim.o
    0x0800325c   0x0800325c   0x00000044   Code   RO         4210    i.UARTEx_SetNbDataToProcess  stm32g4xx_hal_uart_ex.o
    0x080032a0   0x080032a0   0x000000c8   Code   RO         3820    i.UART_AdvFeatureConfig  stm32g4xx_hal_uart.o
    0x08003368   0x08003368   0x00000060   Code   RO         3821    i.UART_CheckIdleState  stm32g4xx_hal_uart.o
    0x080033c8   0x080033c8   0x00000014   Code   RO         3822    i.UART_DMAAbortOnError  stm32g4xx_hal_uart.o
    0x080033dc   0x080033dc   0x00000054   Code   RO         3832    i.UART_EndRxTransfer  stm32g4xx_hal_uart.o
    0x08003430   0x08003430   0x00000274   Code   RO         3838    i.UART_SetConfig    stm32g4xx_hal_uart.o
    0x080036a4   0x080036a4   0x000000c6   Code   RO         3845    i.UART_WaitOnFlagUntilTimeout  stm32g4xx_hal_uart.o
    0x0800376a   0x0800376a   0x00000002   PAD
    0x0800376c   0x0800376c   0x0000000c   Code   RO          627    i.USART1_IRQHandler  stm32g4xx_it.o
    0x08003778   0x08003778   0x00000002   Code   RO          628    i.UsageFault_Handler  stm32g4xx_it.o
    0x0800377a   0x0800377a   0x00000020   Code   RO         2515    i.__NVIC_SetPriority  stm32g4xx_hal_cortex.o
    0x0800379a   0x0800379a   0x00000002   PAD
    0x0800379c   0x0800379c   0x00000044   Code   RO         4787    i.__rt_ffs          kservice.o
    0x080037e0   0x080037e0   0x0000009c   Code   RO         5718    i._msh_exec_cmd     msh.o
    0x0800387c   0x0800387c   0x00000074   Code   RO         5205    i._rt_thread_init   thread.o
    0x080038f0   0x080038f0   0x0000001c   Code   RO         5335    i._rt_timer_init    timer.o
    0x0800390c   0x0800390c   0x00000006   Code   RO         5336    i._rt_timer_remove  timer.o
    0x08003912   0x08003912   0x0000001c   Code   RO         5206    i._thread_cleanup_execute  thread.o
    0x0800392e   0x0800392e   0x00000002   PAD
    0x08003930   0x08003930   0x000000e8   Code   RO         5449    i.bus_fault_track   cpuport.o
    0x08003a18   0x08003a18   0x0000000a   Code   RO         5719    i.cmd_free          msh.o
    0x08003a22   0x08003a22   0x0000000a   Code   RO         5720    i.cmd_ps            msh.o
    0x08003a2c   0x08003a2c   0x00000060   Code   RO         5786    i.finsh_get_prompt  shell.o
    0x08003a8c   0x08003a8c   0x00000014   Code   RO         5790    i.finsh_set_prompt_mode  shell.o
    0x08003aa0   0x08003aa0   0x0000000c   Code   RO         5791    i.finsh_system_function_init  shell.o
    0x08003aac   0x08003aac   0x00000094   Code   RO         5792    i.finsh_system_init  shell.o
    0x08003b40   0x08003b40   0x0000028c   Code   RO         5794    i.finsh_thread_entry  shell.o
    0x08003dcc   0x08003dcc   0x00000078   Code   RO         5450    i.hard_fault_track  cpuport.o
    0x08003e44   0x08003e44   0x00000020   Code   RO         5574    i.hello             cmd.o
    0x08003e64   0x08003e64   0x00000098   Code   RO          340    i.key_thread_entry  main.o
    0x08003efc   0x08003efc   0x00000064   Code   RO         5575    i.list              cmd.o
    0x08003f60   0x08003f60   0x00000130   Code   RO         5576    i.list_event        cmd.o
    0x08004090   0x08004090   0x00000024   Code   RO         5577    i.list_find_init    cmd.o
    0x080040b4   0x080040b4   0x00000066   Code   RO         5578    i.list_get_next     cmd.o
    0x0800411a   0x0800411a   0x00000002   PAD
    0x0800411c   0x0800411c   0x00000144   Code   RO         5579    i.list_mailbox      cmd.o
    0x08004260   0x08004260   0x0000006c   Code   RO         4961    i.list_mem          mem.o
    0x080042cc   0x080042cc   0x00000128   Code   RO         5580    i.list_msgqueue     cmd.o
    0x080043f4   0x080043f4   0x000000f8   Code   RO         5581    i.list_mutex        cmd.o
    0x080044ec   0x080044ec   0x0000011c   Code   RO         5582    i.list_sem          cmd.o
    0x08004608   0x08004608   0x000001b8   Code   RO         5583    i.list_thread       cmd.o
    0x080047c0   0x080047c0   0x00000140   Code   RO         5584    i.list_timer        cmd.o
    0x08004900   0x08004900   0x0000013c   Code   RO          341    i.main              main.o
    0x08004a3c   0x08004a3c   0x0000000e   Code   RO         4390    i.main_thread_entry  components.o
    0x08004a4a   0x08004a4a   0x00000002   PAD
    0x08004a4c   0x08004a4c   0x000000d8   Code   RO         5451    i.mem_manage_fault_track  cpuport.o
    0x08004b24   0x08004b24   0x000000ac   Code   RO         5721    i.msh_auto_complete  msh.o
    0x08004bd0   0x08004bd0   0x00000064   Code   RO         5722    i.msh_exec          msh.o
    0x08004c34   0x08004c34   0x00000078   Code   RO         5723    i.msh_help          msh.o
    0x08004cac   0x08004cac   0x00000004   Code   RO         5724    i.msh_is_used       msh.o
    0x08004cb0   0x08004cb0   0x000000d0   Code   RO         5725    i.msh_split         msh.o
    0x08004d80   0x08004d80   0x00000018   Code   RO         5585    i.object_split      cmd.o
    0x08004d98   0x08004d98   0x00000054   Code   RO         4962    i.plug_holes        mem.o
    0x08004dec   0x08004dec   0x00000130   Code   RO         4789    i.print_number      kservice.o
    0x08004f1c   0x08004f1c   0x0000002c   Code   RO         4391    i.rt_application_init  components.o
    0x08004f48   0x08004f48   0x0000001a   Code   RO         4963    i.rt_calloc         mem.o
    0x08004f62   0x08004f62   0x00000002   PAD
    0x08004f64   0x08004f64   0x0000001c   Code   RO         4392    i.rt_components_board_init  components.o
    0x08004f80   0x08004f80   0x0000001c   Code   RO         4393    i.rt_components_init  components.o
    0x08004f9c   0x08004f9c   0x0000001c   Code   RO         5138    i.rt_enter_critical  scheduler.o
    0x08004fb8   0x08004fb8   0x00000020   Code   RO         4498    i.rt_event_create   ipc.o
    0x08004fd8   0x08004fd8   0x000000d0   Code   RO         4502    i.rt_event_recv     ipc.o
    0x080050a8   0x080050a8   0x00000092   Code   RO         4503    i.rt_event_send     ipc.o
    0x0800513a   0x0800513a   0x00000002   PAD
    0x0800513c   0x0800513c   0x00000038   Code   RO         5139    i.rt_exit_critical  scheduler.o
    0x08005174   0x08005174   0x000000c4   Code   RO         4964    i.rt_free           mem.o
    0x08005238   0x08005238   0x00000008   Code   RO         5515    i.rt_heap_begin_get  board.o
    0x08005240   0x08005240   0x00000008   Code   RO         5516    i.rt_heap_end_get   board.o
    0x08005248   0x08005248   0x00000036   Code   RO         5517    i.rt_hw_board_init  board.o
    0x0800527e   0x0800527e   0x00000002   PAD
    0x08005280   0x08005280   0x00000028   Code   RO         5518    i.rt_hw_console_getchar  board.o
    0x080052a8   0x080052a8   0x00000048   Code   RO         5519    i.rt_hw_console_output  board.o
    0x080052f0   0x080052f0   0x00000218   Code   RO         5455    i.rt_hw_hard_fault_exception  cpuport.o
    0x08005508   0x08005508   0x0000003c   Code   RO         5456    i.rt_hw_stack_init  cpuport.o
    0x08005544   0x08005544   0x0000001c   Code   RO         4760    i.rt_interrupt_enter  irq.o
    0x08005560   0x08005560   0x0000001c   Code   RO         4762    i.rt_interrupt_leave  irq.o
    0x0800557c   0x0800557c   0x0000000e   Code   RO         4504    i.rt_ipc_list_resume  ipc.o
    0x0800558a   0x0800558a   0x00000002   PAD
    0x0800558c   0x0800558c   0x00000052   Code   RO         4506    i.rt_ipc_list_suspend  ipc.o
    0x080055de   0x080055de   0x00000002   PAD
    0x080055e0   0x080055e0   0x00000020   Code   RO         4793    i.rt_kprintf        kservice.o
    0x08005600   0x08005600   0x0000000e   Code   RO         5050    i.rt_list_insert_after  object.o
    0x0800560e   0x0800560e   0x0000000e   Code   RO         5207    i.rt_list_insert_after  thread.o
    0x0800561c   0x0800561c   0x0000000e   Code   RO         5337    i.rt_list_insert_after  timer.o
    0x0800562a   0x0800562a   0x0000000e   Code   RO         4507    i.rt_list_insert_before  ipc.o
    0x08005638   0x08005638   0x00000012   Code   RO         5586    i.rt_list_len       cmd.o
    0x0800564a   0x0800564a   0x00000012   Code   RO         5051    i.rt_list_remove    object.o
    0x0800565c   0x0800565c   0x00000012   Code   RO         5208    i.rt_list_remove    thread.o
    0x0800566e   0x0800566e   0x00000012   Code   RO         5338    i.rt_list_remove    timer.o
    0x08005680   0x08005680   0x000000f0   Code   RO         4965    i.rt_malloc         mem.o
    0x08005770   0x08005770   0x0000004a   Code   RO         4797    i.rt_memcpy         kservice.o
    0x080057ba   0x080057ba   0x00000002   PAD
    0x080057bc   0x080057bc   0x00000032   Code   RO         4798    i.rt_memmove        kservice.o
    0x080057ee   0x080057ee   0x00000002   PAD
    0x080057f0   0x080057f0   0x00000046   Code   RO         4799    i.rt_memset         kservice.o
    0x08005836   0x08005836   0x00000078   Code   RO         4517    i.rt_mq_create      ipc.o
    0x080058ae   0x080058ae   0x00000002   PAD
    0x080058b0   0x080058b0   0x00000112   Code   RO         4521    i.rt_mq_recv        ipc.o
    0x080059c2   0x080059c2   0x00000006   Code   RO         4522    i.rt_mq_send        ipc.o
    0x080059c8   0x080059c8   0x00000118   Code   RO         4523    i.rt_mq_send_wait   ipc.o
    0x08005ae0   0x08005ae0   0x0000002a   Code   RO         4526    i.rt_mutex_create   ipc.o
    0x08005b0a   0x08005b0a   0x000000bc   Code   RO         4531    i.rt_mutex_take     ipc.o
    0x08005bc6   0x08005bc6   0x00000050   Code   RO         5052    i.rt_object_allocate  object.o
    0x08005c16   0x08005c16   0x00000026   Code   RO         5053    i.rt_object_delete  object.o
    0x08005c3c   0x08005c3c   0x00000020   Code   RO         5054    i.rt_object_detach  object.o
    0x08005c5c   0x08005c5c   0x00000024   Code   RO         5056    i.rt_object_get_information  object.o
    0x08005c80   0x08005c80   0x00000050   Code   RO         5060    i.rt_object_init    object.o
    0x08005cd0   0x08005cd0   0x0000000e   Code   RO         5061    i.rt_object_is_systemobject  object.o
    0x08005cde   0x08005cde   0x00000002   PAD
    0x08005ce0   0x08005ce0   0x00000058   Code   RO         5140    i.rt_schedule       scheduler.o
    0x08005d38   0x08005d38   0x00000050   Code   RO         5141    i.rt_schedule_insert_thread  scheduler.o
    0x08005d88   0x08005d88   0x00000048   Code   RO         5142    i.rt_schedule_remove_thread  scheduler.o
    0x08005dd0   0x08005dd0   0x00000024   Code   RO         4536    i.rt_sem_init       ipc.o
    0x08005df4   0x08005df4   0x00000048   Code   RO         4537    i.rt_sem_release    ipc.o
    0x08005e3c   0x08005e3c   0x0000006e   Code   RO         4538    i.rt_sem_take       ipc.o
    0x08005eaa   0x08005eaa   0x00000002   PAD
    0x08005eac   0x08005eac   0x000000b0   Code   RO         4801    i.rt_show_version   kservice.o
    0x08005f5c   0x08005f5c   0x0000009c   Code   RO         5339    i.rt_soft_timer_check  timer.o
    0x08005ff8   0x08005ff8   0x00000010   Code   RO         4807    i.rt_strlen         kservice.o
    0x08006008   0x08006008   0x00000026   Code   RO         4809    i.rt_strncpy        kservice.o
    0x0800602e   0x0800602e   0x00000002   PAD
    0x08006030   0x08006030   0x000000ac   Code   RO         4968    i.rt_system_heap_init  mem.o
    0x080060dc   0x080060dc   0x00000034   Code   RO         5143    i.rt_system_scheduler_init  scheduler.o
    0x08006110   0x08006110   0x00000028   Code   RO         5144    i.rt_system_scheduler_start  scheduler.o
    0x08006138   0x08006138   0x0000000c   Code   RO         5340    i.rt_system_timer_init  timer.o
    0x08006144   0x08006144   0x00000044   Code   RO         5341    i.rt_system_timer_thread_init  timer.o
    0x08006188   0x08006188   0x00000076   Code   RO         5209    i.rt_thread_control  thread.o
    0x080061fe   0x080061fe   0x00000048   Code   RO         5210    i.rt_thread_create  thread.o
    0x08006246   0x08006246   0x00000004   Code   RO         5211    i.rt_thread_delay   thread.o
    0x0800624a   0x0800624a   0x00000002   PAD
    0x0800624c   0x0800624c   0x0000004c   Code   RO         5213    i.rt_thread_delete  thread.o
    0x08006298   0x08006298   0x00000060   Code   RO         5214    i.rt_thread_detach  thread.o
    0x080062f8   0x080062f8   0x0000005c   Code   RO         5215    i.rt_thread_exit    thread.o
    0x08006354   0x08006354   0x00000006   Code   RO         4462    i.rt_thread_idle_entry  idle.o
    0x0800635a   0x0800635a   0x00000002   PAD
    0x0800635c   0x0800635c   0x0000004c   Code   RO         4463    i.rt_thread_idle_excute  idle.o
    0x080063a8   0x080063a8   0x00000038   Code   RO         4465    i.rt_thread_idle_init  idle.o
    0x080063e0   0x080063e0   0x00000030   Code   RO         5217    i.rt_thread_init    thread.o
    0x08006410   0x08006410   0x0000000e   Code   RO         5218    i.rt_thread_mdelay  thread.o
    0x0800641e   0x0800641e   0x0000003c   Code   RO         5219    i.rt_thread_resume  thread.o
    0x0800645a   0x0800645a   0x00000002   PAD
    0x0800645c   0x0800645c   0x0000000c   Code   RO         5220    i.rt_thread_self    thread.o
    0x08006468   0x08006468   0x00000040   Code   RO         5221    i.rt_thread_sleep   thread.o
    0x080064a8   0x080064a8   0x0000002c   Code   RO         5222    i.rt_thread_startup  thread.o
    0x080064d4   0x080064d4   0x00000042   Code   RO         5223    i.rt_thread_suspend  thread.o
    0x08006516   0x08006516   0x00000020   Code   RO         5224    i.rt_thread_timeout  thread.o
    0x08006536   0x08006536   0x00000002   PAD
    0x08006538   0x08006538   0x00000038   Code   RO         5342    i.rt_thread_timer_entry  timer.o
    0x08006570   0x08006570   0x00000060   Code   RO         5225    i.rt_thread_yield   thread.o
    0x080065d0   0x080065d0   0x00000032   Code   RO         4349    i.rt_tick_from_millisecond  clock.o
    0x08006602   0x08006602   0x00000002   PAD
    0x08006604   0x08006604   0x0000000c   Code   RO         4350    i.rt_tick_get       clock.o
    0x08006610   0x08006610   0x0000002c   Code   RO         4351    i.rt_tick_increase  clock.o
    0x0800663c   0x0800663c   0x0000008c   Code   RO         5343    i.rt_timer_check    timer.o
    0x080066c8   0x080066c8   0x00000048   Code   RO         5344    i.rt_timer_control  timer.o
    0x08006710   0x08006710   0x0000002e   Code   RO         5345    i.rt_timer_create   timer.o
    0x0800673e   0x0800673e   0x00000028   Code   RO         5347    i.rt_timer_detach   timer.o
    0x08006766   0x08006766   0x00000028   Code   RO         5348    i.rt_timer_init     timer.o
    0x0800678e   0x0800678e   0x0000001c   Code   RO         5349    i.rt_timer_list_next_timeout  timer.o
    0x080067aa   0x080067aa   0x00000002   PAD
    0x080067ac   0x080067ac   0x000000b8   Code   RO         5351    i.rt_timer_start    timer.o
    0x08006864   0x08006864   0x0000002e   Code   RO         5352    i.rt_timer_stop     timer.o
    0x08006892   0x08006892   0x00000002   PAD
    0x08006894   0x08006894   0x00000284   Code   RO         4812    i.rt_vsnprintf      kservice.o
    0x08006b18   0x08006b18   0x00000004   Code   RO         4394    i.rti_board_end     components.o
    0x08006b1c   0x08006b1c   0x00000004   Code   RO         4395    i.rti_board_start   components.o
    0x08006b20   0x08006b20   0x00000004   Code   RO         4396    i.rti_end           components.o
    0x08006b24   0x08006b24   0x00000004   Code   RO         4397    i.rti_start         components.o
    0x08006b28   0x08006b28   0x0000002a   Code   RO         4398    i.rtthread_startup  components.o
    0x08006b52   0x08006b52   0x00000002   PAD
    0x08006b54   0x08006b54   0x00000044   Code   RO          342    i.send_thread_entry  main.o
    0x08006b98   0x08006b98   0x00000030   Code   RO         5587    i.show_wait_queue   cmd.o
    0x08006bc8   0x08006bc8   0x00000028   Code   RO         4814    i.skip_atoi         kservice.o
    0x08006bf0   0x08006bf0   0x000000d4   Code   RO          343    i.swtmr_adc_callback  main.o
    0x08006cc4   0x08006cc4   0x00000034   Code   RO         5520    i.uart_init         board.o
    0x08006cf8   0x08006cf8   0x000000d0   Code   RO         5457    i.usage_fault_track  cpuport.o
    0x08006dc8   0x08006dc8   0x0000000a   Code   RO         5588    i.version           cmd.o
    0x08006dd2   0x08006dd2   0x0000000a   Code   RO         5996    x$fpl$fpinit        fz_wm.l(fpinit.o)
    0x08006ddc   0x08006ddc   0x00000018   Data   RO         3846    .constdata          stm32g4xx_hal_uart.o
    0x08006df4   0x08006df4   0x00000010   Data   RO         4211    .constdata          stm32g4xx_hal_uart_ex.o
    0x08006e04   0x08006e04   0x00000010   Data   RO         4311    .constdata          system_stm32g4xx.o
    0x08006e14   0x08006e14   0x00000008   Data   RO         4312    .constdata          system_stm32g4xx.o
    0x08006e1c   0x08006e1c   0x00000122   Data   RO         4816    .constdata          kservice.o
    0x08006f3e   0x08006f3e   0x00000002   PAD
    0x08006f40   0x08006f40   0x00000044   Data   RO         5589    .conststring        cmd.o
    0x08006f84   0x08006f84   0x00000009   Data   RO         4971    .rodata.name        mem.o
    0x08006f8d   0x08006f8d   0x0000001e   Data   RO         4972    .rodata.name        mem.o
    0x08006fab   0x08006fab   0x00000006   Data   RO         5590    .rodata.name        cmd.o
    0x08006fb1   0x08006fb1   0x00000010   Data   RO         5591    .rodata.name        cmd.o
    0x08006fc1   0x08006fc1   0x00000008   Data   RO         5592    .rodata.name        cmd.o
    0x08006fc9   0x08006fc9   0x00000023   Data   RO         5593    .rodata.name        cmd.o
    0x08006fec   0x08006fec   0x0000000e   Data   RO         5594    .rodata.name        cmd.o
    0x08006ffa   0x08006ffa   0x00000023   Data   RO         5595    .rodata.name        cmd.o
    0x0800701d   0x0800701d   0x0000000c   Data   RO         5596    .rodata.name        cmd.o
    0x08007029   0x08007029   0x0000000c   Data   RO         5597    .rodata.name        cmd.o
    0x08007035   0x08007035   0x00000012   Data   RO         5598    .rodata.name        cmd.o
    0x08007047   0x08007047   0x0000000c   Data   RO         5599    .rodata.name        cmd.o
    0x08007053   0x08007053   0x00000009   Data   RO         5600    .rodata.name        cmd.o
    0x0800705c   0x0800705c   0x00000019   Data   RO         5601    .rodata.name        cmd.o
    0x08007075   0x08007075   0x0000000f   Data   RO         5602    .rodata.name        cmd.o
    0x08007084   0x08007084   0x00000019   Data   RO         5603    .rodata.name        cmd.o
    0x0800709d   0x0800709d   0x0000000b   Data   RO         5604    .rodata.name        cmd.o
    0x080070a8   0x080070a8   0x00000015   Data   RO         5605    .rodata.name        cmd.o
    0x080070bd   0x080070bd   0x00000011   Data   RO         5606    .rodata.name        cmd.o
    0x080070ce   0x080070ce   0x00000015   Data   RO         5607    .rodata.name        cmd.o
    0x080070e3   0x080070e3   0x0000000b   Data   RO         5608    .rodata.name        cmd.o
    0x080070ee   0x080070ee   0x00000015   Data   RO         5609    .rodata.name        cmd.o
    0x08007103   0x08007103   0x00000011   Data   RO         5610    .rodata.name        cmd.o
    0x08007114   0x08007114   0x00000015   Data   RO         5611    .rodata.name        cmd.o
    0x08007129   0x08007129   0x0000000d   Data   RO         5612    .rodata.name        cmd.o
    0x08007136   0x08007136   0x00000018   Data   RO         5613    .rodata.name        cmd.o
    0x0800714e   0x0800714e   0x00000013   Data   RO         5614    .rodata.name        cmd.o
    0x08007161   0x08007161   0x00000018   Data   RO         5615    .rodata.name        cmd.o
    0x08007179   0x08007179   0x0000000e   Data   RO         5616    .rodata.name        cmd.o
    0x08007187   0x08007187   0x0000001d   Data   RO         5617    .rodata.name        cmd.o
    0x080071a4   0x080071a4   0x00000014   Data   RO         5618    .rodata.name        cmd.o
    0x080071b8   0x080071b8   0x0000001d   Data   RO         5619    .rodata.name        cmd.o
    0x080071d5   0x080071d5   0x0000000b   Data   RO         5620    .rodata.name        cmd.o
    0x080071e0   0x080071e0   0x00000015   Data   RO         5621    .rodata.name        cmd.o
    0x080071f5   0x080071f5   0x00000011   Data   RO         5622    .rodata.name        cmd.o
    0x08007206   0x08007206   0x00000015   Data   RO         5623    .rodata.name        cmd.o
    0x0800721b   0x0800721b   0x00000005   Data   RO         5624    .rodata.name        cmd.o
    0x08007220   0x08007220   0x0000001a   Data   RO         5625    .rodata.name        cmd.o
    0x0800723a   0x0800723a   0x0000000b   Data   RO         5726    .rodata.name        msh.o
    0x08007245   0x08007245   0x00000016   Data   RO         5727    .rodata.name        msh.o
    0x0800725b   0x0800725b   0x00000009   Data   RO         5728    .rodata.name        msh.o
    0x08007264   0x08007264   0x0000001c   Data   RO         5729    .rodata.name        msh.o
    0x08007280   0x08007280   0x0000000b   Data   RO         5730    .rodata.name        msh.o
    0x0800728b   0x0800728b   0x00000025   Data   RO         5731    .rodata.name        msh.o
    0x080072b0   0x080072b0   0x00000004   Data   RO         4399    .rti_fn.0           components.o
    0x080072b4   0x080072b4   0x00000004   Data   RO         4400    .rti_fn.0.end       components.o
    0x080072b8   0x080072b8   0x00000004   Data   RO         5522    .rti_fn.1           board.o
    0x080072bc   0x080072bc   0x00000004   Data   RO         4401    .rti_fn.1.end       components.o
    0x080072c0   0x080072c0   0x00000004   Data   RO         5797    .rti_fn.6           shell.o
    0x080072c4   0x080072c4   0x00000004   Data   RO         4402    .rti_fn.6.end       components.o
    0x080072c8   0x080072c8   0x0000000c   Data   RO         4973    FSymTab             mem.o
    0x080072d4   0x080072d4   0x000000d8   Data   RO         5626    FSymTab             cmd.o
    0x080073ac   0x080073ac   0x00000024   Data   RO         5732    FSymTab             msh.o
    0x080073d0   0x080073d0   0x00000020   Data   RO         6054    Region$$Table       anon$$obj.o


    Execution Region RW_IRAM1 (Exec base: 0x20000000, Load base: 0x080073f0, Size: 0x00004bf0, Max: 0x00008000, ABSOLUTE)

    Exec Addr    Load Addr    Size         Type   Attr      Idx    E Section Name        Object

    0x20000000   0x080073f0   0x00000028   Data   RW          344    .data               main.o
    0x20000028   0x08007418   0x00000008   Data   RW          489    .data               adc.o
    0x20000030   0x08007420   0x0000000c   Data   RW         1192    .data               stm32g4xx_hal.o
    0x2000003c   0x0800742c   0x00000004   Data   RW         4313    .data               system_stm32g4xx.o
    0x20000040   0x08007430   0x00000004   Data   RW         4353    .data               clock.o
    0x20000044   0x08007434   0x00000001   Data   RW         4763    .data               irq.o
    0x20000045   0x08007435   0x00000003   PAD
    0x20000048   0x08007438   0x00000018   Data   RW         4970    .data               mem.o
    0x20000060   0x08007450   0x00000070   Data   RW         5063    .data               object.o
    0x200000d0   0x080074c0   0x00000014   Data   RW         5146    .data               scheduler.o
    0x200000e4   0x080074d4   0x00000018   Data   RW         5354    .data               timer.o
    0x200000fc   0x080074ec   0x00000004   Data   RW         5458    .data               cpuport.o
    0x20000100   0x080074f0   0x00000004   Data   RW         5459    .data               cpuport.o
    0x20000104   0x080074f4   0x00000004   Data   RW         5460    .data               cpuport.o
    0x20000108   0x080074f8   0x00000004   Data   RW         5461    .data               cpuport.o
    0x2000010c   0x080074fc   0x00000018   Data   RW         5796    .data               shell.o
    0x20000124        -       0x000000d8   Zero   RW          488    .bss                adc.o
    0x200001fc        -       0x0000004c   Zero   RW          541    .bss                tim.o
    0x20000248        -       0x00000090   Zero   RW          583    .bss                usart.o
    0x200002d8        -       0x00000180   Zero   RW         4466    .bss                idle.o
    0x20000458        -       0x00000080   Zero   RW         4815    .bss                kservice.o
    0x200004d8        -       0x00000020   Zero   RW         4969    .bss                mem.o
    0x200004f8        -       0x00000100   Zero   RW         5145    .bss                scheduler.o
    0x200005f8        -       0x00000280   Zero   RW         5353    .bss                timer.o
    0x20000878        -       0x00003c90   Zero   RW         5521    .bss                board.o
    0x20004508        -       0x00000081   Zero   RW         5795    .bss                shell.o
    0x20004589   0x08007514   0x00000003   PAD
    0x2000458c        -       0x00000060   Zero   RW         5926    .bss                c_w.l(libspace.o)
    0x200045ec   0x08007514   0x00000004   PAD
    0x200045f0        -       0x00000200   Zero   RW            2    HEAP                startup_stm32g431xx.o
    0x200047f0        -       0x00000400   Zero   RW            1    STACK               startup_stm32g431xx.o


==============================================================================

Image component sizes


      Code (inc. data)   RO Data    RW Data    ZI Data      Debug   Object Name

       580         48          0          8        216       3208   adc.o
       252         30          4          0      15504       5340   board.o
       106         12          0          4          0       2036   clock.o
      2586        986        939          0          0      20459   cmd.o
       182         28         16          0          0       6594   components.o
       308         28          0          0          0        888   context_rvds.o
      1372        736          0         16          0       6958   cpuport.o
       248         16          0          0          0       1035   gpio.o
       138         22          0          0        384       5310   idle.o
      1624          0          0          0          0      16832   ipc.o
        56         12          0          1          0       1794   irq.o
      1512        158        290          0        128      12625   kservice.o
         0          0          0          0          0     677717   lcd.o
      1406        300          0         40          0      15156   main.o
       826        248         51         24         32       5759   mem.o
       780        162        154          0          0       8420   msh.o
       312          6          0        112          0       9088   object.o
       416         56          0         20        256       8746   scheduler.o
       928        136          4         24        129      10748   shell.o
        64         26        472          0       1536        840   startup_stm32g431xx.o
       110         16          0         12          0       3159   stm32g4xx_hal.o
      2666        126          0          0          0      81029   stm32g4xx_hal_adc.o
       224          8          0          0          0      67627   stm32g4xx_hal_adc_ex.o
       198         14          0          0          0      33815   stm32g4xx_hal_cortex.o
       226          0          0          0          0       1927   stm32g4xx_hal_dma.o
       604         34          0          0          0       2987   stm32g4xx_hal_gpio.o
        48          6          0          0          0        858   stm32g4xx_hal_msp.o
       204         18          0          0          0       1401   stm32g4xx_hal_pwr_ex.o
      1708         98          0          0          0       6728   stm32g4xx_hal_rcc.o
       648         10          0          0          0       1868   stm32g4xx_hal_rcc_ex.o
       792         30          0          0          0       6797   stm32g4xx_hal_tim.o
       170         24          0          0          0       5368   stm32g4xx_hal_tim_ex.o
      2262         86         24          0          0      30412   stm32g4xx_hal_uart.o
       288          6         16          0          0       5330   stm32g4xx_hal_uart_ex.o
        34         12          0          0          0       3239   stm32g4xx_it.o
       144         24         24          4          0       1839   system_stm32g4xx.o
      1070         52          0          0          0      16643   thread.o
       132         20          0          0         76       1598   tim.o
       954         56          0         24        640      15384   timer.o
       244         18          0          0        144       1790   usart.o

    ----------------------------------------------------------------------
     26484       3668       2028        292      19048    1109352   Object Totals
         0          0         32          0          0          0   (incl. Generated)
        62          0          2          3          3          0   (incl. Padding)

    ----------------------------------------------------------------------

      Code (inc. data)   RO Data    RW Data    ZI Data      Debug   Library Member Name

         8          0          0          0          0         68   __main.o
         0          0          0          0          0          0   __rtentry.o
        12          0          0          0          0          0   __rtentry2.o
         6          0          0          0          0          0   __rtentry4.o
        52          8          0          0          0          0   __scatter.o
        26          0          0          0          0          0   __scatter_copy.o
        28          0          0          0          0          0   __scatter_zi.o
        18          0          0          0          0         80   exit.o
         6          0          0          0          0        152   heapauxi.o
         0          0          0          0          0          0   indicate_semi.o
         2          0          0          0          0          0   libinit.o
         6          0          0          0          0          0   libinit2.o
         2          0          0          0          0          0   libshutdown.o
         2          0          0          0          0          0   libshutdown2.o
         8          4          0          0         96         68   libspace.o
       238          0          0          0          0        100   lludivv7m.o
        68          0          0          0          0         68   rt_memclr.o
        78          0          0          0          0         80   rt_memclr_w.o
       100          0          0          0          0         80   rt_memcpy_w.o
         2          0          0          0          0          0   rtexit.o
        10          0          0          0          0          0   rtexit2.o
        24          0          0          0          0         68   strcat.o
        72          0          0          0          0         80   strcpy.o
        62          0          0          0          0         76   strlen.o
       150          0          0          0          0         80   strncmp.o
        86          0          0          0          0         76   strncpy.o
        12          4          0          0          0         68   sys_exit.o
        74          0          0          0          0         80   sys_stackheap_outer.o
         2          0          0          0          0         68   use_no_semi.o
        10          0          0          0          0        116   fpinit.o

    ----------------------------------------------------------------------
      1168         16          0          0        100       1408   Library Totals
         4          0          0          0          4          0   (incl. Padding)

    ----------------------------------------------------------------------

      Code (inc. data)   RO Data    RW Data    ZI Data      Debug   Library Name

      1154         16          0          0         96       1292   c_w.l
        10          0          0          0          0        116   fz_wm.l

    ----------------------------------------------------------------------
      1168         16          0          0        100       1408   Library Totals

    ----------------------------------------------------------------------

==============================================================================


      Code (inc. data)   RO Data    RW Data    ZI Data      Debug   

     27652       3684       2028        292      19148    1086236   Grand Totals
     27652       3684       2028        292      19148    1086236   ELF Image Totals
     27652       3684       2028        292          0          0   ROM Totals

==============================================================================

    Total RO  Size (Code + RO Data)                29680 (  28.98kB)
    Total RW  Size (RW Data + ZI Data)             19440 (  18.98kB)
    Total ROM Size (Code + RO Data + RW Data)      29972 (  29.27kB)

==============================================================================

