Component: ARM Compiler 5.06 update 7 (build 960) Tool: armlink [4d3601]

==============================================================================

Section Cross References

    startup_stm32g431xx.o(STACK) refers (Special) to heapauxi.o(.text) for __use_two_region_memory
    startup_stm32g431xx.o(HEAP) refers (Special) to heapauxi.o(.text) for __use_two_region_memory
    startup_stm32g431xx.o(RESET) refers (Special) to heapauxi.o(.text) for __use_two_region_memory
    startup_stm32g431xx.o(RESET) refers to startup_stm32g431xx.o(STACK) for __initial_sp
    startup_stm32g431xx.o(RESET) refers to startup_stm32g431xx.o(.text) for Reset_Handler
    startup_stm32g431xx.o(RESET) refers to stm32g4xx_it.o(i.NMI_Handler) for NMI_Handler
    startup_stm32g431xx.o(RESET) refers to context_rvds.o(.text) for HardFault_Handler
    startup_stm32g431xx.o(RESET) refers to stm32g4xx_it.o(i.MemManage_Handler) for MemManage_Handler
    startup_stm32g431xx.o(RESET) refers to stm32g4xx_it.o(i.BusFault_Handler) for BusFault_Handler
    startup_stm32g431xx.o(RESET) refers to stm32g4xx_it.o(i.UsageFault_Handler) for UsageFault_Handler
    startup_stm32g431xx.o(RESET) refers to stm32g4xx_it.o(i.DebugMon_Handler) for DebugMon_Handler
    startup_stm32g431xx.o(RESET) refers to board.o(i.SysTick_Handler) for SysTick_Handler
    startup_stm32g431xx.o(RESET) refers to stm32g4xx_it.o(i.TIM1_UP_TIM16_IRQHandler) for TIM1_UP_TIM16_IRQHandler
    startup_stm32g431xx.o(.text) refers (Special) to heapauxi.o(.text) for __use_two_region_memory
    startup_stm32g431xx.o(.text) refers to system_stm32g4xx.o(i.SystemInit) for SystemInit
    startup_stm32g431xx.o(.text) refers to __main.o(!!!main) for __main
    startup_stm32g431xx.o(.text) refers to startup_stm32g431xx.o(HEAP) for Heap_Mem
    startup_stm32g431xx.o(.text) refers to startup_stm32g431xx.o(STACK) for Stack_Mem
    lcd.o(i.LCD_BusIn) refers to rt_memclr_w.o(.text) for __aeabi_memclr4
    lcd.o(i.LCD_BusIn) refers to stm32g4xx_hal_gpio.o(i.HAL_GPIO_Init) for HAL_GPIO_Init
    lcd.o(i.LCD_BusOut) refers to rt_memclr_w.o(.text) for __aeabi_memclr4
    lcd.o(i.LCD_BusOut) refers to stm32g4xx_hal_gpio.o(i.HAL_GPIO_Init) for HAL_GPIO_Init
    lcd.o(i.LCD_Clear) refers to lcd.o(i.LCD_SetCursor) for LCD_SetCursor
    lcd.o(i.LCD_Clear) refers to lcd.o(i.LCD_WriteRAM_Prepare) for LCD_WriteRAM_Prepare
    lcd.o(i.LCD_Clear) refers to lcd.o(i.LCD_WriteRAM) for LCD_WriteRAM
    lcd.o(i.LCD_ClearLine) refers to lcd.o(i.LCD_DisplayStringLine) for LCD_DisplayStringLine
    lcd.o(i.LCD_CtrlLinesConfig) refers to rt_memclr_w.o(.text) for __aeabi_memclr4
    lcd.o(i.LCD_CtrlLinesConfig) refers to stm32g4xx_hal_gpio.o(i.HAL_GPIO_Init) for HAL_GPIO_Init
    lcd.o(i.LCD_CtrlLinesConfig) refers to lcd.o(i.LCD_BusOut) for LCD_BusOut
    lcd.o(i.LCD_DisplayChar) refers to lcd.o(i.LCD_DrawChar) for LCD_DrawChar
    lcd.o(i.LCD_DisplayChar) refers to lcd.o(.constdata) for .constdata
    lcd.o(i.LCD_DisplayOff) refers to lcd.o(i.LCD_WriteReg) for LCD_WriteReg
    lcd.o(i.LCD_DisplayOn) refers to lcd.o(i.LCD_WriteReg) for LCD_WriteReg
    lcd.o(i.LCD_DisplayStringLine) refers to lcd.o(i.LCD_DisplayChar) for LCD_DisplayChar
    lcd.o(i.LCD_DrawChar) refers to lcd.o(i.LCD_SetCursor) for LCD_SetCursor
    lcd.o(i.LCD_DrawChar) refers to lcd.o(i.LCD_WriteRAM_Prepare) for LCD_WriteRAM_Prepare
    lcd.o(i.LCD_DrawChar) refers to lcd.o(i.LCD_WriteRAM) for LCD_WriteRAM
    lcd.o(i.LCD_DrawChar) refers to lcd.o(.data) for .data
    lcd.o(i.LCD_DrawCircle) refers to lcd.o(i.LCD_SetCursor) for LCD_SetCursor
    lcd.o(i.LCD_DrawCircle) refers to lcd.o(i.LCD_WriteRAM_Prepare) for LCD_WriteRAM_Prepare
    lcd.o(i.LCD_DrawCircle) refers to lcd.o(i.LCD_WriteRAM) for LCD_WriteRAM
    lcd.o(i.LCD_DrawCircle) refers to lcd.o(.data) for .data
    lcd.o(i.LCD_DrawLine) refers to lcd.o(i.LCD_SetCursor) for LCD_SetCursor
    lcd.o(i.LCD_DrawLine) refers to lcd.o(i.LCD_WriteRAM_Prepare) for LCD_WriteRAM_Prepare
    lcd.o(i.LCD_DrawLine) refers to lcd.o(i.LCD_WriteRAM) for LCD_WriteRAM
    lcd.o(i.LCD_DrawLine) refers to lcd.o(.data) for .data
    lcd.o(i.LCD_DrawMonoPict) refers to lcd.o(i.LCD_SetCursor) for LCD_SetCursor
    lcd.o(i.LCD_DrawMonoPict) refers to lcd.o(i.LCD_WriteRAM_Prepare) for LCD_WriteRAM_Prepare
    lcd.o(i.LCD_DrawMonoPict) refers to lcd.o(i.LCD_WriteRAM) for LCD_WriteRAM
    lcd.o(i.LCD_DrawMonoPict) refers to lcd.o(.data) for .data
    lcd.o(i.LCD_DrawPicture) refers to lcd.o(i.LCD_SetCursor) for LCD_SetCursor
    lcd.o(i.LCD_DrawPicture) refers to lcd.o(i.LCD_WriteRAM_Prepare) for LCD_WriteRAM_Prepare
    lcd.o(i.LCD_DrawPicture) refers to lcd.o(i.LCD_WriteRAM) for LCD_WriteRAM
    lcd.o(i.LCD_DrawRect) refers to lcd.o(i.LCD_DrawLine) for LCD_DrawLine
    lcd.o(i.LCD_Init) refers to lcd.o(i.LCD_CtrlLinesConfig) for LCD_CtrlLinesConfig
    lcd.o(i.LCD_Init) refers to lcd.o(i.LCD_ReadReg) for LCD_ReadReg
    lcd.o(i.LCD_Init) refers to lcd.o(i.REG_932X_Init) for REG_932X_Init
[...]
    DMA1_Channel4_IRQHandler                 0x0800029b   Thumb Code     0  startup_stm32g431xx.o(.text)
    DMA1_Channel5_IRQHandler                 0x0800029b   Thumb Code     0  startup_stm32g431xx.o(.text)
    DMA1_Channel6_IRQHandler                 0x0800029b   Thumb Code     0  startup_stm32g431xx.o(.text)
    DMA2_Channel1_IRQHandler                 0x0800029b   Thumb Code     0  startup_stm32g431xx.o(.text)
    DMA2_Channel2_IRQHandler                 0x0800029b   Thumb Code     0  startup_stm32g431xx.o(.text)
    DMA2_Channel3_IRQHandler                 0x0800029b   Thumb Code     0  startup_stm32g431xx.o(.text)
    DMA2_Channel4_IRQHandler                 0x0800029b   Thumb Code     0  startup_stm32g431xx.o(.text)
    DMA2_Channel5_IRQHandler                 0x0800029b   Thumb Code     0  startup_stm32g431xx.o(.text)
    DMA2_Channel6_IRQHandler                 0x0800029b   Thumb Code     0  startup_stm32g431xx.o(.text)
    DMAMUX_OVR_IRQHandler                    0x0800029b   Thumb Code     0  startup_stm32g431xx.o(.text)
    EXTI0_IRQHandler                         0x0800029b   Thumb Code     0  startup_stm32g431xx.o(.text)
    EXTI15_10_IRQHandler                     0x0800029b   Thumb Code     0  startup_stm32g431xx.o(.text)
    EXTI1_IRQHandler                         0x0800029b   Thumb Code     0  startup_stm32g431xx.o(.text)
    EXTI2_IRQHandler                         0x0800029b   Thumb Code     0  startup_stm32g431xx.o(.text)
    EXTI3_IRQHandler                         0x0800029b   Thumb Code     0  startup_stm32g431xx.o(.text)
    EXTI4_IRQHandler                         0x0800029b   Thumb Code     0  startup_stm32g431xx.o(.text)
    EXTI9_5_IRQHandler                       0x0800029b   Thumb Code     0  startup_stm32g431xx.o(.text)
    FDCAN1_IT0_IRQHandler                    0x0800029b   Thumb Code     0  startup_stm32g431xx.o(.text)
    FDCAN1_IT1_IRQHandler                    0x0800029b   Thumb Code     0  startup_stm32g431xx.o(.text)
    FLASH_IRQHandler                         0x0800029b   Thumb Code     0  startup_stm32g431xx.o(.text)
    FMAC_IRQHandler                          0x0800029b   Thumb Code     0  startup_stm32g431xx.o(.text)
    FPU_IRQHandler                           0x0800029b   Thumb Code     0  startup_stm32g431xx.o(.text)
    I2C1_ER_IRQHandler                       0x0800029b   Thumb Code     0  startup_stm32g431xx.o(.text)
    I2C1_EV_IRQHandler                       0x0800029b   Thumb Code     0  startup_stm32g431xx.o(.text)
    I2C2_ER_IRQHandler                       0x0800029b   Thumb Code     0  startup_stm32g431xx.o(.text)
    I2C2_EV_IRQHandler                       0x0800029b   Thumb Code     0  startup_stm32g431xx.o(.text)
    I2C3_ER_IRQHandler                       0x0800029b   Thumb Code     0  startup_stm32g431xx.o(.text)
    I2C3_EV_IRQHandler                       0x0800029b   Thumb Code     0  startup_stm32g431xx.o(.text)
    LPTIM1_IRQHandler                        0x0800029b   Thumb Code     0  startup_stm32g431xx.o(.text)
    LPUART1_IRQHandler                       0x0800029b   Thumb Code     0  startup_stm32g431xx.o(.text)
    PVD_PVM_IRQHandler                       0x0800029b   Thumb Code     0  startup_stm32g431xx.o(.text)
    RCC_IRQHandler                           0x0800029b   Thumb Code     0  startup_stm32g431xx.o(.text)
    RNG_IRQHandler                           0x0800029b   Thumb Code     0  startup_stm32g431xx.o(.text)
    RTC_Alarm_IRQHandler                     0x0800029b   Thumb Code     0  startup_stm32g431xx.o(.text)
    RTC_TAMP_LSECSS_IRQHandler               0x0800029b   Thumb Code     0  startup_stm32g431xx.o(.text)
    RTC_WKUP_IRQHandler                      0x0800029b   Thumb Code     0  startup_stm32g431xx.o(.text)
    SAI1_IRQHandler                          0x0800029b   Thumb Code     0  startup_stm32g431xx.o(.text)
    SPI1_IRQHandler                          0x0800029b   Thumb Code     0  startup_stm32g431xx.o(.text)
    SPI2_IRQHandler                          0x0800029b   Thumb Code     0  startup_stm32g431xx.o(.text)
    SPI3_IRQHandler                          0x0800029b   Thumb Code     0  startup_stm32g431xx.o(.text)
    TIM1_BRK_TIM15_IRQHandler                0x0800029b   Thumb Code     0  startup_stm32g431xx.o(.text)
    TIM1_CC_IRQHandler                       0x0800029b   Thumb Code     0  startup_stm32g431xx.o(.text)
    TIM1_TRG_COM_TIM17_IRQHandler            0x0800029b   Thumb Code     0  startup_stm32g431xx.o(.text)
    TIM2_IRQHandler                          0x0800029b   Thumb Code     0  startup_stm32g431xx.o(.text)
    TIM3_IRQHandler                          0x0800029b   Thumb Code     0  startup_stm32g431xx.o(.text)
    TIM4_IRQHandler                          0x0800029b   Thumb Code     0  startup_stm32g431xx.o(.text)
    TIM6_DAC_IRQHandler                      0x0800029b   Thumb Code     0  startup_stm32g431xx.o(.text)
    TIM7_IRQHandler                          0x0800029b   Thumb Code     0  startup_stm32g431xx.o(.text)
    TIM8_BRK_IRQHandler                      0x0800029b   Thumb Code     0  startup_stm32g431xx.o(.text)
    TIM8_CC_IRQHandler                       0x0800029b   Thumb Code     0  startup_stm32g431xx.o(.text)
    TIM8_TRG_COM_IRQHandler                  0x0800029b   Thumb Code     0  startup_stm32g431xx.o(.text)
    TIM8_UP_IRQHandler                       0x0800029b   Thumb Code     0  startup_stm32g431xx.o(.text)
    UART4_IRQHandler                         0x0800029b   Thumb Code     0  startup_stm32g431xx.o(.text)
    UCPD1_IRQHandler                         0x0800029b   Thumb Code     0  startup_stm32g431xx.o(.text)
    USART1_IRQHandler                        0x0800029b   Thumb Code     0  startup_stm32g431xx.o(.text)
    USART2_IRQHandler                        0x0800029b   Thumb Code     0  startup_stm32g431xx.o(.text)
    USART3_IRQHandler                        0x0800029b   Thumb Code     0  startup_stm32g431xx.o(.text)
    USBWakeUp_IRQHandler                     0x0800029b   Thumb Code     0  startup_stm32g431xx.o(.text)
    USB_HP_IRQHandler                        0x0800029b   Thumb Code     0  startup_stm32g431xx.o(.text)
    USB_LP_IRQHandler                        0x0800029b   Thumb Code     0  startup_stm32g431xx.o(.text)
    WWDG_IRQHandler                          0x0800029b   Thumb Code     0  startup_stm32g431xx.o(.text)
    __user_initial_stackheap                 0x0800029d   Thumb Code     0  startup_stm32g431xx.o(.text)
    rt_hw_interrupt_disable                  0x080002c1   Thumb Code     8  context_rvds.o(.text)
    rt_hw_interrupt_enable                   0x080002c9   Thumb Code     6  context_rvds.o(.text)
    rt_hw_context_switch                     0x080002cf   Thumb Code    32  context_rvds.o(.text)
    rt_hw_context_switch_interrupt           0x080002cf   Thumb Code     0  context_rvds.o(.text)
    PendSV_Handler                           0x080002ef   Thumb Code   108  context_rvds.o(.text)
    rt_hw_context_switch_to                  0x0800035b   Thumb Code    68  context_rvds.o(.text)
    rt_hw_interrupt_thread_switch            0x0800039f   Thumb Code     2  context_rvds.o(.text)
    HardFault_Handler                        0x080003a1   Thumb Code    56  context_rvds.o(.text)
    __aeabi_uldivmod                         0x080003f5   Thumb Code     0  lludivv7m.o(.text)
    _ll_udiv                                 0x080003f5   Thumb Code   238  lludivv7m.o(.text)
    __2sprintf                               0x080004e5   Thumb Code    34  noretval__2sprintf.o(.text)
    __printf                                 0x0800050d   Thumb Code   104  __printf.o(.text)
    _printf_int_dec                          0x08000575   Thumb Code   104  _printf_dec.o(.text)
    strcpy                                   0x080005ed   Thumb Code    72  strcpy.o(.text)
    strlen                                   0x08000635   Thumb Code    62  strlen.o(.text)
    strncmp                                  0x08000673   Thumb Code   150  strncmp.o(.text)
    strcat                                   0x08000709   Thumb Code    24  strcat.o(.text)
    __aeabi_memcpy4                          0x08000721   Thumb Code     0  rt_memcpy_w.o(.text)
    __aeabi_memcpy8                          0x08000721   Thumb Code     0  rt_memcpy_w.o(.text)
    __rt_memcpy_w                            0x08000721   Thumb Code   100  rt_memcpy_w.o(.text)
    _memcpy_lastbytes_aligned                0x08000769   Thumb Code     0  rt_memcpy_w.o(.text)
    __aeabi_memclr                           0x08000785   Thumb Code     0  rt_memclr.o(.text)
    __rt_memclr                              0x08000785   Thumb Code    68  rt_memclr.o(.text)
    _memset                                  0x08000789   Thumb Code     0  rt_memclr.o(.text)
    __aeabi_memclr4                          0x080007c9   Thumb Code     0  rt_memclr_w.o(.text)
    __aeabi_memclr8                          0x080007c9   Thumb Code     0  rt_memclr_w.o(.text)
    __rt_memclr_w                            0x080007c9   Thumb Code    78  rt_memclr_w.o(.text)
    _memset_w                                0x080007cd   Thumb Code     0  rt_memclr_w.o(.text)
    strncpy                                  0x08000817   Thumb Code    86  strncpy.o(.text)
    __use_two_region_memory                  0x0800086d   Thumb Code     2  heapauxi.o(.text)
    __rt_heap_escrow$2region                 0x0800086f   Thumb Code     2  heapauxi.o(.text)
    __rt_heap_expand$2region                 0x08000871   Thumb Code     2  heapauxi.o(.text)
    _printf_int_common                       0x08000873   Thumb Code   178  _printf_intcommon.o(.text)
    _printf_char_common                      0x0800092f   Thumb Code    32  _printf_char_common.o(.text)
    _sputc                                   0x08000955   Thumb Code    10  _sputc.o(.text)
    __user_setup_stackheap                   0x0800095f   Thumb Code    74  sys_stackheap_outer.o(.text)
    exit                                     0x080009a9   Thumb Code    18  exit.o(.text)
    __user_libspace                          0x080009bd   Thumb Code     8  libspace.o(.text)
    __user_perproc_libspace                  0x080009bd   Thumb Code     0  libspace.o(.text)
    __user_perthread_libspace                0x080009bd   Thumb Code     0  libspace.o(.text)
    _sys_exit                                0x080009c5   Thumb Code     8  sys_exit.o(.text)
    __I$use$semihosting                      0x080009d1   Thumb Code     0  use_no_semi.o(.text)
    __use_no_semihosting_swi                 0x080009d1   Thumb Code     2  use_no_semi.o(.text)
    __semihosting_library_function           0x080009d3   Thumb Code     0  indicate_semi.o(.text)
    main                                     0x080009d3   Thumb Code    10  components.o(i.$Sub$$main)
    ADC_ConversionStop                       0x080009dd   Thumb Code   220  stm32g4xx_hal_adc.o(i.ADC_ConversionStop)
    ADC_Disable                              0x08000ac1   Thumb Code   106  stm32g4xx_hal_adc.o(i.ADC_Disable)
    ADC_Enable                               0x08000b31   Thumb Code   110  stm32g4xx_hal_adc.o(i.ADC_Enable)
    BusFault_Handler                         0x08000ba5   Thumb Code     2  stm32g4xx_it.o(i.BusFault_Handler)
    DebugMon_Handler                         0x08000ba7   Thumb Code     2  stm32g4xx_it.o(i.DebugMon_Handler)
    Delay_LCD                                0x08000ba9   Thumb Code    28  lcd.o(i.Delay_LCD)
    Error_Handler                            0x08000bc5   Thumb Code     4  main.o(i.Error_Handler)
    HAL_ADCEx_MultiModeConfigChannel         0x08000bc9   Thumb Code   208  stm32g4xx_hal_adc_ex.o(i.HAL_ADCEx_MultiModeConfigChannel)
    HAL_ADC_ConfigChannel                    0x08000ca1   Thumb Code   998  stm32g4xx_hal_adc.o(i.HAL_ADC_ConfigChannel)
    HAL_ADC_GetValue                         0x080010b9   Thumb Code     6  stm32g4xx_hal_adc.o(i.HAL_ADC_GetValue)
    HAL_ADC_Init                             0x080010c1   Thumb Code   476  stm32g4xx_hal_adc.o(i.HAL_ADC_Init)
    HAL_ADC_MspInit                          0x080012bd   Thumb Code   210  adc.o(i.HAL_ADC_MspInit)
    HAL_ADC_PollForConversion                0x080013a1   Thumb Code   242  stm32g4xx_hal_adc.o(i.HAL_ADC_PollForConversion)
    HAL_ADC_Start                            0x0800149d   Thumb Code   230  stm32g4xx_hal_adc.o(i.HAL_ADC_Start)
    HAL_ADC_Stop                             0x08001591   Thumb Code    62  stm32g4xx_hal_adc.o(i.HAL_ADC_Stop)
    HAL_Delay                                0x080015d1   Thumb Code    32  stm32g4xx_hal.o(i.HAL_Delay)
    HAL_GPIO_Init                            0x080015f5   Thumb Code   550  stm32g4xx_hal_gpio.o(i.HAL_GPIO_Init)
    HAL_GPIO_ReadPin                         0x0800183d   Thumb Code    10  stm32g4xx_hal_gpio.o(i.HAL_GPIO_ReadPin)
    HAL_GPIO_WritePin                        0x08001847   Thumb Code    10  stm32g4xx_hal_gpio.o(i.HAL_GPIO_WritePin)
    HAL_GetTick                              0x08001851   Thumb Code     6  stm32g4xx_hal.o(i.HAL_GetTick)
    HAL_IncTick                              0x0800185d   Thumb Code    12  stm32g4xx_hal.o(i.HAL_IncTick)
    HAL_Init                                 0x0800186d   Thumb Code    30  stm32g4xx_hal.o(i.HAL_Init)
    HAL_InitTick                             0x0800188d   Thumb Code   116  stm32g4xx_hal_timebase_tim.o(i.HAL_InitTick)
    HAL_MspInit                              0x08001915   Thumb Code    42  stm32g4xx_hal_msp.o(i.HAL_MspInit)
    HAL_NVIC_EnableIRQ                       0x08001945   Thumb Code    26  stm32g4xx_hal_cortex.o(i.HAL_NVIC_EnableIRQ)
    HAL_NVIC_SetPriority                     0x08001961   Thumb Code    60  stm32g4xx_hal_cortex.o(i.HAL_NVIC_SetPriority)
    HAL_NVIC_SetPriorityGrouping             0x080019a1   Thumb Code    26  stm32g4xx_hal_cortex.o(i.HAL_NVIC_SetPriorityGrouping)
    HAL_PWREx_ControlVoltageScaling          0x080019c5   Thumb Code   174  stm32g4xx_hal_pwr_ex.o(i.HAL_PWREx_ControlVoltageScaling)
    HAL_PWREx_DisableUCPDDeadBattery         0x08001a81   Thumb Code    12  stm32g4xx_hal_pwr_ex.o(i.HAL_PWREx_DisableUCPDDeadBattery)
    HAL_RCCEx_PeriphCLKConfig                0x08001a91   Thumb Code   638  stm32g4xx_hal_rcc_ex.o(i.HAL_RCCEx_PeriphCLKConfig)
    HAL_RCC_ClockConfig                      0x08001d19   Thumb Code   444  stm32g4xx_hal_rcc.o(i.HAL_RCC_ClockConfig)
    HAL_RCC_GetClockConfig                   0x08001ef5   Thumb Code    54  stm32g4xx_hal_rcc.o(i.HAL_RCC_GetClockConfig)
    HAL_RCC_GetHCLKFreq                      0x08001f35   Thumb Code     6  stm32g4xx_hal_rcc.o(i.HAL_RCC_GetHCLKFreq)
    HAL_RCC_GetPCLK1Freq                     0x08001f41   Thumb Code    24  stm32g4xx_hal_rcc.o(i.HAL_RCC_GetPCLK1Freq)
    HAL_RCC_GetPCLK2Freq                     0x08001f65   Thumb Code    24  stm32g4xx_hal_rcc.o(i.HAL_RCC_GetPCLK2Freq)
    HAL_RCC_GetSysClockFreq                  0x08001f89   Thumb Code    98  stm32g4xx_hal_rcc.o(i.HAL_RCC_GetSysClockFreq)
    HAL_RCC_OscConfig                        0x08001ff9   Thumb Code  1036  stm32g4xx_hal_rcc.o(i.HAL_RCC_OscConfig)
    HAL_SYSTICK_Config                       0x08002405   Thumb Code    40  stm32g4xx_hal_cortex.o(i.HAL_SYSTICK_Config)
    HAL_TIMEx_Break2Callback                 0x0800242d   Thumb Code     2  stm32g4xx_hal_tim_ex.o(i.HAL_TIMEx_Break2Callback)
    HAL_TIMEx_BreakCallback                  0x0800242f   Thumb Code     2  stm32g4xx_hal_tim_ex.o(i.HAL_TIMEx_BreakCallback)
    HAL_TIMEx_CommutCallback                 0x08002431   Thumb Code     2  stm32g4xx_hal_tim_ex.o(i.HAL_TIMEx_CommutCallback)
    HAL_TIMEx_DirectionChangeCallback        0x08002433   Thumb Code     2  stm32g4xx_hal_tim_ex.o(i.HAL_TIMEx_DirectionChangeCallback)
    HAL_TIMEx_EncoderIndexCallback           0x08002435   Thumb Code     2  stm32g4xx_hal_tim_ex.o(i.HAL_TIMEx_EncoderIndexCallback)
    HAL_TIMEx_IndexErrorCallback             0x08002437   Thumb Code     2  stm32g4xx_hal_tim_ex.o(i.HAL_TIMEx_IndexErrorCallback)
    HAL_TIMEx_MasterConfigSynchronization    0x08002439   Thumb Code   132  stm32g4xx_hal_tim_ex.o(i.HAL_TIMEx_MasterConfigSynchronization)
    HAL_TIMEx_TransitionErrorCallback        0x080024d5   Thumb Code     2  stm32g4xx_hal_tim_ex.o(i.HAL_TIMEx_TransitionErrorCallback)
    HAL_TIM_Base_Init                        0x080024d7   Thumb Code    98  stm32g4xx_hal_tim.o(i.HAL_TIM_Base_Init)
    HAL_TIM_Base_MspInit                     0x08002539   Thumb Code    30  tim.o(i.HAL_TIM_Base_MspInit)
    HAL_TIM_Base_Start_IT                    0x08002561   Thumb Code    94  stm32g4xx_hal_tim.o(i.HAL_TIM_Base_Start_IT)
    HAL_TIM_IC_CaptureCallback               0x080025d9   Thumb Code     2  stm32g4xx_hal_tim.o(i.HAL_TIM_IC_CaptureCallback)
    HAL_TIM_IRQHandler                       0x080025db   Thumb Code   508  stm32g4xx_hal_tim.o(i.HAL_TIM_IRQHandler)
    HAL_TIM_OC_DelayElapsedCallback          0x080027d7   Thumb Code     2  stm32g4xx_hal_tim.o(i.HAL_TIM_OC_DelayElapsedCallback)
    HAL_TIM_PWM_PulseFinishedCallback        0x080027d9   Thumb Code     2  stm32g4xx_hal_tim.o(i.HAL_TIM_PWM_PulseFinishedCallback)
    HAL_TIM_PeriodElapsedCallback            0x080027dd   Thumb Code    14  main.o(i.HAL_TIM_PeriodElapsedCallback)
    HAL_TIM_TriggerCallback                  0x080027f1   Thumb Code     2  stm32g4xx_hal_tim.o(i.HAL_TIM_TriggerCallback)
    HAL_UARTEx_DisableFifoMode               0x080027f3   Thumb Code    62  stm32g4xx_hal_uart_ex.o(i.HAL_UARTEx_DisableFifoMode)
    HAL_UARTEx_SetRxFifoThreshold            0x08002831   Thumb Code    76  stm32g4xx_hal_uart_ex.o(i.HAL_UARTEx_SetRxFifoThreshold)
    HAL_UARTEx_SetTxFifoThreshold            0x0800287d   Thumb Code    76  stm32g4xx_hal_uart_ex.o(i.HAL_UARTEx_SetTxFifoThreshold)
    HAL_UART_Init                            0x080028c9   Thumb Code   106  stm32g4xx_hal_uart.o(i.HAL_UART_Init)
    HAL_UART_MspInit                         0x08002935   Thumb Code   116  usart.o(i.HAL_UART_MspInit)
    HAL_UART_Transmit                        0x080029b1   Thumb Code   188  stm32g4xx_hal_uart.o(i.HAL_UART_Transmit)
    LCD_BusIn                                0x08002b71   Thumb Code    40  lcd.o(i.LCD_BusIn)
    LCD_BusOut                               0x08002b9d   Thumb Code    42  lcd.o(i.LCD_BusOut)
    LCD_Clear                                0x08002bcd   Thumb Code    36  lcd.o(i.LCD_Clear)
    LCD_CtrlLinesConfig                      0x08002bf1   Thumb Code   136  lcd.o(i.LCD_CtrlLinesConfig)
    LCD_DisplayChar                          0x08002c81   Thumb Code    18  lcd.o(i.LCD_DisplayChar)
    LCD_DisplayStringLine                    0x08002c99   Thumb Code    42  lcd.o(i.LCD_DisplayStringLine)
    LCD_DrawChar                             0x08002cc5   Thumb Code    84  lcd.o(i.LCD_DrawChar)
    LCD_Init                                 0x08002d1d   Thumb Code    46  lcd.o(i.LCD_Init)
    LCD_ReadReg                              0x08002d51   Thumb Code   120  lcd.o(i.LCD_ReadReg)
    LCD_SetBackColor                         0x08002dd1   Thumb Code    12  lcd.o(i.LCD_SetBackColor)
    LCD_SetCursor                            0x08002de1   Thumb Code    24  lcd.o(i.LCD_SetCursor)
    LCD_SetTextColor                         0x08002df9   Thumb Code    12  lcd.o(i.LCD_SetTextColor)
    LCD_WriteRAM                             0x08002e09   Thumb Code    80  lcd.o(i.LCD_WriteRAM)
    LCD_WriteRAM_Prepare                     0x08002e61   Thumb Code    82  lcd.o(i.LCD_WriteRAM_Prepare)
    LCD_WriteReg                             0x08002ebd   Thumb Code   100  lcd.o(i.LCD_WriteReg)
    LED_Close                                0x08002f29   Thumb Code    40  main.o(i.LED_Close)
    LED_OFF                                  0x08002f59   Thumb Code    60  main.o(i.LED_OFF)
    LED_ON                                   0x08002fa1   Thumb Code    58  main.o(i.LED_ON)
    MX_ADC1_Init                             0x08003075   Thumb Code   136  adc.o(i.MX_ADC1_Init)
    MX_ADC2_Init                             0x08003105   Thumb Code   110  adc.o(i.MX_ADC2_Init)
    MX_GPIO_Init                             0x08003181   Thumb Code   232  gpio.o(i.MX_GPIO_Init)
    MX_TIM6_Init                             0x08003279   Thumb Code    62  tim.o(i.MX_TIM6_Init)
    MX_USART1_UART_Init                      0x080032c1   Thumb Code    94  usart.o(i.MX_USART1_UART_Init)
    MemManage_Handler                        0x08003329   Thumb Code     2  stm32g4xx_it.o(i.MemManage_Handler)
    NMI_Handler                              0x0800332b   Thumb Code     2  stm32g4xx_it.o(i.NMI_Handler)
    REG_8230_Init                            0x0800332d   Thumb Code   274  lcd.o(i.REG_8230_Init)
    REG_932X_Init                            0x0800343f   Thumb Code   514  lcd.o(i.REG_932X_Init)
    StartTest                                0x08003641   Thumb Code   122  main.o(i.StartTest)
    SysTick_Handler                          0x08003705   Thumb Code    18  board.o(i.SysTick_Handler)
    SystemClock_Config                       0x08003717   Thumb Code   106  main.o(i.SystemClock_Config)
    SystemCoreClockUpdate                    0x08003781   Thumb Code   108  system_stm32g4xx.o(i.SystemCoreClockUpdate)
    SystemInit                               0x08003801   Thumb Code    12  system_stm32g4xx.o(i.SystemInit)
    TIM1_UP_TIM16_IRQHandler                 0x08003811   Thumb Code     6  stm32g4xx_it.o(i.TIM1_UP_TIM16_IRQHandler)
    TIM_Base_SetConfig                       0x0800381d   Thumb Code   146  stm32g4xx_hal_tim.o(i.TIM_Base_SetConfig)
    UART_AdvFeatureConfig                    0x08003911   Thumb Code   200  stm32g4xx_hal_uart.o(i.UART_AdvFeatureConfig)
    UART_CheckIdleState                      0x080039d9   Thumb Code    96  stm32g4xx_hal_uart.o(i.UART_CheckIdleState)
    UART_SetConfig                           0x08003a39   Thumb Code   582  stm32g4xx_hal_uart.o(i.UART_SetConfig)
    UART_WaitOnFlagUntilTimeout              0x08003cad   Thumb Code   198  stm32g4xx_hal_uart.o(i.UART_WaitOnFlagUntilTimeout)
    UsageFault_Handler                       0x08003d73   Thumb Code     2  stm32g4xx_it.o(i.UsageFault_Handler)
    __rt_ffs                                 0x08003d95   Thumb Code    64  kservice.o(i.__rt_ffs)
    cmd_free                                 0x08004011   Thumb Code    10  msh.o(i.cmd_free)
    cmd_ps                                   0x0800401b   Thumb Code    10  msh.o(i.cmd_ps)
    finsh_get_prompt                         0x08004025   Thumb Code    66  shell.o(i.finsh_get_prompt)
    finsh_set_prompt_mode                    0x08004085   Thumb Code    16  shell.o(i.finsh_set_prompt_mode)
    finsh_system_function_init               0x08004099   Thumb Code     8  shell.o(i.finsh_system_function_init)
    finsh_system_init                        0x080040a5   Thumb Code    90  shell.o(i.finsh_system_init)
    finsh_thread_entry                       0x08004139   Thumb Code   612  shell.o(i.finsh_thread_entry)
    getADC_R37                               0x080043c5   Thumb Code    34  main.o(i.getADC_R37)
    getADC_R38                               0x080043ed   Thumb Code    34  main.o(i.getADC_R38)
    hello                                    0x0800448d   Thumb Code    12  cmd.o(i.hello)
    list                                     0x0800455d   Thumb Code    50  cmd.o(i.list)
    list_event                               0x080045c1   Thumb Code   184  cmd.o(i.list_event)
    list_mem                                 0x0800477d   Thumb Code    32  mem.o(i.list_mem)
    list_mutex                               0x080047e9   Thumb Code   146  cmd.o(i.list_mutex)
    list_sem                                 0x080048e1   Thumb Code   188  cmd.o(i.list_sem)
    list_thread                              0x080049fd   Thumb Code   250  cmd.o(i.list_thread)
    list_timer                               0x08004bb5   Thumb Code   160  cmd.o(i.list_timer)
    $Super$$main                             0x08004cf5   Thumb Code   240  main.o(i.main)
    main_thread_entry                        0x08004ed1   Thumb Code    14  components.o(i.main_thread_entry)
    msh_auto_complete                        0x08004fb9   Thumb Code   150  msh.o(i.msh_auto_complete)
    msh_exec                                 0x08005065   Thumb Code    74  msh.o(i.msh_exec)
    msh_help                                 0x080050c9   Thumb Code    58  msh.o(i.msh_help)
    msh_is_used                              0x08005141   Thumb Code     4  msh.o(i.msh_is_used)
    rt_application_init                      0x080053b1   Thumb Code    32  components.o(i.rt_application_init)
    rt_calloc                                0x080053dd   Thumb Code    26  mem.o(i.rt_calloc)
    rt_components_board_init                 0x080053f9   Thumb Code    20  components.o(i.rt_components_board_init)
    rt_components_init                       0x08005415   Thumb Code    20  components.o(i.rt_components_init)
    rt_enter_critical                        0x08005431   Thumb Code    22  scheduler.o(i.rt_enter_critical)
    rt_event_create                          0x0800544d   Thumb Code    32  ipc.o(i.rt_event_create)
    rt_event_recv                            0x0800546d   Thumb Code   208  ipc.o(i.rt_event_recv)
    rt_event_send                            0x0800553d   Thumb Code   146  ipc.o(i.rt_event_send)
    rt_exit_critical                         0x080055d1   Thumb Code    52  scheduler.o(i.rt_exit_critical)
    rt_free                                  0x08005609   Thumb Code   112  mem.o(i.rt_free)
    rt_heap_begin_get                        0x080056cd   Thumb Code     4  board.o(i.rt_heap_begin_get)
    rt_heap_end_get                          0x080056d5   Thumb Code     4  board.o(i.rt_heap_end_get)
    rt_hw_board_init                         0x080056dd   Thumb Code    54  board.o(i.rt_hw_board_init)
    rt_hw_console_getchar                    0x08005715   Thumb Code    34  board.o(i.rt_hw_console_getchar)
    rt_hw_console_output                     0x0800573d   Thumb Code    66  board.o(i.rt_hw_console_output)
    rt_hw_hard_fault_exception               0x08005785   Thumb Code   198  cpuport.o(i.rt_hw_hard_fault_exception)
    rt_hw_stack_init                         0x0800599d   Thumb Code    54  cpuport.o(i.rt_hw_stack_init)
    rt_interrupt_enter                       0x080059d9   Thumb Code    22  irq.o(i.rt_interrupt_enter)
    rt_interrupt_leave                       0x080059f5   Thumb Code    22  irq.o(i.rt_interrupt_leave)
    rt_kprintf                               0x08005a65   Thumb Code    28  kservice.o(i.rt_kprintf)
    rt_malloc                                0x08005b05   Thumb Code   232  mem.o(i.rt_malloc)
    rt_memmove                               0x08005bf5   Thumb Code    50  kservice.o(i.rt_memmove)
    rt_memset                                0x08005c29   Thumb Code    70  kservice.o(i.rt_memset)
    rt_object_allocate                       0x08005c6f   Thumb Code    80  object.o(i.rt_object_allocate)
    rt_object_delete                         0x08005cbf   Thumb Code    38  object.o(i.rt_object_delete)
    rt_object_detach                         0x08005ce5   Thumb Code    32  object.o(i.rt_object_detach)
    rt_object_get_information                0x08005d05   Thumb Code    30  object.o(i.rt_object_get_information)
    rt_object_init                           0x08005d29   Thumb Code    80  object.o(i.rt_object_init)
    rt_object_is_systemobject                0x08005d79   Thumb Code    14  object.o(i.rt_object_is_systemobject)
    rt_schedule                              0x08005d89   Thumb Code    76  scheduler.o(i.rt_schedule)
    rt_schedule_insert_thread                0x08005de1   Thumb Code    70  scheduler.o(i.rt_schedule_insert_thread)
    rt_schedule_remove_thread                0x08005e31   Thumb Code    64  scheduler.o(i.rt_schedule_remove_thread)
    rt_sem_init                              0x08005e79   Thumb Code    36  ipc.o(i.rt_sem_init)
    rt_sem_release                           0x08005e9d   Thumb Code    74  ipc.o(i.rt_sem_release)
    rt_sem_take                              0x08005ee7   Thumb Code   110  ipc.o(i.rt_sem_take)
    rt_show_version                          0x08005f55   Thumb Code    40  kservice.o(i.rt_show_version)
    rt_strlen                                0x08006005   Thumb Code    16  kservice.o(i.rt_strlen)
    rt_strncpy                               0x08006015   Thumb Code    38  kservice.o(i.rt_strncpy)
    rt_system_heap_init                      0x0800603d   Thumb Code    96  mem.o(i.rt_system_heap_init)
    rt_system_scheduler_init                 0x080060e9   Thumb Code    44  scheduler.o(i.rt_system_scheduler_init)
    rt_system_scheduler_start                0x0800611d   Thumb Code    32  scheduler.o(i.rt_system_scheduler_start)
    rt_system_timer_init                     0x08006145   Thumb Code     8  timer.o(i.rt_system_timer_init)
    rt_system_timer_thread_init              0x08006151   Thumb Code     2  timer.o(i.rt_system_timer_thread_init)
    rt_thread_create                         0x08006153   Thumb Code    72  thread.o(i.rt_thread_create)
    rt_thread_delay                          0x0800619b   Thumb Code     4  thread.o(i.rt_thread_delay)
    rt_thread_exit                           0x080061a1   Thumb Code    82  thread.o(i.rt_thread_exit)
    rt_thread_idle_excute                    0x08006205   Thumb Code    70  idle.o(i.rt_thread_idle_excute)
    rt_thread_idle_init                      0x08006251   Thumb Code    40  idle.o(i.rt_thread_idle_init)
    rt_thread_init                           0x08006289   Thumb Code    48  thread.o(i.rt_thread_init)
    rt_thread_mdelay                         0x080062b9   Thumb Code    14  thread.o(i.rt_thread_mdelay)
    rt_thread_resume                         0x080062c7   Thumb Code    60  thread.o(i.rt_thread_resume)
    rt_thread_self                           0x08006305   Thumb Code     6  thread.o(i.rt_thread_self)
    rt_thread_sleep                          0x08006311   Thumb Code    60  thread.o(i.rt_thread_sleep)
    rt_thread_startup                        0x08006351   Thumb Code    40  thread.o(i.rt_thread_startup)
    rt_thread_suspend                        0x0800637d   Thumb Code    66  thread.o(i.rt_thread_suspend)
    rt_thread_timeout                        0x080063bf   Thumb Code    32  thread.o(i.rt_thread_timeout)
    rt_thread_yield                          0x080063e1   Thumb Code    86  thread.o(i.rt_thread_yield)
    rt_tick_from_millisecond                 0x08006441   Thumb Code    50  clock.o(i.rt_tick_from_millisecond)
    rt_tick_get                              0x08006475   Thumb Code     6  clock.o(i.rt_tick_get)
    rt_tick_increase                         0x08006481   Thumb Code    38  clock.o(i.rt_tick_increase)
    rt_timer_check                           0x080064ad   Thumb Code   136  timer.o(i.rt_timer_check)
    rt_timer_control                         0x08006539   Thumb Code    72  timer.o(i.rt_timer_control)
    rt_timer_detach                          0x08006581   Thumb Code    40  timer.o(i.rt_timer_detach)
    rt_timer_init                            0x080065a9   Thumb Code    40  timer.o(i.rt_timer_init)
    rt_timer_start                           0x080065d1   Thumb Code   126  timer.o(i.rt_timer_start)
    rt_timer_stop                            0x08006655   Thumb Code    46  timer.o(i.rt_timer_stop)
    rt_vsnprintf                             0x08006685   Thumb Code   634  kservice.o(i.rt_vsnprintf)
    rtthread_startup                         0x08006919   Thumb Code    42  components.o(i.rtthread_startup)
    version                                  0x08006b3d   Thumb Code    10  cmd.o(i.version)
    _fp_init                                 0x08006b47   Thumb Code    10  fpinit.o(x$fpl$fpinit)
    __fplib_config_fpu_vfp                   0x08006b4f   Thumb Code     0  fpinit.o(x$fpl$fpinit)
    __fplib_config_pureend_doubles           0x08006b4f   Thumb Code     0  fpinit.o(x$fpl$fpinit)
    ASCII_Table                              0x08006b50   Data        4560  lcd.o(.constdata)
    UARTPrescTable                           0x08007d20   Data          24  stm32g4xx_hal_uart.o(.constdata)
    AHBPrescTable                            0x08007d48   Data          16  system_stm32g4xx.o(.constdata)
    APBPrescTable                            0x08007d58   Data           8  system_stm32g4xx.o(.constdata)
    __lowest_bit_bitmap                      0x08007d60   Data         256  kservice.o(.constdata)
    __fsym___cmd_StartTest_name              0x08007ec8   Data          16  main.o(.rodata.name)
    __fsym___cmd_StartTest_desc              0x08007ed8   Data          13  main.o(.rodata.name)
    __fsym_list_mem_name                     0x08007ee5   Data           9  mem.o(.rodata.name)
    __fsym_list_mem_desc                     0x08007eee   Data          30  mem.o(.rodata.name)
    __fsym_hello_name                        0x08007f0c   Data           6  cmd.o(.rodata.name)
    __fsym_hello_desc                        0x08007f12   Data          16  cmd.o(.rodata.name)
    __fsym_version_name                      0x08007f22   Data           8  cmd.o(.rodata.name)
    __fsym_version_desc                      0x08007f2a   Data          35  cmd.o(.rodata.name)
    __fsym___cmd_version_name                0x08007f4d   Data          14  cmd.o(.rodata.name)
    __fsym___cmd_version_desc                0x08007f5b   Data          35  cmd.o(.rodata.name)
    __fsym_list_thread_name                  0x08007f7e   Data          12  cmd.o(.rodata.name)
    __fsym_list_thread_desc                  0x08007f8a   Data          12  cmd.o(.rodata.name)
    __fsym___cmd_list_thread_name            0x08007f96   Data          18  cmd.o(.rodata.name)
    __fsym___cmd_list_thread_desc            0x08007fa8   Data          12  cmd.o(.rodata.name)
    __fsym_list_sem_name                     0x08007fb4   Data           9  cmd.o(.rodata.name)
    __fsym_list_sem_desc                     0x08007fbd   Data          25  cmd.o(.rodata.name)
    __fsym___cmd_list_sem_name               0x08007fd6   Data          15  cmd.o(.rodata.name)
    __fsym___cmd_list_sem_desc               0x08007fe5   Data          25  cmd.o(.rodata.name)
    __fsym_list_event_name                   0x08007ffe   Data          11  cmd.o(.rodata.name)
    __fsym_list_event_desc                   0x08008009   Data          21  cmd.o(.rodata.name)
    __fsym___cmd_list_event_name             0x0800801e   Data          17  cmd.o(.rodata.name)
    __fsym___cmd_list_event_desc             0x0800802f   Data          21  cmd.o(.rodata.name)
    __fsym_list_mutex_name                   0x08008044   Data          11  cmd.o(.rodata.name)
    __fsym_list_mutex_desc                   0x0800804f   Data          21  cmd.o(.rodata.name)
    __fsym___cmd_list_mutex_name             0x08008064   Data          17  cmd.o(.rodata.name)
    __fsym___cmd_list_mutex_desc             0x08008075   Data          21  cmd.o(.rodata.name)
    __fsym_list_timer_name                   0x0800808a   Data          11  cmd.o(.rodata.name)
    __fsym_list_timer_desc                   0x08008095   Data          21  cmd.o(.rodata.name)
    __fsym___cmd_list_timer_name             0x080080aa   Data          17  cmd.o(.rodata.name)
    __fsym___cmd_list_timer_desc             0x080080bb   Data          21  cmd.o(.rodata.name)
    __fsym_list_name                         0x080080d0   Data           5  cmd.o(.rodata.name)
    __fsym_list_desc                         0x080080d5   Data          26  cmd.o(.rodata.name)
    __fsym___cmd_help_name                   0x080080ef   Data          11  msh.o(.rodata.name)
    __fsym___cmd_help_desc                   0x080080fa   Data          22  msh.o(.rodata.name)
    __fsym___cmd_ps_name                     0x08008110   Data           9  msh.o(.rodata.name)
    __fsym___cmd_ps_desc                     0x08008119   Data          28  msh.o(.rodata.name)
    __fsym___cmd_free_name                   0x08008135   Data          11  msh.o(.rodata.name)
    __fsym___cmd_free_desc                   0x08008140   Data          37  msh.o(.rodata.name)
    __rt_init_rti_start                      0x08008168   Data           4  components.o(.rti_fn.0)
    __rt_init_rti_board_start                0x0800816c   Data           4  components.o(.rti_fn.0.end)
    __rt_init_uart_init                      0x08008170   Data           4  board.o(.rti_fn.1)
    __rt_init_rti_board_end                  0x08008174   Data           4  components.o(.rti_fn.1.end)
    __rt_init_finsh_system_init              0x08008178   Data           4  shell.o(.rti_fn.6)
    __rt_init_rti_end                        0x0800817c   Data           4  components.o(.rti_fn.6.end)
    FSymTab$$Base                            0x08008180   Number         0  main.o(FSymTab)
    __fsym___cmd_StartTest                   0x08008180   Data          12  main.o(FSymTab)
    __fsym_list_mem                          0x0800818c   Data          12  mem.o(FSymTab)
    __fsym_hello                             0x08008198   Data          12  cmd.o(FSymTab)
    __fsym_version                           0x080081a4   Data          12  cmd.o(FSymTab)
    __fsym___cmd_version                     0x080081b0   Data          12  cmd.o(FSymTab)
    __fsym_list_thread                       0x080081bc   Data          12  cmd.o(FSymTab)
    __fsym___cmd_list_thread                 0x080081c8   Data          12  cmd.o(FSymTab)
    __fsym_list_sem                          0x080081d4   Data          12  cmd.o(FSymTab)
    __fsym___cmd_list_sem                    0x080081e0   Data          12  cmd.o(FSymTab)
    __fsym_list_event                        0x080081ec   Data          12  cmd.o(FSymTab)
    __fsym___cmd_list_event                  0x080081f8   Data          12  cmd.o(FSymTab)
    __fsym_list_mutex                        0x08008204   Data          12  cmd.o(FSymTab)
    __fsym___cmd_list_mutex                  0x08008210   Data          12  cmd.o(FSymTab)
    __fsym_list_timer                        0x0800821c   Data          12  cmd.o(FSymTab)
    __fsym___cmd_list_timer                  0x08008228   Data          12  cmd.o(FSymTab)
    __fsym_list                              0x08008234   Data          12  cmd.o(FSymTab)
    __fsym___cmd_help                        0x08008240   Data          12  msh.o(FSymTab)
    __fsym___cmd_ps                          0x0800824c   Data          12  msh.o(FSymTab)
    __fsym___cmd_free                        0x08008258   Data          12  msh.o(FSymTab)
    FSymTab$$Limit                           0x08008264   Number         0  msh.o(FSymTab)
    Region$$Table$$Base                      0x08008264   Number         0  anon$$obj.o(Region$$Table)
    Region$$Table$$Limit                     0x08008284   Number         0  anon$$obj.o(Region$$Table)
    dummy                                    0x20000004   Data           2  lcd.o(.data)
    keystart                                 0x20000008   Data           1  main.o(.data)
    interface                                0x20000009   Data           1  main.o(.data)
    gata                                     0x2000000a   Data           1  main.o(.data)
    LED_ALL                                  0x2000000c   Data           2  main.o(.data)
    key_press_time                           0x20000010   Data           4  main.o(.data)
    uwTickPrio                               0x2000002c   Data           4  stm32g4xx_hal.o(.data)
    uwTickFreq                               0x20000030   Data           4  stm32g4xx_hal.o(.data)
    uwTick                                   0x20000034   Data           4  stm32g4xx_hal.o(.data)
    SystemCoreClock                          0x20000038   Data           4  system_stm32g4xx.o(.data)
    rt_interrupt_nest                        0x20000040   Data           1  irq.o(.data)
    rt_current_priority                      0x200000ac   Data           1  scheduler.o(.data)
    rt_current_thread                        0x200000b0   Data           4  scheduler.o(.data)
    rt_thread_ready_priority_group           0x200000b4   Data           4  scheduler.o(.data)
    rt_thread_defunct                        0x200000b8   Data           8  scheduler.o(.data)
    rt_interrupt_from_thread                 0x200000d0   Data           4  cpuport.o(.data)
    rt_interrupt_to_thread                   0x200000d4   Data           4  cpuport.o(.data)
    rt_thread_switch_interrupt_flag          0x200000d8   Data           4  cpuport.o(.data)
    _syscall_table_begin                     0x200000dc   Data           4  shell.o(.data)
    _syscall_table_end                       0x200000e0   Data           4  shell.o(.data)
    _sysvar_table_begin                      0x200000e4   Data           4  shell.o(.data)
    _sysvar_table_end                        0x200000e8   Data           4  shell.o(.data)
    shell                                    0x200000f0   Data           4  shell.o(.data)
    str                                      0x200000f4   Data          20  main.o(.bss)
    hadc1                                    0x20000108   Data         108  adc.o(.bss)
    hadc2                                    0x20000174   Data         108  adc.o(.bss)
    htim6                                    0x200001e0   Data          76  tim.o(.bss)
    huart1                                   0x2000022c   Data         144  usart.o(.bss)
    htim1                                    0x200002bc   Data          76  stm32g4xx_hal_timebase_tim.o(.bss)
    rt_thread_priority_table                 0x20000528   Data         256  scheduler.o(.bss)
    __libspace_start                         0x2000433c   Data          96  libspace.o(.bss)
    __temporary_stack_top$libspace           0x2000439c   Data           0  libspace.o(.bss)



==============================================================================

Memory Map of the image

  Image Entry point : 0x080001d9

  Load Region LR_IROM1 (Base: 0x08000000, Size: 0x00008378, Max: 0x00020000, ABSOLUTE)

    Execution Region ER_IROM1 (Exec base: 0x08000000, Load base: 0x08000000, Size: 0x00008284, Max: 0x00020000, ABSOLUTE)

    Exec Addr    Load Addr    Size         Type   Attr      Idx    E Section Name        Object

    0x08000000   0x08000000   0x000001d8   Data   RO            3    RESET               startup_stm32g431xx.o
    0x080001d8   0x080001d8   0x00000008   Code   RO         5827  * !!!main             c_w.l(__main.o)
    0x080001e0   0x080001e0   0x00000034   Code   RO         6005    !!!scatter          c_w.l(__scatter.o)
    0x08000214   0x08000214   0x0000001a   Code   RO         6007    !!handler_copy      c_w.l(__scatter_copy.o)
    0x0800022e   0x0800022e   0x00000002   PAD
    0x08000230   0x08000230   0x0000001c   Code   RO         6009    !!handler_zi        c_w.l(__scatter_zi.o)
    0x0800024c   0x0800024c   0x00000000   Code   RO         5808    .ARM.Collect$$_printf_percent$$00000000  c_w.l(_printf_percent.o)
    0x0800024c   0x0800024c   0x00000006   Code   RO         5807    .ARM.Collect$$_printf_percent$$00000009  c_w.l(_printf_d.o)
    0x08000252   0x08000252   0x00000004   Code   RO         5840    .ARM.Collect$$_printf_percent$$00000017  c_w.l(_printf_percent_end.o)
    0x08000256   0x08000256   0x00000002   Code   RO         5873    .ARM.Collect$$libinit$$00000000  c_w.l(libinit.o)
    0x08000258   0x08000258   0x00000004   Code   RO         5885    .ARM.Collect$$libinit$$00000001  c_w.l(libinit2.o)
    0x0800025c   0x0800025c   0x00000000   Code   RO         5888    .ARM.Collect$$libinit$$00000004  c_w.l(libinit2.o)
    0x0800025c   0x0800025c   0x00000000   Code   RO         5891    .ARM.Collect$$libinit$$0000000A  c_w.l(libinit2.o)
    0x0800025c   0x0800025c   0x00000000   Code   RO         5893    .ARM.Collect$$libinit$$0000000C  c_w.l(libinit2.o)
    0x0800025c   0x0800025c   0x00000000   Code   RO         5895    .ARM.Collect$$libinit$$0000000E  c_w.l(libinit2.o)
    0x0800025c   0x0800025c   0x00000000   Code   RO         5898    .ARM.Collect$$libinit$$00000011  c_w.l(libinit2.o)
    0x0800025c   0x0800025c   0x00000000   Code   RO         5900    .ARM.Collect$$libinit$$00000013  c_w.l(libinit2.o)
    0x0800025c   0x0800025c   0x00000000   Code   RO         5902    .ARM.Collect$$libinit$$00000015  c_w.l(libinit2.o)
    0x0800025c   0x0800025c   0x00000000   Code   RO         5904    .ARM.Collect$$libinit$$00000017  c_w.l(libinit2.o)
    0x0800025c   0x0800025c   0x00000000   Code   RO         5906    .ARM.Collect$$libinit$$00000019  c_w.l(libinit2.o)
    0x0800025c   0x0800025c   0x00000000   Code   RO         5908    .ARM.Collect$$libinit$$0000001B  c_w.l(libinit2.o)
    0x0800025c   0x0800025c   0x00000000   Code   RO         5910    .ARM.Collect$$libinit$$0000001D  c_w.l(libinit2.o)
    0x0800025c   0x0800025c   0x00000000   Code   RO         5912    .ARM.Collect$$libinit$$0000001F  c_w.l(libinit2.o)
    0x0800025c   0x0800025c   0x00000000   Code   RO         5914    .ARM.Collect$$libinit$$00000021  c_w.l(libinit2.o)
    0x0800025c   0x0800025c   0x00000000   Code   RO         5916    .ARM.Collect$$libinit$$00000023  c_w.l(libinit2.o)
    0x0800025c   0x0800025c   0x00000000   Code   RO         5918    .ARM.Collect$$libinit$$00000025  c_w.l(libinit2.o)
    0x0800025c   0x0800025c   0x00000000   Code   RO         5922    .ARM.Collect$$libinit$$0000002C  c_w.l(libinit2.o)
    0x0800025c   0x0800025c   0x00000000   Code   RO         5924    .ARM.Collect$$libinit$$0000002E  c_w.l(libinit2.o)
    0x0800025c   0x0800025c   0x00000000   Code   RO         5926    .ARM.Collect$$libinit$$00000030  c_w.l(libinit2.o)
    0x0800025c   0x0800025c   0x00000000   Code   RO         5928    .ARM.Collect$$libinit$$00000032  c_w.l(libinit2.o)
    0x0800025c   0x0800025c   0x00000002   Code   RO         5929    .ARM.Collect$$libinit$$00000033  c_w.l(libinit2.o)
    0x0800025e   0x0800025e   0x00000002   Code   RO         5960    .ARM.Collect$$libshutdown$$00000000  c_w.l(libshutdown.o)
    0x08000260   0x08000260   0x00000000   Code   RO         5986    .ARM.Collect$$libshutdown$$00000002  c_w.l(libshutdown2.o)
    0x08000260   0x08000260   0x00000000   Code   RO         5988    .ARM.Collect$$libshutdown$$00000004  c_w.l(libshutdown2.o)
    0x08000260   0x08000260   0x00000000   Code   RO         5990    .ARM.Collect$$libshutdown$$00000006  c_w.l(libshutdown2.o)
    0x08000260   0x08000260   0x00000000   Code   RO         5993    .ARM.Collect$$libshutdown$$00000009  c_w.l(libshutdown2.o)
    0x08000260   0x08000260   0x00000000   Code   RO         5996    .ARM.Collect$$libshutdown$$0000000C  c_w.l(libshutdown2.o)
    0x08000260   0x08000260   0x00000000   Code   RO         5998    .ARM.Collect$$libshutdown$$0000000E  c_w.l(libshutdown2.o)
    0x08000260   0x08000260   0x00000000   Code   RO         6001    .ARM.Collect$$libshutdown$$00000011  c_w.l(libshutdown2.o)
    0x08000260   0x08000260   0x00000002   Code   RO         6002    .ARM.Collect$$libshutdown$$00000012  c_w.l(libshutdown2.o)
    0x08000262   0x08000262   0x00000000   Code   RO         5829    .ARM.Collect$$rtentry$$00000000  c_w.l(__rtentry.o)
    0x08000262   0x08000262   0x00000000   Code   RO         5842    .ARM.Collect$$rtentry$$00000002  c_w.l(__rtentry2.o)
    0x08000262   0x08000262   0x00000006   Code   RO         5854    .ARM.Collect$$rtentry$$00000004  c_w.l(__rtentry4.o)
    0x08000268   0x08000268   0x00000000   Code   RO         5844    .ARM.Collect$$rtentry$$00000009  c_w.l(__rtentry2.o)
    0x08000268   0x08000268   0x00000004   Code   RO         5845    .ARM.Collect$$rtentry$$0000000A  c_w.l(__rtentry2.o)
    0x0800026c   0x0800026c   0x00000000   Code   RO         5847    .ARM.Collect$$rtentry$$0000000C  c_w.l(__rtentry2.o)
    0x0800026c   0x0800026c   0x00000008   Code   RO         5848    .ARM.Collect$$rtentry$$0000000D  c_w.l(__rtentry2.o)
    0x08000274   0x08000274   0x00000002   Code   RO         5877    .ARM.Collect$$rtexit$$00000000  c_w.l(rtexit.o)
    0x08000276   0x08000276   0x00000000   Code   RO         5933    .ARM.Collect$$rtexit$$00000002  c_w.l(rtexit2.o)
    0x08000276   0x08000276   0x00000004   Code   RO         5934    .ARM.Collect$$rtexit$$00000003  c_w.l(rtexit2.o)
    0x0800027a   0x0800027a   0x00000006   Code   RO         5935    .ARM.Collect$$rtexit$$00000004  c_w.l(rtexit2.o)
    0x08000280   0x08000280   0x00000040   Code   RO            4    .text               startup_stm32g431xx.o
    0x080002c0   0x080002c0   0x00000134   Code   RO         4392    .text               context_rvds.o
    0x080003f4   0x080003f4   0x000000ee   Code   RO         5777    .text               c_w.l(lludivv7m.o)
    0x080004e2   0x080004e2   0x00000002   PAD
    0x080004e4   0x080004e4   0x00000028   Code   RO         5781    .text               c_w.l(noretval__2sprintf.o)
    0x0800050c   0x0800050c   0x00000068   Code   RO         5783    .text               c_w.l(__printf.o)
    0x08000574   0x08000574   0x00000078   Code   RO         5785    .text               c_w.l(_printf_dec.o)
    0x080005ec   0x080005ec   0x00000048   Code   RO         5809    .text               c_w.l(strcpy.o)
    0x08000634   0x08000634   0x0000003e   Code   RO         5811    .text               c_w.l(strlen.o)
    0x08000672   0x08000672   0x00000096   Code   RO         5813    .text               c_w.l(strncmp.o)
    0x08000708   0x08000708   0x00000018   Code   RO         5815    .text               c_w.l(strcat.o)
    0x08000720   0x08000720   0x00000064   Code   RO         5817    .text               c_w.l(rt_memcpy_w.o)
    0x08000784   0x08000784   0x00000044   Code   RO         5819    .text               c_w.l(rt_memclr.o)
    0x080007c8   0x080007c8   0x0000004e   Code   RO         5821    .text               c_w.l(rt_memclr_w.o)
    0x08000816   0x08000816   0x00000056   Code   RO         5823    .text               c_w.l(strncpy.o)
    0x0800086c   0x0800086c   0x00000006   Code   RO         5825    .text               c_w.l(heapauxi.o)
    0x08000872   0x08000872   0x000000b2   Code   RO         5834    .text               c_w.l(_printf_intcommon.o)
    0x08000924   0x08000924   0x00000030   Code   RO         5836    .text               c_w.l(_printf_char_common.o)
    0x08000954   0x08000954   0x0000000a   Code   RO         5838    .text               c_w.l(_sputc.o)
    0x0800095e   0x0800095e   0x0000004a   Code   RO         5860    .text               c_w.l(sys_stackheap_outer.o)
    0x080009a8   0x080009a8   0x00000012   Code   RO         5862    .text               c_w.l(exit.o)
    0x080009ba   0x080009ba   0x00000002   PAD
    0x080009bc   0x080009bc   0x00000008   Code   RO         5874    .text               c_w.l(libspace.o)
    0x080009c4   0x080009c4   0x0000000c   Code   RO         5930    .text               c_w.l(sys_exit.o)
    0x080009d0   0x080009d0   0x00000002   Code   RO         5949    .text               c_w.l(use_no_semi.o)
    0x080009d2   0x080009d2   0x00000000   Code   RO         5951    .text               c_w.l(indicate_semi.o)
    0x080009d2   0x080009d2   0x0000000a   Code   RO         4437    i.$Sub$$main        components.o
    0x080009dc   0x080009dc   0x000000e4   Code   RO          758    i.ADC_ConversionStop  stm32g4xx_hal_adc.o
    0x08000ac0   0x08000ac0   0x00000070   Code   RO          762    i.ADC_Disable       stm32g4xx_hal_adc.o
    0x08000b30   0x08000b30   0x00000074   Code   RO          763    i.ADC_Enable        stm32g4xx_hal_adc.o
    0x08000ba4   0x08000ba4   0x00000002   Code   RO          637    i.BusFault_Handler  stm32g4xx_it.o
    0x08000ba6   0x08000ba6   0x00000002   Code   RO          638    i.DebugMon_Handler  stm32g4xx_it.o
    0x08000ba8   0x08000ba8   0x0000001c   Code   RO           13    i.Delay_LCD         lcd.o
    0x08000bc4   0x08000bc4   0x00000004   Code   RO          333    i.Error_Handler     main.o
    0x08000bc8   0x08000bc8   0x000000d8   Code   RO         1013    i.HAL_ADCEx_MultiModeConfigChannel  stm32g4xx_hal_adc_ex.o
    0x08000ca0   0x08000ca0   0x00000418   Code   RO          765    i.HAL_ADC_ConfigChannel  stm32g4xx_hal_adc.o
    0x080010b8   0x080010b8   0x00000006   Code   RO          772    i.HAL_ADC_GetValue  stm32g4xx_hal_adc.o
    0x080010be   0x080010be   0x00000002   PAD
    0x080010c0   0x080010c0   0x000001fc   Code   RO          774    i.HAL_ADC_Init      stm32g4xx_hal_adc.o
    0x080012bc   0x080012bc   0x000000e4   Code   RO          505    i.HAL_ADC_MspInit   adc.o
    0x080013a0   0x080013a0   0x000000fc   Code   RO          778    i.HAL_ADC_PollForConversion  stm32g4xx_hal_adc.o
    0x0800149c   0x0800149c   0x000000f4   Code   RO          780    i.HAL_ADC_Start     stm32g4xx_hal_adc.o
    0x08001590   0x08001590   0x0000003e   Code   RO          784    i.HAL_ADC_Stop      stm32g4xx_hal_adc.o
    0x080015ce   0x080015ce   0x00000002   PAD
    0x080015d0   0x080015d0   0x00000024   Code   RO         1212    i.HAL_Delay         stm32g4xx_hal.o
    0x080015f4   0x080015f4   0x00000248   Code   RO         1903    i.HAL_GPIO_Init     stm32g4xx_hal_gpio.o
    0x0800183c   0x0800183c   0x0000000a   Code   RO         1905    i.HAL_GPIO_ReadPin  stm32g4xx_hal_gpio.o
    0x08001846   0x08001846   0x0000000a   Code   RO         1907    i.HAL_GPIO_WritePin  stm32g4xx_hal_gpio.o
    0x08001850   0x08001850   0x0000000c   Code   RO         1216    i.HAL_GetTick       stm32g4xx_hal.o
    0x0800185c   0x0800185c   0x00000010   Code   RO         1219    i.HAL_IncTick       stm32g4xx_hal.o
    0x0800186c   0x0800186c   0x0000001e   Code   RO         1220    i.HAL_Init          stm32g4xx_hal.o
    0x0800188a   0x0800188a   0x00000002   PAD
    0x0800188c   0x0800188c   0x00000088   Code   RO          719    i.HAL_InitTick      stm32g4xx_hal_timebase_tim.o
    0x08001914   0x08001914   0x00000030   Code   RO          695    i.HAL_MspInit       stm32g4xx_hal_msp.o
    0x08001944   0x08001944   0x0000001a   Code   RO         2550    i.HAL_NVIC_EnableIRQ  stm32g4xx_hal_cortex.o
    0x0800195e   0x0800195e   0x00000002   PAD
    0x08001960   0x08001960   0x00000040   Code   RO         2556    i.HAL_NVIC_SetPriority  stm32g4xx_hal_cortex.o
    0x080019a0   0x080019a0   0x00000024   Code   RO         2557    i.HAL_NVIC_SetPriorityGrouping  stm32g4xx_hal_cortex.o
    0x080019c4   0x080019c4   0x000000bc   Code   RO         2306    i.HAL_PWREx_ControlVoltageScaling  stm32g4xx_hal_pwr_ex.o
    0x08001a80   0x08001a80   0x00000010   Code   RO         2318    i.HAL_PWREx_DisableUCPDDeadBattery  stm32g4xx_hal_pwr_ex.o
    0x08001a90   0x08001a90   0x00000288   Code   RO         1565    i.HAL_RCCEx_PeriphCLKConfig  stm32g4xx_hal_rcc_ex.o
    0x08001d18   0x08001d18   0x000001dc   Code   RO         1440    i.HAL_RCC_ClockConfig  stm32g4xx_hal_rcc.o
    0x08001ef4   0x08001ef4   0x00000040   Code   RO         1445    i.HAL_RCC_GetClockConfig  stm32g4xx_hal_rcc.o
    0x08001f34   0x08001f34   0x0000000c   Code   RO         1446    i.HAL_RCC_GetHCLKFreq  stm32g4xx_hal_rcc.o
    0x08001f40   0x08001f40   0x00000024   Code   RO         1448    i.HAL_RCC_GetPCLK1Freq  stm32g4xx_hal_rcc.o
    0x08001f64   0x08001f64   0x00000024   Code   RO         1449    i.HAL_RCC_GetPCLK2Freq  stm32g4xx_hal_rcc.o
    0x08001f88   0x08001f88   0x00000070   Code   RO         1450    i.HAL_RCC_GetSysClockFreq  stm32g4xx_hal_rcc.o
    0x08001ff8   0x08001ff8   0x0000040c   Code   RO         1453    i.HAL_RCC_OscConfig  stm32g4xx_hal_rcc.o
    0x08002404   0x08002404   0x00000028   Code   RO         2561    i.HAL_SYSTICK_Config  stm32g4xx_hal_cortex.o
    0x0800242c   0x0800242c   0x00000002   Code   RO         3396    i.HAL_TIMEx_Break2Callback  stm32g4xx_hal_tim_ex.o
    0x0800242e   0x0800242e   0x00000002   Code   RO         3397    i.HAL_TIMEx_BreakCallback  stm32g4xx_hal_tim_ex.o
    0x08002430   0x08002430   0x00000002   Code   RO         3398    i.HAL_TIMEx_CommutCallback  stm32g4xx_hal_tim_ex.o
    0x08002432   0x08002432   0x00000002   Code   RO         3409    i.HAL_TIMEx_DirectionChangeCallback  stm32g4xx_hal_tim_ex.o
    0x08002434   0x08002434   0x00000002   Code   RO         3423    i.HAL_TIMEx_EncoderIndexCallback  stm32g4xx_hal_tim_ex.o
    0x08002436   0x08002436   0x00000002   Code   RO         3437    i.HAL_TIMEx_IndexErrorCallback  stm32g4xx_hal_tim_ex.o
    0x08002438   0x08002438   0x0000009c   Code   RO         3438    i.HAL_TIMEx_MasterConfigSynchronization  stm32g4xx_hal_tim_ex.o
    0x080024d4   0x080024d4   0x00000002   Code   RO         3459    i.HAL_TIMEx_TransitionErrorCallback  stm32g4xx_hal_tim_ex.o
    0x080024d6   0x080024d6   0x00000062   Code   RO         2682    i.HAL_TIM_Base_Init  stm32g4xx_hal_tim.o
    0x08002538   0x08002538   0x00000028   Code   RO          554    i.HAL_TIM_Base_MspInit  tim.o
    0x08002560   0x08002560   0x00000078   Code   RO         2687    i.HAL_TIM_Base_Start_IT  stm32g4xx_hal_tim.o
    0x080025d8   0x080025d8   0x00000002   Code   RO         2716    i.HAL_TIM_IC_CaptureCallback  stm32g4xx_hal_tim.o
    0x080025da   0x080025da   0x000001fc   Code   RO         2730    i.HAL_TIM_IRQHandler  stm32g4xx_hal_tim.o
    0x080027d6   0x080027d6   0x00000002   Code   RO         2733    i.HAL_TIM_OC_DelayElapsedCallback  stm32g4xx_hal_tim.o
    0x080027d8   0x080027d8   0x00000002   Code   RO         2760    i.HAL_TIM_PWM_PulseFinishedCallback  stm32g4xx_hal_tim.o
    0x080027da   0x080027da   0x00000002   PAD
    0x080027dc   0x080027dc   0x00000014   Code   RO          334    i.HAL_TIM_PeriodElapsedCallback  main.o
    0x080027f0   0x080027f0   0x00000002   Code   RO         2773    i.HAL_TIM_TriggerCallback  stm32g4xx_hal_tim.o
    0x080027f2   0x080027f2   0x0000003e   Code   RO         4245    i.HAL_UARTEx_DisableFifoMode  stm32g4xx_hal_uart_ex.o
    0x08002830   0x08002830   0x0000004c   Code   RO         4253    i.HAL_UARTEx_SetRxFifoThreshold  stm32g4xx_hal_uart_ex.o
    0x0800287c   0x0800287c   0x0000004c   Code   RO         4254    i.HAL_UARTEx_SetTxFifoThreshold  stm32g4xx_hal_uart_ex.o
    0x080028c8   0x080028c8   0x0000006a   Code   RO         3854    i.HAL_UART_Init     stm32g4xx_hal_uart.o
    0x08002932   0x08002932   0x00000002   PAD
    0x08002934   0x08002934   0x0000007c   Code   RO          596    i.HAL_UART_MspInit  usart.o
    0x080029b0   0x080029b0   0x000000bc   Code   RO         3863    i.HAL_UART_Transmit  stm32g4xx_hal_uart.o
    0x08002a6c   0x08002a6c   0x00000104   Code   RO          335    i.KeyScan_thread_entry  main.o
    0x08002b70   0x08002b70   0x0000002c   Code   RO           14    i.LCD_BusIn         lcd.o
    0x08002b9c   0x08002b9c   0x00000030   Code   RO           15    i.LCD_BusOut        lcd.o
    0x08002bcc   0x08002bcc   0x00000024   Code   RO           16    i.LCD_Clear         lcd.o
    0x08002bf0   0x08002bf0   0x00000090   Code   RO           18    i.LCD_CtrlLinesConfig  lcd.o
    0x08002c80   0x08002c80   0x00000018   Code   RO           19    i.LCD_DisplayChar   lcd.o
    0x08002c98   0x08002c98   0x0000002a   Code   RO           22    i.LCD_DisplayStringLine  lcd.o
    0x08002cc2   0x08002cc2   0x00000002   PAD
    0x08002cc4   0x08002cc4   0x00000058   Code   RO           23    i.LCD_DrawChar      lcd.o
    0x08002d1c   0x08002d1c   0x00000034   Code   RO           29    i.LCD_Init          lcd.o
    0x08002d50   0x08002d50   0x00000080   Code   RO           32    i.LCD_ReadReg       lcd.o
    0x08002dd0   0x08002dd0   0x00000010   Code   RO           33    i.LCD_SetBackColor  lcd.o
    0x08002de0   0x08002de0   0x00000018   Code   RO           34    i.LCD_SetCursor     lcd.o
    0x08002df8   0x08002df8   0x00000010   Code   RO           36    i.LCD_SetTextColor  lcd.o
    0x08002e08   0x08002e08   0x00000058   Code   RO           39    i.LCD_WriteRAM      lcd.o
    0x08002e60   0x08002e60   0x0000005c   Code   RO           40    i.LCD_WriteRAM_Prepare  lcd.o
    0x08002ebc   0x08002ebc   0x0000006c   Code   RO           41    i.LCD_WriteReg      lcd.o
    0x08002f28   0x08002f28   0x00000030   Code   RO          336    i.LED_Close         main.o
    0x08002f58   0x08002f58   0x00000048   Code   RO          337    i.LED_OFF           main.o
    0x08002fa0   0x08002fa0   0x00000048   Code   RO          338    i.LED_ON            main.o
    0x08002fe8   0x08002fe8   0x00000028   Code   RO          339    i.LED_thread_entry  main.o
    0x08003010   0x08003010   0x0000000c   Code   RO          788    i.LL_ADC_GetOffsetChannel  stm32g4xx_hal_adc.o
    0x0800301c   0x0800301c   0x00000008   Code   RO          789    i.LL_ADC_INJ_IsConversionOngoing  stm32g4xx_hal_adc.o
    0x08003024   0x08003024   0x00000008   Code   RO          790    i.LL_ADC_REG_IsConversionOngoing  stm32g4xx_hal_adc.o
    0x0800302c   0x0800302c   0x00000008   Code   RO         1023    i.LL_ADC_REG_IsConversionOngoing  stm32g4xx_hal_adc_ex.o
    0x08003034   0x08003034   0x00000010   Code   RO          791    i.LL_ADC_REG_IsTriggerSourceSWStart  stm32g4xx_hal_adc.o
    0x08003044   0x08003044   0x0000001e   Code   RO          793    i.LL_ADC_SetChannelSamplingTime  stm32g4xx_hal_adc.o
    0x08003062   0x08003062   0x00000010   Code   RO          794    i.LL_ADC_SetOffsetState  stm32g4xx_hal_adc.o
    0x08003072   0x08003072   0x00000002   PAD
    0x08003074   0x08003074   0x00000090   Code   RO          506    i.MX_ADC1_Init      adc.o
    0x08003104   0x08003104   0x0000007c   Code   RO          507    i.MX_ADC2_Init      adc.o
    0x08003180   0x08003180   0x000000f8   Code   RO          480    i.MX_GPIO_Init      gpio.o
    0x08003278   0x08003278   0x00000048   Code   RO          555    i.MX_TIM6_Init      tim.o
    0x080032c0   0x080032c0   0x00000068   Code   RO          597    i.MX_USART1_UART_Init  usart.o
    0x08003328   0x08003328   0x00000002   Code   RO          639    i.MemManage_Handler  stm32g4xx_it.o
    0x0800332a   0x0800332a   0x00000002   Code   RO          640    i.NMI_Handler       stm32g4xx_it.o
    0x0800332c   0x0800332c   0x00000112   Code   RO           42    i.REG_8230_Init     lcd.o
    0x0800343e   0x0800343e   0x00000202   Code   RO           43    i.REG_932X_Init     lcd.o
    0x08003640   0x08003640   0x000000c4   Code   RO          340    i.StartTest         main.o
    0x08003704   0x08003704   0x00000012   Code   RO         5438    i.SysTick_Handler   board.o
    0x08003716   0x08003716   0x0000006a   Code   RO          341    i.SystemClock_Config  main.o
    0x08003780   0x08003780   0x00000080   Code   RO         4357    i.SystemCoreClockUpdate  system_stm32g4xx.o
    0x08003800   0x08003800   0x00000010   Code   RO         4358    i.SystemInit        system_stm32g4xx.o
    0x08003810   0x08003810   0x0000000c   Code   RO          641    i.TIM1_UP_TIM16_IRQHandler  stm32g4xx_it.o
    0x0800381c   0x0800381c   0x000000b0   Code   RO         2775    i.TIM_Base_SetConfig  stm32g4xx_hal_tim.o
    0x080038cc   0x080038cc   0x00000044   Code   RO         4258    i.UARTEx_SetNbDataToProcess  stm32g4xx_hal_uart_ex.o
    0x08003910   0x08003910   0x000000c8   Code   RO         3868    i.UART_AdvFeatureConfig  stm32g4xx_hal_uart.o
    0x080039d8   0x080039d8   0x00000060   Code   RO         3869    i.UART_CheckIdleState  stm32g4xx_hal_uart.o
    0x08003a38   0x08003a38   0x00000274   Code   RO         3886    i.UART_SetConfig    stm32g4xx_hal_uart.o
    0x08003cac   0x08003cac   0x000000c6   Code   RO         3893    i.UART_WaitOnFlagUntilTimeout  stm32g4xx_hal_uart.o
    0x08003d72   0x08003d72   0x00000002   Code   RO          642    i.UsageFault_Handler  stm32g4xx_it.o
    0x08003d74   0x08003d74   0x00000020   Code   RO         2563    i.__NVIC_SetPriority  stm32g4xx_hal_cortex.o
    0x08003d94   0x08003d94   0x00000044   Code   RO         4728    i.__rt_ffs          kservice.o
    0x08003dd8   0x08003dd8   0x0000009c   Code   RO         5622    i._msh_exec_cmd     msh.o
    0x08003e74   0x08003e74   0x00000074   Code   RO         5146    i._rt_thread_init   thread.o
    0x08003ee8   0x08003ee8   0x0000001c   Code   RO         5276    i._rt_timer_init    timer.o
    0x08003f04   0x08003f04   0x00000006   Code   RO         5277    i._rt_timer_remove  timer.o
    0x08003f0a   0x08003f0a   0x0000001c   Code   RO         5147    i._thread_cleanup_execute  thread.o
    0x08003f26   0x08003f26   0x00000002   PAD
    0x08003f28   0x08003f28   0x000000e8   Code   RO         5373    i.bus_fault_track   cpuport.o
    0x08004010   0x08004010   0x0000000a   Code   RO         5623    i.cmd_free          msh.o
    0x0800401a   0x0800401a   0x0000000a   Code   RO         5624    i.cmd_ps            msh.o
    0x08004024   0x08004024   0x00000060   Code   RO         5690    i.finsh_get_prompt  shell.o
    0x08004084   0x08004084   0x00000014   Code   RO         5694    i.finsh_set_prompt_mode  shell.o
    0x08004098   0x08004098   0x0000000c   Code   RO         5695    i.finsh_system_function_init  shell.o
    0x080040a4   0x080040a4   0x00000094   Code   RO         5696    i.finsh_system_init  shell.o
    0x08004138   0x08004138   0x0000028c   Code   RO         5698    i.finsh_thread_entry  shell.o
    0x080043c4   0x080043c4   0x00000028   Code   RO          342    i.getADC_R37        main.o
    0x080043ec   0x080043ec   0x00000028   Code   RO          343    i.getADC_R38        main.o
    0x08004414   0x08004414   0x00000078   Code   RO         5374    i.hard_fault_track  cpuport.o
    0x0800448c   0x0800448c   0x00000020   Code   RO         5498    i.hello             cmd.o
    0x080044ac   0x080044ac   0x000000b0   Code   RO          344    i.key_thread_entry  main.o
    0x0800455c   0x0800455c   0x00000064   Code   RO         5499    i.list              cmd.o
    0x080045c0   0x080045c0   0x00000130   Code   RO         5500    i.list_event        cmd.o
    0x080046f0   0x080046f0   0x00000024   Code   RO         5501    i.list_find_init    cmd.o
    0x08004714   0x08004714   0x00000066   Code   RO         5502    i.list_get_next     cmd.o
    0x0800477a   0x0800477a   0x00000002   PAD
    0x0800477c   0x0800477c   0x0000006c   Code   RO         4902    i.list_mem          mem.o
    0x080047e8   0x080047e8   0x000000f8   Code   RO         5503    i.list_mutex        cmd.o
    0x080048e0   0x080048e0   0x0000011c   Code   RO         5504    i.list_sem          cmd.o
    0x080049fc   0x080049fc   0x000001b8   Code   RO         5505    i.list_thread       cmd.o
    0x08004bb4   0x08004bb4   0x00000140   Code   RO         5506    i.list_timer        cmd.o
    0x08004cf4   0x08004cf4   0x000001dc   Code   RO          345    i.main              main.o
    0x08004ed0   0x08004ed0   0x0000000e   Code   RO         4438    i.main_thread_entry  components.o
    0x08004ede   0x08004ede   0x00000002   PAD
    0x08004ee0   0x08004ee0   0x000000d8   Code   RO         5375    i.mem_manage_fault_track  cpuport.o
    0x08004fb8   0x08004fb8   0x000000ac   Code   RO         5625    i.msh_auto_complete  msh.o
    0x08005064   0x08005064   0x00000064   Code   RO         5626    i.msh_exec          msh.o
    0x080050c8   0x080050c8   0x00000078   Code   RO         5627    i.msh_help          msh.o
    0x08005140   0x08005140   0x00000004   Code   RO         5628    i.msh_is_used       msh.o
    0x08005144   0x08005144   0x000000d0   Code   RO         5629    i.msh_split         msh.o
    0x08005214   0x08005214   0x00000018   Code   RO         5507    i.object_split      cmd.o
    0x0800522c   0x0800522c   0x00000054   Code   RO         4903    i.plug_holes        mem.o
    0x08005280   0x08005280   0x00000130   Code   RO         4730    i.print_number      kservice.o
    0x080053b0   0x080053b0   0x0000002c   Code   RO         4439    i.rt_application_init  components.o
    0x080053dc   0x080053dc   0x0000001a   Code   RO         4904    i.rt_calloc         mem.o
    0x080053f6   0x080053f6   0x00000002   PAD
    0x080053f8   0x080053f8   0x0000001c   Code   RO         4440    i.rt_components_board_init  components.o
    0x08005414   0x08005414   0x0000001c   Code   RO         4441    i.rt_components_init  components.o
    0x08005430   0x08005430   0x0000001c   Code   RO         5079    i.rt_enter_critical  scheduler.o
    0x0800544c   0x0800544c   0x00000020   Code   RO         4546    i.rt_event_create   ipc.o
    0x0800546c   0x0800546c   0x000000d0   Code   RO         4550    i.rt_event_recv     ipc.o
    0x0800553c   0x0800553c   0x00000092   Code   RO         4551    i.rt_event_send     ipc.o
    0x080055ce   0x080055ce   0x00000002   PAD
    0x080055d0   0x080055d0   0x00000038   Code   RO         5080    i.rt_exit_critical  scheduler.o
    0x08005608   0x08005608   0x000000c4   Code   RO         4905    i.rt_free           mem.o
    0x080056cc   0x080056cc   0x00000008   Code   RO         5439    i.rt_heap_begin_get  board.o
    0x080056d4   0x080056d4   0x00000008   Code   RO         5440    i.rt_heap_end_get   board.o
    0x080056dc   0x080056dc   0x00000036   Code   RO         5441    i.rt_hw_board_init  board.o
    0x08005712   0x08005712   0x00000002   PAD
    0x08005714   0x08005714   0x00000028   Code   RO         5442    i.rt_hw_console_getchar  board.o
    0x0800573c   0x0800573c   0x00000048   Code   RO         5443    i.rt_hw_console_output  board.o
    0x08005784   0x08005784   0x00000218   Code   RO         5379    i.rt_hw_hard_fault_exception  cpuport.o
    0x0800599c   0x0800599c   0x0000003c   Code   RO         5380    i.rt_hw_stack_init  cpuport.o
    0x080059d8   0x080059d8   0x0000001c   Code   RO         4701    i.rt_interrupt_enter  irq.o
    0x080059f4   0x080059f4   0x0000001c   Code   RO         4703    i.rt_interrupt_leave  irq.o
    0x08005a10   0x08005a10   0x00000052   Code   RO         4553    i.rt_ipc_list_suspend  ipc.o
    0x08005a62   0x08005a62   0x00000002   PAD
    0x08005a64   0x08005a64   0x00000020   Code   RO         4734    i.rt_kprintf        kservice.o
    0x08005a84   0x08005a84   0x0000000e   Code   RO         4991    i.rt_list_insert_after  object.o
    0x08005a92   0x08005a92   0x0000000e   Code   RO         5148    i.rt_list_insert_after  thread.o
    0x08005aa0   0x08005aa0   0x0000000e   Code   RO         5278    i.rt_list_insert_after  timer.o
    0x08005aae   0x08005aae   0x0000000e   Code   RO         4554    i.rt_list_insert_before  ipc.o
    0x08005abc   0x08005abc   0x00000012   Code   RO         5508    i.rt_list_len       cmd.o
    0x08005ace   0x08005ace   0x00000012   Code   RO         4992    i.rt_list_remove    object.o
    0x08005ae0   0x08005ae0   0x00000012   Code   RO         5149    i.rt_list_remove    thread.o
    0x08005af2   0x08005af2   0x00000012   Code   RO         5279    i.rt_list_remove    timer.o
    0x08005b04   0x08005b04   0x000000f0   Code   RO         4906    i.rt_malloc         mem.o
    0x08005bf4   0x08005bf4   0x00000032   Code   RO         4739    i.rt_memmove        kservice.o
    0x08005c26   0x08005c26   0x00000002   PAD
    0x08005c28   0x08005c28   0x00000046   Code   RO         4740    i.rt_memset         kservice.o
    0x08005c6e   0x08005c6e   0x00000050   Code   RO         4993    i.rt_object_allocate  object.o
    0x08005cbe   0x08005cbe   0x00000026   Code   RO         4994    i.rt_object_delete  object.o
    0x08005ce4   0x08005ce4   0x00000020   Code   RO         4995    i.rt_object_detach  object.o
    0x08005d04   0x08005d04   0x00000024   Code   RO         4997    i.rt_object_get_information  object.o
    0x08005d28   0x08005d28   0x00000050   Code   RO         5001    i.rt_object_init    object.o
    0x08005d78   0x08005d78   0x0000000e   Code   RO         5002    i.rt_object_is_systemobject  object.o
    0x08005d86   0x08005d86   0x00000002   PAD
    0x08005d88   0x08005d88   0x00000058   Code   RO         5081    i.rt_schedule       scheduler.o
    0x08005de0   0x08005de0   0x00000050   Code   RO         5082    i.rt_schedule_insert_thread  scheduler.o
    0x08005e30   0x08005e30   0x00000048   Code   RO         5083    i.rt_schedule_remove_thread  scheduler.o
    0x08005e78   0x08005e78   0x00000024   Code   RO         4566    i.rt_sem_init       ipc.o
    0x08005e9c   0x08005e9c   0x0000004a   Code   RO         4567    i.rt_sem_release    ipc.o
    0x08005ee6   0x08005ee6   0x0000006e   Code   RO         4568    i.rt_sem_take       ipc.o
    0x08005f54   0x08005f54   0x000000b0   Code   RO         4742    i.rt_show_version   kservice.o
    0x08006004   0x08006004   0x00000010   Code   RO         4748    i.rt_strlen         kservice.o
    0x08006014   0x08006014   0x00000026   Code   RO         4750    i.rt_strncpy        kservice.o
    0x0800603a   0x0800603a   0x00000002   PAD
    0x0800603c   0x0800603c   0x000000ac   Code   RO         4909    i.rt_system_heap_init  mem.o
    0x080060e8   0x080060e8   0x00000034   Code   RO         5084    i.rt_system_scheduler_init  scheduler.o
    0x0800611c   0x0800611c   0x00000028   Code   RO         5085    i.rt_system_scheduler_start  scheduler.o
    0x08006144   0x08006144   0x0000000c   Code   RO         5280    i.rt_system_timer_init  timer.o
    0x08006150   0x08006150   0x00000002   Code   RO         5281    i.rt_system_timer_thread_init  timer.o
    0x08006152   0x08006152   0x00000048   Code   RO         5151    i.rt_thread_create  thread.o
    0x0800619a   0x0800619a   0x00000004   Code   RO         5152    i.rt_thread_delay   thread.o
    0x0800619e   0x0800619e   0x00000002   PAD
    0x080061a0   0x080061a0   0x0000005c   Code   RO         5156    i.rt_thread_exit    thread.o
    0x080061fc   0x080061fc   0x00000006   Code   RO         4510    i.rt_thread_idle_entry  idle.o
    0x08006202   0x08006202   0x00000002   PAD
    0x08006204   0x08006204   0x0000004c   Code   RO         4511    i.rt_thread_idle_excute  idle.o
    0x08006250   0x08006250   0x00000038   Code   RO         4513    i.rt_thread_idle_init  idle.o
    0x08006288   0x08006288   0x00000030   Code   RO         5158    i.rt_thread_init    thread.o
    0x080062b8   0x080062b8   0x0000000e   Code   RO         5159    i.rt_thread_mdelay  thread.o
    0x080062c6   0x080062c6   0x0000003c   Code   RO         5160    i.rt_thread_resume  thread.o
    0x08006302   0x08006302   0x00000002   PAD
    0x08006304   0x08006304   0x0000000c   Code   RO         5161    i.rt_thread_self    thread.o
    0x08006310   0x08006310   0x00000040   Code   RO         5162    i.rt_thread_sleep   thread.o
    0x08006350   0x08006350   0x0000002c   Code   RO         5163    i.rt_thread_startup  thread.o
    0x0800637c   0x0800637c   0x00000042   Code   RO         5164    i.rt_thread_suspend  thread.o
    0x080063be   0x080063be   0x00000020   Code   RO         5165    i.rt_thread_timeout  thread.o
    0x080063de   0x080063de   0x00000002   PAD
    0x080063e0   0x080063e0   0x00000060   Code   RO         5166    i.rt_thread_yield   thread.o
    0x08006440   0x08006440   0x00000032   Code   RO         4397    i.rt_tick_from_millisecond  clock.o
    0x08006472   0x08006472   0x00000002   PAD
    0x08006474   0x08006474   0x0000000c   Code   RO         4398    i.rt_tick_get       clock.o
    0x08006480   0x08006480   0x0000002c   Code   RO         4399    i.rt_tick_increase  clock.o
    0x080064ac   0x080064ac   0x0000008c   Code   RO         5282    i.rt_timer_check    timer.o
    0x08006538   0x08006538   0x00000048   Code   RO         5283    i.rt_timer_control  timer.o
    0x08006580   0x08006580   0x00000028   Code   RO         5286    i.rt_timer_detach   timer.o
    0x080065a8   0x080065a8   0x00000028   Code   RO         5287    i.rt_timer_init     timer.o
    0x080065d0   0x080065d0   0x00000084   Code   RO         5289    i.rt_timer_start    timer.o
    0x08006654   0x08006654   0x0000002e   Code   RO         5290    i.rt_timer_stop     timer.o
    0x08006682   0x08006682   0x00000002   PAD
    0x08006684   0x08006684   0x00000284   Code   RO         4753    i.rt_vsnprintf      kservice.o
    0x08006908   0x08006908   0x00000004   Code   RO         4442    i.rti_board_end     components.o
    0x0800690c   0x0800690c   0x00000004   Code   RO         4443    i.rti_board_start   components.o
    0x08006910   0x08006910   0x00000004   Code   RO         4444    i.rti_end           components.o
    0x08006914   0x08006914   0x00000004   Code   RO         4445    i.rti_start         components.o
    0x08006918   0x08006918   0x0000002a   Code   RO         4446    i.rtthread_startup  components.o
    0x08006942   0x08006942   0x00000002   PAD
    0x08006944   0x08006944   0x0000009c   Code   RO          346    i.send_thread_entry  main.o
    0x080069e0   0x080069e0   0x00000030   Code   RO         5509    i.show_wait_queue   cmd.o
    0x08006a10   0x08006a10   0x00000028   Code   RO         4755    i.skip_atoi         kservice.o
    0x08006a38   0x08006a38   0x00000034   Code   RO         5444    i.uart_init         board.o
    0x08006a6c   0x08006a6c   0x000000d0   Code   RO         5381    i.usage_fault_track  cpuport.o
    0x08006b3c   0x08006b3c   0x0000000a   Code   RO         5510    i.version           cmd.o
    0x08006b46   0x08006b46   0x0000000a   Code   RO         5945    x$fpl$fpinit        fz_wm.l(fpinit.o)
    0x08006b50   0x08006b50   0x000011d0   Data   RO           44    .constdata          lcd.o
    0x08007d20   0x08007d20   0x00000018   Data   RO         3894    .constdata          stm32g4xx_hal_uart.o
    0x08007d38   0x08007d38   0x00000010   Data   RO         4259    .constdata          stm32g4xx_hal_uart_ex.o
    0x08007d48   0x08007d48   0x00000010   Data   RO         4359    .constdata          system_stm32g4xx.o
    0x08007d58   0x08007d58   0x00000008   Data   RO         4360    .constdata          system_stm32g4xx.o
    0x08007d60   0x08007d60   0x00000122   Data   RO         4757    .constdata          kservice.o
    0x08007e82   0x08007e82   0x00000002   PAD
    0x08007e84   0x08007e84   0x00000044   Data   RO         5511    .conststring        cmd.o
    0x08007ec8   0x08007ec8   0x00000010   Data   RO          350    .rodata.name        main.o
    0x08007ed8   0x08007ed8   0x0000000d   Data   RO          351    .rodata.name        main.o
    0x08007ee5   0x08007ee5   0x00000009   Data   RO         4912    .rodata.name        mem.o
    0x08007eee   0x08007eee   0x0000001e   Data   RO         4913    .rodata.name        mem.o
    0x08007f0c   0x08007f0c   0x00000006   Data   RO         5512    .rodata.name        cmd.o
    0x08007f12   0x08007f12   0x00000010   Data   RO         5513    .rodata.name        cmd.o
    0x08007f22   0x08007f22   0x00000008   Data   RO         5514    .rodata.name        cmd.o
    0x08007f2a   0x08007f2a   0x00000023   Data   RO         5515    .rodata.name        cmd.o
    0x08007f4d   0x08007f4d   0x0000000e   Data   RO         5516    .rodata.name        cmd.o
    0x08007f5b   0x08007f5b   0x00000023   Data   RO         5517    .rodata.name        cmd.o
    0x08007f7e   0x08007f7e   0x0000000c   Data   RO         5518    .rodata.name        cmd.o
    0x08007f8a   0x08007f8a   0x0000000c   Data   RO         5519    .rodata.name        cmd.o
    0x08007f96   0x08007f96   0x00000012   Data   RO         5520    .rodata.name        cmd.o
    0x08007fa8   0x08007fa8   0x0000000c   Data   RO         5521    .rodata.name        cmd.o
    0x08007fb4   0x08007fb4   0x00000009   Data   RO         5522    .rodata.name        cmd.o
    0x08007fbd   0x08007fbd   0x00000019   Data   RO         5523    .rodata.name        cmd.o
    0x08007fd6   0x08007fd6   0x0000000f   Data   RO         5524    .rodata.name        cmd.o
    0x08007fe5   0x08007fe5   0x00000019   Data   RO         5525    .rodata.name        cmd.o
    0x08007ffe   0x08007ffe   0x0000000b   Data   RO         5526    .rodata.name        cmd.o
    0x08008009   0x08008009   0x00000015   Data   RO         5527    .rodata.name        cmd.o
    0x0800801e   0x0800801e   0x00000011   Data   RO         5528    .rodata.name        cmd.o
    0x0800802f   0x0800802f   0x00000015   Data   RO         5529    .rodata.name        cmd.o
    0x08008044   0x08008044   0x0000000b   Data   RO         5530    .rodata.name        cmd.o
    0x0800804f   0x0800804f   0x00000015   Data   RO         5531    .rodata.name        cmd.o
    0x08008064   0x08008064   0x00000011   Data   RO         5532    .rodata.name        cmd.o
    0x08008075   0x08008075   0x00000015   Data   RO         5533    .rodata.name        cmd.o
    0x0800808a   0x0800808a   0x0000000b   Data   RO         5534    .rodata.name        cmd.o
    0x08008095   0x08008095   0x00000015   Data   RO         5535    .rodata.name        cmd.o
    0x080080aa   0x080080aa   0x00000011   Data   RO         5536    .rodata.name        cmd.o
    0x080080bb   0x080080bb   0x00000015   Data   RO         5537    .rodata.name        cmd.o
    0x080080d0   0x080080d0   0x00000005   Data   RO         5538    .rodata.name        cmd.o
    0x080080d5   0x080080d5   0x0000001a   Data   RO         5539    .rodata.name        cmd.o
    0x080080ef   0x080080ef   0x0000000b   Data   RO         5630    .rodata.name        msh.o
    0x080080fa   0x080080fa   0x00000016   Data   RO         5631    .rodata.name        msh.o
    0x08008110   0x08008110   0x00000009   Data   RO         5632    .rodata.name        msh.o
    0x08008119   0x08008119   0x0000001c   Data   RO         5633    .rodata.name        msh.o
    0x08008135   0x08008135   0x0000000b   Data   RO         5634    .rodata.name        msh.o
    0x08008140   0x08008140   0x00000025   Data   RO         5635    .rodata.name        msh.o
    0x08008165   0x08008165   0x00000003   PAD
    0x08008168   0x08008168   0x00000004   Data   RO         4447    .rti_fn.0           components.o
    0x0800816c   0x0800816c   0x00000004   Data   RO         4448    .rti_fn.0.end       components.o
    0x08008170   0x08008170   0x00000004   Data   RO         5446    .rti_fn.1           board.o
    0x08008174   0x08008174   0x00000004   Data   RO         4449    .rti_fn.1.end       components.o
    0x08008178   0x08008178   0x00000004   Data   RO         5701    .rti_fn.6           shell.o
    0x0800817c   0x0800817c   0x00000004   Data   RO         4450    .rti_fn.6.end       components.o
    0x08008180   0x08008180   0x0000000c   Data   RO          352    FSymTab             main.o
    0x0800818c   0x0800818c   0x0000000c   Data   RO         4914    FSymTab             mem.o
    0x08008198   0x08008198   0x000000a8   Data   RO         5540    FSymTab             cmd.o
    0x08008240   0x08008240   0x00000024   Data   RO         5636    FSymTab             msh.o
    0x08008264   0x08008264   0x00000020   Data   RO         6003    Region$$Table       anon$$obj.o


    Execution Region RW_IRAM1 (Exec base: 0x20000000, Load base: 0x08008284, Size: 0x000049a0, Max: 0x00008000, ABSOLUTE)

    Exec Addr    Load Addr    Size         Type   Attr      Idx    E Section Name        Object

    0x20000000   0x08008284   0x00000006   Data   RW           45    .data               lcd.o
    0x20000006   0x0800828a   0x00000002   PAD
    0x20000008   0x0800828c   0x00000020   Data   RW          348    .data               main.o
    0x20000028   0x080082ac   0x00000004   Data   RW          509    .data               adc.o
    0x2000002c   0x080082b0   0x0000000c   Data   RW         1240    .data               stm32g4xx_hal.o
    0x20000038   0x080082bc   0x00000004   Data   RW         4361    .data               system_stm32g4xx.o
    0x2000003c   0x080082c0   0x00000004   Data   RW         4401    .data               clock.o
    0x20000040   0x080082c4   0x00000001   Data   RW         4704    .data               irq.o
    0x20000041   0x080082c5   0x00000003   PAD
    0x20000044   0x080082c8   0x00000018   Data   RW         4911    .data               mem.o
    0x2000005c   0x080082e0   0x00000050   Data   RW         5004    .data               object.o
    0x200000ac   0x08008330   0x00000014   Data   RW         5087    .data               scheduler.o
    0x200000c0   0x08008344   0x0000000c   Data   RW         5291    .data               timer.o
    0x200000cc   0x08008350   0x00000004   Data   RW         5382    .data               cpuport.o
    0x200000d0   0x08008354   0x00000004   Data   RW         5383    .data               cpuport.o
    0x200000d4   0x08008358   0x00000004   Data   RW         5384    .data               cpuport.o
    0x200000d8   0x0800835c   0x00000004   Data   RW         5385    .data               cpuport.o
    0x200000dc   0x08008360   0x00000018   Data   RW         5700    .data               shell.o
    0x200000f4        -       0x00000014   Zero   RW          347    .bss                main.o
    0x20000108        -       0x000000d8   Zero   RW          508    .bss                adc.o
    0x200001e0        -       0x0000004c   Zero   RW          556    .bss                tim.o
    0x2000022c        -       0x00000090   Zero   RW          598    .bss                usart.o
    0x200002bc        -       0x0000004c   Zero   RW          722    .bss                stm32g4xx_hal_timebase_tim.o
    0x20000308        -       0x00000180   Zero   RW         4514    .bss                idle.o
    0x20000488        -       0x00000080   Zero   RW         4756    .bss                kservice.o
    0x20000508        -       0x00000020   Zero   RW         4910    .bss                mem.o
    0x20000528        -       0x00000100   Zero   RW         5086    .bss                scheduler.o
    0x20000628        -       0x00003c90   Zero   RW         5445    .bss                board.o
    0x200042b8        -       0x00000081   Zero   RW         5699    .bss                shell.o
    0x20004339   0x08008378   0x00000003   PAD
    0x2000433c        -       0x00000060   Zero   RW         5875    .bss                c_w.l(libspace.o)
    0x2000439c   0x08008378   0x00000004   PAD
    0x200043a0        -       0x00000200   Zero   RW            2    HEAP                startup_stm32g431xx.o
    0x200045a0        -       0x00000400   Zero   RW            1    STACK               startup_stm32g431xx.o


==============================================================================

Image component sizes


      Code (inc. data)   RO Data    RW Data    ZI Data      Debug   Object Name

       496         40          0          4        216       2670   adc.o
       252         30          4          0      15504       5404   board.o
       106         12          0          4          0       2068   clock.o
      1966        754        719          0          0      17422   cmd.o
       182         28         16          0          0       6682   components.o
       308         28          0          0          0        892   context_rvds.o
      1372        736          0         16          0       7014   cpuport.o
       248         16          0          0          0       1051   gpio.o
       138         22          0          0        384       5354   idle.o
       702          0          0          0          0      10263   ipc.o
        56         12          0          1          0       1822   irq.o
      1438        158        290          0        128      11737   kservice.o
      1766         76       4560          6          0     691323   lcd.o
      1706        508         41         32         20      16535   main.o
       826        248         51         24         32       5823   mem.o
       780        162        154          0          0       8488   msh.o
       312          6          0         80          0       9108   object.o
       416         56          0         20        256       8818   scheduler.o
       928        136          4         24        129      10816   shell.o
        64         26        472          0       1536        848   startup_stm32g431xx.o
        94         14          0         12          0       3662   stm32g4xx_hal.o
      2666        126          0          0          0      81149   stm32g4xx_hal_adc.o
       224          8          0          0          0      67655   stm32g4xx_hal_adc_ex.o
       198         14          0          0          0      33863   stm32g4xx_hal_cortex.o
       604         34          0          0          0       3019   stm32g4xx_hal_gpio.o
        48          6          0          0          0        870   stm32g4xx_hal_msp.o
       204         18          0          0          0       1413   stm32g4xx_hal_pwr_ex.o
      1772        108          0          0          0       7441   stm32g4xx_hal_rcc.o
       648         10          0          0          0       1884   stm32g4xx_hal_rcc_ex.o
       910         56          0          0          0       7017   stm32g4xx_hal_tim.o
       170         24          0          0          0       5428   stm32g4xx_hal_tim_ex.o
       136         20          0          0         76       1435   stm32g4xx_hal_timebase_tim.o
      1416         66         24          0          0      25566   stm32g4xx_hal_uart.o
       282          6         16          0          0       3681   stm32g4xx_hal_uart_ex.o
        22          6          0          0          0       2828   stm32g4xx_it.o
       144         24         24          4          0       1871   system_stm32g4xx.o
       780         42          0          0          0      14293   thread.o
       112         20          0          0         76       1590   tim.o
       550         20          0         12          0      11980   timer.o
       228         18          0          0        144       1806   usart.o

    ----------------------------------------------------------------------
     25320       3694       6412        244      18504    1102589   Object Totals
         0          0         32          0          0          0   (incl. Generated)
        50          0          5          5          3          0   (incl. Padding)

    ----------------------------------------------------------------------

      Code (inc. data)   RO Data    RW Data    ZI Data      Debug   Library Member Name

         8          0          0          0          0         68   __main.o
       104          0          0          0          0         84   __printf.o
         0          0          0          0          0          0   __rtentry.o
        12          0          0          0          0          0   __rtentry2.o
         6          0          0          0          0          0   __rtentry4.o
        52          8          0          0          0          0   __scatter.o
        26          0          0          0          0          0   __scatter_copy.o
        28          0          0          0          0          0   __scatter_zi.o
        48          6          0          0          0         96   _printf_char_common.o
         6          0          0          0          0          0   _printf_d.o
       120         16          0          0          0         92   _printf_dec.o
       178          0          0          0          0         88   _printf_intcommon.o
         0          0          0          0          0          0   _printf_percent.o
         4          0          0          0          0          0   _printf_percent_end.o
        10          0          0          0          0         68   _sputc.o
        18          0          0          0          0         80   exit.o
         6          0          0          0          0        152   heapauxi.o
         0          0          0          0          0          0   indicate_semi.o
         2          0          0          0          0          0   libinit.o
         6          0          0          0          0          0   libinit2.o
         2          0          0          0          0          0   libshutdown.o
         2          0          0          0          0          0   libshutdown2.o
         8          4          0          0         96         68   libspace.o
       238          0          0          0          0        100   lludivv7m.o
        40          6          0          0          0         84   noretval__2sprintf.o
        68          0          0          0          0         68   rt_memclr.o
        78          0          0          0          0         80   rt_memclr_w.o
       100          0          0          0          0         80   rt_memcpy_w.o
         2          0          0          0          0          0   rtexit.o
        10          0          0          0          0          0   rtexit2.o
        24          0          0          0          0         68   strcat.o
        72          0          0          0          0         80   strcpy.o
        62          0          0          0          0         76   strlen.o
       150          0          0          0          0         80   strncmp.o
        86          0          0          0          0         76   strncpy.o
        12          4          0          0          0         68   sys_exit.o
        74          0          0          0          0         80   sys_stackheap_outer.o
         2          0          0          0          0         68   use_no_semi.o
        10          0          0          0          0        116   fpinit.o

    ----------------------------------------------------------------------
      1680         44          0          0        100       1920   Library Totals
         6          0          0          0          4          0   (incl. Padding)

    ----------------------------------------------------------------------

      Code (inc. data)   RO Data    RW Data    ZI Data      Debug   Library Name

      1664         44          0          0         96       1804   c_w.l
        10          0          0          0          0        116   fz_wm.l

    ----------------------------------------------------------------------
      1680         44          0          0        100       1920   Library Totals

    ----------------------------------------------------------------------

==============================================================================


      Code (inc. data)   RO Data    RW Data    ZI Data      Debug   

     27000       3738       6412        244      18604    1080373   Grand Totals
     27000       3738       6412        244      18604    1080373   ELF Image Totals
     27000       3738       6412        244          0          0   ROM Totals

==============================================================================

    Total RO  Size (Code + RO Data)                33412 (  32.63kB)
    Total RW  Size (RW Data + ZI Data)             18848 (  18.41kB)
    Total ROM Size (Code + RO Data + RW Data)      33656 (  32.87kB)

==============================================================================

