Component: ARM Compiler 5.06 update 7 (build 960) Tool: armlink [4d3601]

==============================================================================

Section Cross References

    startup_stm32g431xx.o(RESET) refers to startup_stm32g431xx.o(STACK) for __initial_sp
    startup_stm32g431xx.o(RESET) refers to startup_stm32g431xx.o(.text) for Reset_Handler
    startup_stm32g431xx.o(RESET) refers to stm32g4xx_it.o(i.NMI_Handler) for NMI_Handler
    startup_stm32g431xx.o(RESET) refers to context_rvds.o(.text) for HardFault_Handler
    startup_stm32g431xx.o(RESET) refers to stm32g4xx_it.o(i.MemManage_Handler) for MemManage_Handler
    startup_stm32g431xx.o(RESET) refers to stm32g4xx_it.o(i.BusFault_Handler) for BusFault_Handler
    startup_stm32g431xx.o(RESET) refers to stm32g4xx_it.o(i.UsageFault_Handler) for UsageFault_Handler
    startup_stm32g431xx.o(RESET) refers to stm32g4xx_it.o(i.DebugMon_Handler) for DebugMon_Handler
    startup_stm32g431xx.o(RESET) refers to board.o(i.SysTick_Handler) for SysTick_Handler
    startup_stm32g431xx.o(RESET) refers to stm32g4xx_it.o(i.TIM6_DAC_IRQHandler) for TIM6_DAC_IRQHandler
    startup_stm32g431xx.o(.text) refers to system_stm32g4xx.o(i.SystemInit) for SystemInit
    startup_stm32g431xx.o(.text) refers to entry.o(.ARM.Collect$$$$00000000) for __main
    main.o(i.HAL_TIM_PeriodElapsedCallback) refers to main.o(i.KeyScan) for KeyScan
    main.o(i.HAL_TIM_PeriodElapsedCallback) refers to tim.o(.bss) for htim6
    main.o(i.KeyScan) refers to stm32g4xx_hal_gpio.o(i.HAL_GPIO_ReadPin) for HAL_GPIO_ReadPin
    main.o(i.KeyScan) refers to ipc.o(i.rt_sem_release) for rt_sem_release
    main.o(i.KeyScan) refers to main.o(.data) for .data
    main.o(i.SystemClock_Config) refers to memseta.o(.text) for __aeabi_memclr4
    main.o(i.SystemClock_Config) refers to stm32g4xx_hal_pwr_ex.o(i.HAL_PWREx_ControlVoltageScaling) for HAL_PWREx_ControlVoltageScaling
    main.o(i.SystemClock_Config) refers to stm32g4xx_hal_rcc.o(i.HAL_RCC_OscConfig) for HAL_RCC_OscConfig
    main.o(i.SystemClock_Config) refers to stm32g4xx_hal_rcc.o(i.HAL_RCC_ClockConfig) for HAL_RCC_ClockConfig
    main.o(i.SystemClock_Config) refers to stm32g4xx_hal_rcc_ex.o(i.HAL_RCCEx_PeriphCLKConfig) for HAL_RCCEx_PeriphCLKConfig
    main.o(i.getADC_R37) refers to stm32g4xx_hal_adc.o(i.HAL_ADC_Start) for HAL_ADC_Start
    main.o(i.getADC_R37) refers to stm32g4xx_hal_adc.o(i.HAL_ADC_PollForConversion) for HAL_ADC_PollForConversion
    main.o(i.getADC_R37) refers to stm32g4xx_hal_adc.o(i.HAL_ADC_GetValue) for HAL_ADC_GetValue
    main.o(i.getADC_R37) refers to stm32g4xx_hal_adc.o(i.HAL_ADC_Stop) for HAL_ADC_Stop
    main.o(i.getADC_R37) refers to adc.o(.bss) for hadc2
    main.o(i.getADC_R38) refers to stm32g4xx_hal_adc.o(i.HAL_ADC_Start) for HAL_ADC_Start
    main.o(i.getADC_R38) refers to stm32g4xx_hal_adc.o(i.HAL_ADC_PollForConversion) for HAL_ADC_PollForConversion
    main.o(i.getADC_R38) refers to stm32g4xx_hal_adc.o(i.HAL_ADC_GetValue) for HAL_ADC_GetValue
    main.o(i.getADC_R38) refers to stm32g4xx_hal_adc.o(i.HAL_ADC_Stop) for HAL_ADC_Stop
    main.o(i.getADC_R38) refers to adc.o(.bss) for hadc1
    main.o(i.main) refers to gpio.o(i.MX_GPIO_Init) for MX_GPIO_Init
    main.o(i.main) refers to tim.o(i.MX_TIM6_Init) for MX_TIM6_Init
    main.o(i.main) refers to usart.o(i.MX_USART1_UART_Init) for MX_USART1_UART_Init
    main.o(i.main) refers to adc.o(i.MX_ADC1_Init) for MX_ADC1_Init
    main.o(i.main) refers to adc.o(i.MX_ADC2_Init) for MX_ADC2_Init
    main.o(i.main) refers to stm32g4xx_hal_tim.o(i.HAL_TIM_Base_Start_IT) for HAL_TIM_Base_Start_IT
    main.o(i.main) refers to kservice.o(i.rt_kprintf) for rt_kprintf
    main.o(i.main) refers to ipc.o(i.rt_sem_create) for rt_sem_create
    main.o(i.main) refers to ipc.o(i.rt_mq_create) for rt_mq_create
    main.o(i.main) refers to thread.o(i.rt_thread_create) for rt_thread_create
    main.o(i.main) refers to thread.o(i.rt_thread_startup) for rt_thread_startup
    main.o(i.main) refers to tim.o(.bss) for htim6
    main.o(i.main) refers to main.o(.data) for .data
    main.o(i.main) refers to main.o(i.receive_thread_entry) for receive_thread_entry
    main.o(i.main) refers to main.o(i.send_thread_entry) for send_thread_entry
    main.o(i.receive_thread_entry) refers to ipc.o(i.rt_mq_recv) for rt_mq_recv
    main.o(i.receive_thread_entry) refers to kservice.o(i.rt_kprintf) for rt_kprintf
    main.o(i.receive_thread_entry) refers to thread.o(i.rt_thread_delay) for rt_thread_delay
    main.o(i.receive_thread_entry) refers to main.o(.data) for .data
    main.o(i.send_thread_entry) refers to main.o(i.getADC_R37) for getADC_R37
    main.o(i.send_thread_entry) refers to main.o(i.getADC_R38) for getADC_R38
    main.o(i.send_thread_entry) refers to ipc.o(i.rt_sem_take) for rt_sem_take
    main.o(i.send_thread_entry) refers to ipc.o(i.rt_mq_send) for rt_mq_send
    main.o(i.send_thread_entry) refers to kservice.o(i.rt_kprintf) for rt_kprintf
[...]
    i.rt_timer_control                       0x08005a0c   Section        0  timer.o(i.rt_timer_control)
    i.rt_timer_detach                        0x08005a60   Section        0  timer.o(i.rt_timer_detach)
    i.rt_timer_init                          0x08005aa6   Section        0  timer.o(i.rt_timer_init)
    i.rt_timer_start                         0x08005ad0   Section        0  timer.o(i.rt_timer_start)
    i.rt_timer_stop                          0x08005ba0   Section        0  timer.o(i.rt_timer_stop)
    i.rt_vsnprintf                           0x08005bf4   Section        0  kservice.o(i.rt_vsnprintf)
    i.rti_board_end                          0x08005f20   Section        0  components.o(i.rti_board_end)
    rti_board_end                            0x08005f21   Thumb Code     4  components.o(i.rti_board_end)
    i.rti_board_start                        0x08005f24   Section        0  components.o(i.rti_board_start)
    rti_board_start                          0x08005f25   Thumb Code     4  components.o(i.rti_board_start)
    i.rti_end                                0x08005f28   Section        0  components.o(i.rti_end)
    rti_end                                  0x08005f29   Thumb Code     4  components.o(i.rti_end)
    i.rti_start                              0x08005f2c   Section        0  components.o(i.rti_start)
    rti_start                                0x08005f2d   Thumb Code     4  components.o(i.rti_start)
    i.rtthread_startup                       0x08005f30   Section        0  components.o(i.rtthread_startup)
    i.send_thread_entry                      0x08005f5c   Section        0  main.o(i.send_thread_entry)
    send_thread_entry                        0x08005f5d   Thumb Code    74  main.o(i.send_thread_entry)
    i.shell_auto_complete                    0x08005fd8   Section        0  shell.o(i.shell_auto_complete)
    shell_auto_complete                      0x08005fd9   Thumb Code    42  shell.o(i.shell_auto_complete)
    i.show_wait_queue                        0x08006010   Section        0  cmd.o(i.show_wait_queue)
    show_wait_queue                          0x08006011   Thumb Code    40  cmd.o(i.show_wait_queue)
    i.str_common                             0x08006040   Section        0  msh.o(i.str_common)
    str_common                               0x08006041   Thumb Code    30  msh.o(i.str_common)
    i.uart_init                              0x08006060   Section        0  board.o(i.uart_init)
    uart_init                                0x08006061   Thumb Code    42  board.o(i.uart_init)
    i.usage_fault_track                      0x08006094   Section        0  cpuport.o(i.usage_fault_track)
    usage_fault_track                        0x08006095   Thumb Code   112  cpuport.o(i.usage_fault_track)
    i.version                                0x08006170   Section        0  cmd.o(i.version)
    .constdata                               0x0800617a   Section       24  stm32g4xx_hal_uart.o(.constdata)
    .constdata                               0x08006192   Section       16  stm32g4xx_hal_uart_ex.o(.constdata)
    numerator                                0x08006192   Data           8  stm32g4xx_hal_uart_ex.o(.constdata)
    denominator                              0x0800619a   Data           8  stm32g4xx_hal_uart_ex.o(.constdata)
    .constdata                               0x080061a2   Section       16  system_stm32g4xx.o(.constdata)
    .constdata                               0x080061b2   Section        8  system_stm32g4xx.o(.constdata)
    .constdata                               0x080061ba   Section      290  kservice.o(.constdata)
    small_digits                             0x080062ba   Data          17  kservice.o(.constdata)
    large_digits                             0x080062cb   Data          17  kservice.o(.constdata)
    .conststring                             0x080062dc   Section       68  cmd.o(.conststring)
    .rodata.name                             0x08006320   Section        9  mem.o(.rodata.name)
    .rodata.name                             0x08006329   Section       30  mem.o(.rodata.name)
    .rodata.name                             0x08006347   Section        6  cmd.o(.rodata.name)
    .rodata.name                             0x0800634d   Section       16  cmd.o(.rodata.name)
    .rodata.name                             0x0800635d   Section        8  cmd.o(.rodata.name)
    .rodata.name                             0x08006365   Section       35  cmd.o(.rodata.name)
    .rodata.name                             0x08006388   Section       14  cmd.o(.rodata.name)
    .rodata.name                             0x08006396   Section       35  cmd.o(.rodata.name)
    .rodata.name                             0x080063b9   Section       12  cmd.o(.rodata.name)
    .rodata.name                             0x080063c5   Section       12  cmd.o(.rodata.name)
    .rodata.name                             0x080063d1   Section       18  cmd.o(.rodata.name)
    .rodata.name                             0x080063e3   Section       12  cmd.o(.rodata.name)
    .rodata.name                             0x080063ef   Section        9  cmd.o(.rodata.name)
    .rodata.name                             0x080063f8   Section       25  cmd.o(.rodata.name)
    .rodata.name                             0x08006411   Section       15  cmd.o(.rodata.name)
    .rodata.name                             0x08006420   Section       25  cmd.o(.rodata.name)
    .rodata.name                             0x08006439   Section       14  cmd.o(.rodata.name)
    .rodata.name                             0x08006447   Section       29  cmd.o(.rodata.name)
    .rodata.name                             0x08006464   Section       20  cmd.o(.rodata.name)
    .rodata.name                             0x08006478   Section       29  cmd.o(.rodata.name)
    .rodata.name                             0x08006495   Section       11  cmd.o(.rodata.name)
    .rodata.name                             0x080064a0   Section       21  cmd.o(.rodata.name)
    .rodata.name                             0x080064b5   Section       17  cmd.o(.rodata.name)
    .rodata.name                             0x080064c6   Section       21  cmd.o(.rodata.name)
    .rodata.name                             0x080064db   Section        5  cmd.o(.rodata.name)
    .rodata.name                             0x080064e0   Section       26  cmd.o(.rodata.name)
    .rodata.name                             0x080064fa   Section       11  msh.o(.rodata.name)
    .rodata.name                             0x08006505   Section       22  msh.o(.rodata.name)
    .rodata.name                             0x0800651b   Section        9  msh.o(.rodata.name)
    .rodata.name                             0x08006524   Section       28  msh.o(.rodata.name)
    .rodata.name                             0x08006540   Section       11  msh.o(.rodata.name)
    .rodata.name                             0x0800654b   Section       37  msh.o(.rodata.name)
    .rti_fn.0                                0x08006570   Section        4  components.o(.rti_fn.0)
    __tagsym$$used                           0x08006570   Number         0  components.o(.rti_fn.0)
    .rti_fn.0.end                            0x08006574   Section        4  components.o(.rti_fn.0.end)
    __tagsym$$used                           0x08006574   Number         0  components.o(.rti_fn.0.end)
    .rti_fn.1                                0x08006578   Section        4  board.o(.rti_fn.1)
    __tagsym$$used                           0x08006578   Number         0  board.o(.rti_fn.1)
    .rti_fn.1.end                            0x0800657c   Section        4  components.o(.rti_fn.1.end)
    __tagsym$$used                           0x0800657c   Number         0  components.o(.rti_fn.1.end)
    .rti_fn.6                                0x08006580   Section        4  shell.o(.rti_fn.6)
    __tagsym$$used                           0x08006580   Number         0  shell.o(.rti_fn.6)
    .rti_fn.6.end                            0x08006584   Section        4  components.o(.rti_fn.6.end)
    __tagsym$$used                           0x08006584   Number         0  components.o(.rti_fn.6.end)
    FSymTab                                  0x08006588   Section       12  mem.o(FSymTab)
    __tagsym$$used                           0x08006588   Number         0  mem.o(FSymTab)
    FSymTab                                  0x08006594   Section      144  cmd.o(FSymTab)
    __tagsym$$used                           0x08006594   Number         0  cmd.o(FSymTab)
    __tagsym$$used                           0x080065a0   Number         0  cmd.o(FSymTab)
    __tagsym$$used                           0x080065ac   Number         0  cmd.o(FSymTab)
    __tagsym$$used                           0x080065b8   Number         0  cmd.o(FSymTab)
    __tagsym$$used                           0x080065c4   Number         0  cmd.o(FSymTab)
    __tagsym$$used                           0x080065d0   Number         0  cmd.o(FSymTab)
    __tagsym$$used                           0x080065dc   Number         0  cmd.o(FSymTab)
    __tagsym$$used                           0x080065e8   Number         0  cmd.o(FSymTab)
    __tagsym$$used                           0x080065f4   Number         0  cmd.o(FSymTab)
    __tagsym$$used                           0x08006600   Number         0  cmd.o(FSymTab)
    __tagsym$$used                           0x0800660c   Number         0  cmd.o(FSymTab)
    __tagsym$$used                           0x08006618   Number         0  cmd.o(FSymTab)
    FSymTab                                  0x08006624   Section       36  msh.o(FSymTab)
    __tagsym$$used                           0x08006624   Number         0  msh.o(FSymTab)
    __tagsym$$used                           0x08006630   Number         0  msh.o(FSymTab)
    __tagsym$$used                           0x0800663c   Number         0  msh.o(FSymTab)
    .data                                    0x20000000   Section       28  main.o(.data)
    receive_thread                           0x20000004   Data           4  main.o(.data)
    send_thread                              0x20000008   Data           4  main.o(.data)
    test_mq                                  0x2000000c   Data           4  main.o(.data)
    KeyFlag_sem                              0x20000010   Data           4  main.o(.data)
    result                                   0x20000018   Data           4  main.o(.data)
    .data                                    0x2000001c   Section        4  adc.o(.data)
    HAL_RCC_ADC12_CLK_ENABLED                0x2000001c   Data           4  adc.o(.data)
    .data                                    0x20000020   Section       12  stm32g4xx_hal.o(.data)
    .data                                    0x2000002c   Section        4  system_stm32g4xx.o(.data)
    .data                                    0x20000030   Section        4  clock.o(.data)
    rt_tick                                  0x20000030   Data           4  clock.o(.data)
    .data                                    0x20000034   Section        1  irq.o(.data)
    .data                                    0x20000038   Section       24  mem.o(.data)
    heap_ptr                                 0x20000038   Data           4  mem.o(.data)
    heap_end                                 0x2000003c   Data           4  mem.o(.data)
    lfree                                    0x20000040   Data           4  mem.o(.data)
    mem_size_aligned                         0x20000044   Data           4  mem.o(.data)
    used_mem                                 0x20000048   Data           4  mem.o(.data)
    max_mem                                  0x2000004c   Data           4  mem.o(.data)
    .data                                    0x20000050   Section       64  object.o(.data)
    rt_object_container                      0x20000050   Data          64  object.o(.data)
    .data                                    0x20000090   Section       20  scheduler.o(.data)
    rt_scheduler_lock_nest                   0x20000092   Data           2  scheduler.o(.data)
    .data                                    0x200000a4   Section       12  timer.o(.data)
    random_nr                                0x200000a4   Data           4  timer.o(.data)
    rt_timer_list                            0x200000a8   Data           8  timer.o(.data)
    .data                                    0x200000b0   Section        4  cpuport.o(.data)
    rt_exception_hook                        0x200000b0   Data           4  cpuport.o(.data)
    .data                                    0x200000b4   Section        4  cpuport.o(.data)
    .data                                    0x200000b8   Section        4  cpuport.o(.data)
    .data                                    0x200000bc   Section        4  cpuport.o(.data)
    .data                                    0x200000c0   Section       24  shell.o(.data)
    finsh_prompt_custom                      0x200000d0   Data           4  shell.o(.data)
    .bss                                     0x200000d8   Section      216  adc.o(.bss)
    .bss                                     0x200001b0   Section       76  tim.o(.bss)
    .bss                                     0x200001fc   Section      144  usart.o(.bss)
    .bss                                     0x2000028c   Section      376  idle.o(.bss)
    idle                                     0x2000028c   Data         120  idle.o(.bss)
    rt_thread_stack                          0x20000304   Data         256  idle.o(.bss)
    .bss                                     0x20000404   Section      128  kservice.o(.bss)
    rt_log_buf                               0x20000404   Data         128  kservice.o(.bss)
    .bss                                     0x20000484   Section       32  mem.o(.bss)
    heap_sem                                 0x20000484   Data          32  mem.o(.bss)
    .bss                                     0x200004a4   Section      256  scheduler.o(.bss)
    .bss                                     0x200005a4   Section    15504  board.o(.bss)
    rt_heap                                  0x200005a4   Data       15360  board.o(.bss)
    UartHandle                               0x200041a4   Data         144  board.o(.bss)
    .bss                                     0x20004234   Section      129  shell.o(.bss)
    finsh_prompt                             0x20004234   Data         129  shell.o(.bss)
    STACK                                    0x200042b8   Section     1024  startup_stm32g431xx.o(STACK)

    Global Symbols

    Symbol Name                              Value     Ov Type        Size  Object(Section)

    BuildAttributes$$THM_ISAv4$E$P$D$K$B$S$7EM$VFPi3$EXTD16$VFPS$VFMA$PE$A:L22UL41UL21$X:L11$S22US41US21$IEEE1$IW$USESV6$~STKCKD$USESV7$~SHL$OTIME$EBA8$MICROLIB$REQ8$PRES8$EABIv2 0x00000000   Number         0  anon$$obj.o ABSOLUTE
    __ARM_use_no_argv                        0x00000000   Number         0  main.o ABSOLUTE
    __arm_fini_                               - Undefined Weak Reference
    __cpp_initialize__aeabi_                  - Undefined Weak Reference
    __cxa_finalize                            - Undefined Weak Reference
    __decompress                              - Undefined Weak Reference
    _clock_init                               - Undefined Weak Reference
    _microlib_exit                            - Undefined Weak Reference
    __Vectors_Size                           0x000001d8   Number         0  startup_stm32g431xx.o ABSOLUTE
    __Vectors                                0x08000000   Data           4  startup_stm32g431xx.o(RESET)
    __Vectors_End                            0x080001d8   Data           0  startup_stm32g431xx.o(RESET)
    __main                                   0x080001d9   Thumb Code     0  entry.o(.ARM.Collect$$$$00000000)
    _main_stk                                0x080001d9   Thumb Code     0  entry2.o(.ARM.Collect$$$$00000001)
    _main_scatterload                        0x080001dd   Thumb Code     0  entry5.o(.ARM.Collect$$$$00000004)
    __main_after_scatterload                 0x080001e1   Thumb Code     0  entry5.o(.ARM.Collect$$$$00000004)
    _main_clock                              0x080001e1   Thumb Code     0  entry7b.o(.ARM.Collect$$$$00000008)
    _main_cpp_init                           0x080001e1   Thumb Code     0  entry8b.o(.ARM.Collect$$$$0000000A)
    _main_init                               0x080001e1   Thumb Code     0  entry9a.o(.ARM.Collect$$$$0000000B)
    __rt_lib_shutdown_fini                   0x080001e9   Thumb Code     0  entry12b.o(.ARM.Collect$$$$0000000E)
    __rt_final_cpp                           0x080001ed   Thumb Code     0  entry10a.o(.ARM.Collect$$$$0000000F)
    __rt_final_exit                          0x080001ed   Thumb Code     0  entry11a.o(.ARM.Collect$$$$00000011)
    Reset_Handler                            0x080001f1   Thumb Code     8  startup_stm32g431xx.o(.text)
    SVC_Handler                              0x08000203   Thumb Code     2  startup_stm32g431xx.o(.text)
    ADC1_2_IRQHandler                        0x0800020b   Thumb Code     0  startup_stm32g431xx.o(.text)
    COMP1_2_3_IRQHandler                     0x0800020b   Thumb Code     0  startup_stm32g431xx.o(.text)
    COMP4_IRQHandler                         0x0800020b   Thumb Code     0  startup_stm32g431xx.o(.text)
    CORDIC_IRQHandler                        0x0800020b   Thumb Code     0  startup_stm32g431xx.o(.text)
    CRS_IRQHandler                           0x0800020b   Thumb Code     0  startup_stm32g431xx.o(.text)
    DMA1_Channel1_IRQHandler                 0x0800020b   Thumb Code     0  startup_stm32g431xx.o(.text)
    DMA1_Channel2_IRQHandler                 0x0800020b   Thumb Code     0  startup_stm32g431xx.o(.text)
    DMA1_Channel3_IRQHandler                 0x0800020b   Thumb Code     0  startup_stm32g431xx.o(.text)
    DMA1_Channel4_IRQHandler                 0x0800020b   Thumb Code     0  startup_stm32g431xx.o(.text)
    DMA1_Channel5_IRQHandler                 0x0800020b   Thumb Code     0  startup_stm32g431xx.o(.text)
    DMA1_Channel6_IRQHandler                 0x0800020b   Thumb Code     0  startup_stm32g431xx.o(.text)
    DMA2_Channel1_IRQHandler                 0x0800020b   Thumb Code     0  startup_stm32g431xx.o(.text)
    DMA2_Channel2_IRQHandler                 0x0800020b   Thumb Code     0  startup_stm32g431xx.o(.text)
    DMA2_Channel3_IRQHandler                 0x0800020b   Thumb Code     0  startup_stm32g431xx.o(.text)
    DMA2_Channel4_IRQHandler                 0x0800020b   Thumb Code     0  startup_stm32g431xx.o(.text)
    DMA2_Channel5_IRQHandler                 0x0800020b   Thumb Code     0  startup_stm32g431xx.o(.text)
    DMA2_Channel6_IRQHandler                 0x0800020b   Thumb Code     0  startup_stm32g431xx.o(.text)
    DMAMUX_OVR_IRQHandler                    0x0800020b   Thumb Code     0  startup_stm32g431xx.o(.text)
    EXTI0_IRQHandler                         0x0800020b   Thumb Code     0  startup_stm32g431xx.o(.text)
    EXTI15_10_IRQHandler                     0x0800020b   Thumb Code     0  startup_stm32g431xx.o(.text)
    EXTI1_IRQHandler                         0x0800020b   Thumb Code     0  startup_stm32g431xx.o(.text)
    EXTI2_IRQHandler                         0x0800020b   Thumb Code     0  startup_stm32g431xx.o(.text)
    EXTI3_IRQHandler                         0x0800020b   Thumb Code     0  startup_stm32g431xx.o(.text)
    EXTI4_IRQHandler                         0x0800020b   Thumb Code     0  startup_stm32g431xx.o(.text)
    EXTI9_5_IRQHandler                       0x0800020b   Thumb Code     0  startup_stm32g431xx.o(.text)
    FDCAN1_IT0_IRQHandler                    0x0800020b   Thumb Code     0  startup_stm32g431xx.o(.text)
    FDCAN1_IT1_IRQHandler                    0x0800020b   Thumb Code     0  startup_stm32g431xx.o(.text)
    FLASH_IRQHandler                         0x0800020b   Thumb Code     0  startup_stm32g431xx.o(.text)
    FMAC_IRQHandler                          0x0800020b   Thumb Code     0  startup_stm32g431xx.o(.text)
    FPU_IRQHandler                           0x0800020b   Thumb Code     0  startup_stm32g431xx.o(.text)
    I2C1_ER_IRQHandler                       0x0800020b   Thumb Code     0  startup_stm32g431xx.o(.text)
    I2C1_EV_IRQHandler                       0x0800020b   Thumb Code     0  startup_stm32g431xx.o(.text)
    I2C2_ER_IRQHandler                       0x0800020b   Thumb Code     0  startup_stm32g431xx.o(.text)
    I2C2_EV_IRQHandler                       0x0800020b   Thumb Code     0  startup_stm32g431xx.o(.text)
    I2C3_ER_IRQHandler                       0x0800020b   Thumb Code     0  startup_stm32g431xx.o(.text)
    I2C3_EV_IRQHandler                       0x0800020b   Thumb Code     0  startup_stm32g431xx.o(.text)
    LPTIM1_IRQHandler                        0x0800020b   Thumb Code     0  startup_stm32g431xx.o(.text)
    LPUART1_IRQHandler                       0x0800020b   Thumb Code     0  startup_stm32g431xx.o(.text)
    PVD_PVM_IRQHandler                       0x0800020b   Thumb Code     0  startup_stm32g431xx.o(.text)
    RCC_IRQHandler                           0x0800020b   Thumb Code     0  startup_stm32g431xx.o(.text)
    RNG_IRQHandler                           0x0800020b   Thumb Code     0  startup_stm32g431xx.o(.text)
    RTC_Alarm_IRQHandler                     0x0800020b   Thumb Code     0  startup_stm32g431xx.o(.text)
    RTC_TAMP_LSECSS_IRQHandler               0x0800020b   Thumb Code     0  startup_stm32g431xx.o(.text)
    RTC_WKUP_IRQHandler                      0x0800020b   Thumb Code     0  startup_stm32g431xx.o(.text)
    SAI1_IRQHandler                          0x0800020b   Thumb Code     0  startup_stm32g431xx.o(.text)
    SPI1_IRQHandler                          0x0800020b   Thumb Code     0  startup_stm32g431xx.o(.text)
    SPI2_IRQHandler                          0x0800020b   Thumb Code     0  startup_stm32g431xx.o(.text)
    SPI3_IRQHandler                          0x0800020b   Thumb Code     0  startup_stm32g431xx.o(.text)
    TIM1_BRK_TIM15_IRQHandler                0x0800020b   Thumb Code     0  startup_stm32g431xx.o(.text)
    TIM1_CC_IRQHandler                       0x0800020b   Thumb Code     0  startup_stm32g431xx.o(.text)
    TIM1_TRG_COM_TIM17_IRQHandler            0x0800020b   Thumb Code     0  startup_stm32g431xx.o(.text)
    TIM1_UP_TIM16_IRQHandler                 0x0800020b   Thumb Code     0  startup_stm32g431xx.o(.text)
    TIM2_IRQHandler                          0x0800020b   Thumb Code     0  startup_stm32g431xx.o(.text)
    TIM3_IRQHandler                          0x0800020b   Thumb Code     0  startup_stm32g431xx.o(.text)
    TIM4_IRQHandler                          0x0800020b   Thumb Code     0  startup_stm32g431xx.o(.text)
    TIM7_IRQHandler                          0x0800020b   Thumb Code     0  startup_stm32g431xx.o(.text)
    TIM8_BRK_IRQHandler                      0x0800020b   Thumb Code     0  startup_stm32g431xx.o(.text)
    TIM8_CC_IRQHandler                       0x0800020b   Thumb Code     0  startup_stm32g431xx.o(.text)
    TIM8_TRG_COM_IRQHandler                  0x0800020b   Thumb Code     0  startup_stm32g431xx.o(.text)
    TIM8_UP_IRQHandler                       0x0800020b   Thumb Code     0  startup_stm32g431xx.o(.text)
    UART4_IRQHandler                         0x0800020b   Thumb Code     0  startup_stm32g431xx.o(.text)
    UCPD1_IRQHandler                         0x0800020b   Thumb Code     0  startup_stm32g431xx.o(.text)
    USART1_IRQHandler                        0x0800020b   Thumb Code     0  startup_stm32g431xx.o(.text)
    USART2_IRQHandler                        0x0800020b   Thumb Code     0  startup_stm32g431xx.o(.text)
    USART3_IRQHandler                        0x0800020b   Thumb Code     0  startup_stm32g431xx.o(.text)
    USBWakeUp_IRQHandler                     0x0800020b   Thumb Code     0  startup_stm32g431xx.o(.text)
    USB_HP_IRQHandler                        0x0800020b   Thumb Code     0  startup_stm32g431xx.o(.text)
    USB_LP_IRQHandler                        0x0800020b   Thumb Code     0  startup_stm32g431xx.o(.text)
    WWDG_IRQHandler                          0x0800020b   Thumb Code     0  startup_stm32g431xx.o(.text)
    rt_hw_interrupt_disable                  0x08000215   Thumb Code     8  context_rvds.o(.text)
    rt_hw_interrupt_enable                   0x0800021d   Thumb Code     6  context_rvds.o(.text)
    rt_hw_context_switch                     0x08000223   Thumb Code    32  context_rvds.o(.text)
    rt_hw_context_switch_interrupt           0x08000223   Thumb Code     0  context_rvds.o(.text)
    PendSV_Handler                           0x08000243   Thumb Code   108  context_rvds.o(.text)
    rt_hw_context_switch_to                  0x080002af   Thumb Code    68  context_rvds.o(.text)
    rt_hw_interrupt_thread_switch            0x080002f3   Thumb Code     2  context_rvds.o(.text)
    HardFault_Handler                        0x080002f5   Thumb Code    56  context_rvds.o(.text)
    __aeabi_uldivmod                         0x08000349   Thumb Code    98  uldiv.o(.text)
    __aeabi_memcpy                           0x080003ab   Thumb Code    36  memcpya.o(.text)
    __aeabi_memcpy4                          0x080003ab   Thumb Code     0  memcpya.o(.text)
    __aeabi_memcpy8                          0x080003ab   Thumb Code     0  memcpya.o(.text)
    __aeabi_memset                           0x080003cf   Thumb Code    14  memseta.o(.text)
    __aeabi_memset4                          0x080003cf   Thumb Code     0  memseta.o(.text)
    __aeabi_memset8                          0x080003cf   Thumb Code     0  memseta.o(.text)
    __aeabi_memclr                           0x080003dd   Thumb Code     4  memseta.o(.text)
    __aeabi_memclr4                          0x080003dd   Thumb Code     0  memseta.o(.text)
    __aeabi_memclr8                          0x080003dd   Thumb Code     0  memseta.o(.text)
    _memset$wrapper                          0x080003e1   Thumb Code    18  memseta.o(.text)
    strcat                                   0x080003f3   Thumb Code    24  strcat.o(.text)
    strncpy                                  0x0800040b   Thumb Code    24  strncpy.o(.text)
    strlen                                   0x08000423   Thumb Code    14  strlen.o(.text)
    strncmp                                  0x08000431   Thumb Code    30  strncmp.o(.text)
    __aeabi_llsl                             0x0800044f   Thumb Code    30  llshl.o(.text)
    _ll_shift_l                              0x0800044f   Thumb Code     0  llshl.o(.text)
    __aeabi_llsr                             0x0800046d   Thumb Code    32  llushr.o(.text)
    _ll_ushift_r                             0x0800046d   Thumb Code     0  llushr.o(.text)
    __scatterload                            0x0800048d   Thumb Code    28  init.o(.text)
    __scatterload_rt2                        0x0800048d   Thumb Code     0  init.o(.text)
    main                                     0x080004b1   Thumb Code    10  components.o(i.$Sub$$main)
    ADC_ConversionStop                       0x080004bd   Thumb Code   220  stm32g4xx_hal_adc.o(i.ADC_ConversionStop)
    ADC_Disable                              0x080005a1   Thumb Code   106  stm32g4xx_hal_adc.o(i.ADC_Disable)
    ADC_Enable                               0x08000611   Thumb Code   110  stm32g4xx_hal_adc.o(i.ADC_Enable)
    BusFault_Handler                         0x08000685   Thumb Code     2  stm32g4xx_it.o(i.BusFault_Handler)
    DebugMon_Handler                         0x08000687   Thumb Code     2  stm32g4xx_it.o(i.DebugMon_Handler)
    Error_Handler                            0x08000689   Thumb Code     4  main.o(i.Error_Handler)
    HAL_ADCEx_MultiModeConfigChannel         0x0800068d   Thumb Code   208  stm32g4xx_hal_adc_ex.o(i.HAL_ADCEx_MultiModeConfigChannel)
    HAL_ADC_ConfigChannel                    0x08000765   Thumb Code  1006  stm32g4xx_hal_adc.o(i.HAL_ADC_ConfigChannel)
    HAL_ADC_GetValue                         0x08000b89   Thumb Code     6  stm32g4xx_hal_adc.o(i.HAL_ADC_GetValue)
    HAL_ADC_Init                             0x08000b91   Thumb Code   476  stm32g4xx_hal_adc.o(i.HAL_ADC_Init)
    HAL_ADC_MspInit                          0x08000d8d   Thumb Code   146  adc.o(i.HAL_ADC_MspInit)
    HAL_ADC_PollForConversion                0x08000e31   Thumb Code   242  stm32g4xx_hal_adc.o(i.HAL_ADC_PollForConversion)
    HAL_ADC_Start                            0x08000f2d   Thumb Code   230  stm32g4xx_hal_adc.o(i.HAL_ADC_Start)
    HAL_ADC_Stop                             0x08001021   Thumb Code    62  stm32g4xx_hal_adc.o(i.HAL_ADC_Stop)
    HAL_GPIO_Init                            0x08001061   Thumb Code   422  stm32g4xx_hal_gpio.o(i.HAL_GPIO_Init)
    HAL_GPIO_ReadPin                         0x08001229   Thumb Code    10  stm32g4xx_hal_gpio.o(i.HAL_GPIO_ReadPin)
    HAL_GPIO_WritePin                        0x08001233   Thumb Code    10  stm32g4xx_hal_gpio.o(i.HAL_GPIO_WritePin)
    HAL_GetTick                              0x0800123d   Thumb Code     6  stm32g4xx_hal.o(i.HAL_GetTick)
    HAL_Init                                 0x08001249   Thumb Code    30  stm32g4xx_hal.o(i.HAL_Init)
    HAL_InitTick                             0x08001269   Thumb Code    58  stm32g4xx_hal.o(i.HAL_InitTick)
    HAL_MspInit                              0x080012ad   Thumb Code    42  stm32g4xx_hal_msp.o(i.HAL_MspInit)
    HAL_NVIC_EnableIRQ                       0x080012dd   Thumb Code    26  stm32g4xx_hal_cortex.o(i.HAL_NVIC_EnableIRQ)
    HAL_NVIC_SetPriority                     0x080012f9   Thumb Code    60  stm32g4xx_hal_cortex.o(i.HAL_NVIC_SetPriority)
    HAL_NVIC_SetPriorityGrouping             0x08001339   Thumb Code    26  stm32g4xx_hal_cortex.o(i.HAL_NVIC_SetPriorityGrouping)
    HAL_PWREx_ControlVoltageScaling          0x0800135d   Thumb Code   174  stm32g4xx_hal_pwr_ex.o(i.HAL_PWREx_ControlVoltageScaling)
    HAL_PWREx_DisableUCPDDeadBattery         0x08001419   Thumb Code    12  stm32g4xx_hal_pwr_ex.o(i.HAL_PWREx_DisableUCPDDeadBattery)
    HAL_RCCEx_PeriphCLKConfig                0x08001429   Thumb Code   638  stm32g4xx_hal_rcc_ex.o(i.HAL_RCCEx_PeriphCLKConfig)
    HAL_RCC_ClockConfig                      0x080016b1   Thumb Code   444  stm32g4xx_hal_rcc.o(i.HAL_RCC_ClockConfig)
    HAL_RCC_GetHCLKFreq                      0x0800188d   Thumb Code     6  stm32g4xx_hal_rcc.o(i.HAL_RCC_GetHCLKFreq)
    HAL_RCC_GetPCLK1Freq                     0x08001899   Thumb Code    24  stm32g4xx_hal_rcc.o(i.HAL_RCC_GetPCLK1Freq)
    HAL_RCC_GetPCLK2Freq                     0x080018bd   Thumb Code    24  stm32g4xx_hal_rcc.o(i.HAL_RCC_GetPCLK2Freq)
    HAL_RCC_GetSysClockFreq                  0x080018e1   Thumb Code    98  stm32g4xx_hal_rcc.o(i.HAL_RCC_GetSysClockFreq)
    HAL_RCC_OscConfig                        0x08001951   Thumb Code  1036  stm32g4xx_hal_rcc.o(i.HAL_RCC_OscConfig)
    HAL_SYSTICK_Config                       0x08001d5d   Thumb Code    40  stm32g4xx_hal_cortex.o(i.HAL_SYSTICK_Config)
    HAL_TIMEx_Break2Callback                 0x08001d85   Thumb Code     2  stm32g4xx_hal_tim_ex.o(i.HAL_TIMEx_Break2Callback)
    HAL_TIMEx_BreakCallback                  0x08001d87   Thumb Code     2  stm32g4xx_hal_tim_ex.o(i.HAL_TIMEx_BreakCallback)
    HAL_TIMEx_CommutCallback                 0x08001d89   Thumb Code     2  stm32g4xx_hal_tim_ex.o(i.HAL_TIMEx_CommutCallback)
    HAL_TIMEx_DirectionChangeCallback        0x08001d8b   Thumb Code     2  stm32g4xx_hal_tim_ex.o(i.HAL_TIMEx_DirectionChangeCallback)
    HAL_TIMEx_EncoderIndexCallback           0x08001d8d   Thumb Code     2  stm32g4xx_hal_tim_ex.o(i.HAL_TIMEx_EncoderIndexCallback)
    HAL_TIMEx_IndexErrorCallback             0x08001d8f   Thumb Code     2  stm32g4xx_hal_tim_ex.o(i.HAL_TIMEx_IndexErrorCallback)
    HAL_TIMEx_MasterConfigSynchronization    0x08001d91   Thumb Code   132  stm32g4xx_hal_tim_ex.o(i.HAL_TIMEx_MasterConfigSynchronization)
    HAL_TIMEx_TransitionErrorCallback        0x08001e2d   Thumb Code     2  stm32g4xx_hal_tim_ex.o(i.HAL_TIMEx_TransitionErrorCallback)
    HAL_TIM_Base_Init                        0x08001e2f   Thumb Code    98  stm32g4xx_hal_tim.o(i.HAL_TIM_Base_Init)
    HAL_TIM_Base_MspInit                     0x08001e91   Thumb Code    50  tim.o(i.HAL_TIM_Base_MspInit)
    HAL_TIM_Base_Start_IT                    0x08001ecd   Thumb Code    94  stm32g4xx_hal_tim.o(i.HAL_TIM_Base_Start_IT)
    HAL_TIM_IC_CaptureCallback               0x08001f45   Thumb Code     2  stm32g4xx_hal_tim.o(i.HAL_TIM_IC_CaptureCallback)
    HAL_TIM_IRQHandler                       0x08001f47   Thumb Code   508  stm32g4xx_hal_tim.o(i.HAL_TIM_IRQHandler)
    HAL_TIM_OC_DelayElapsedCallback          0x08002143   Thumb Code     2  stm32g4xx_hal_tim.o(i.HAL_TIM_OC_DelayElapsedCallback)
    HAL_TIM_PWM_PulseFinishedCallback        0x08002145   Thumb Code     2  stm32g4xx_hal_tim.o(i.HAL_TIM_PWM_PulseFinishedCallback)
    HAL_TIM_PeriodElapsedCallback            0x08002149   Thumb Code    16  main.o(i.HAL_TIM_PeriodElapsedCallback)
    HAL_TIM_TriggerCallback                  0x0800215d   Thumb Code     2  stm32g4xx_hal_tim.o(i.HAL_TIM_TriggerCallback)
    HAL_UARTEx_DisableFifoMode               0x0800215f   Thumb Code    62  stm32g4xx_hal_uart_ex.o(i.HAL_UARTEx_DisableFifoMode)
    HAL_UARTEx_SetRxFifoThreshold            0x0800219d   Thumb Code    76  stm32g4xx_hal_uart_ex.o(i.HAL_UARTEx_SetRxFifoThreshold)
    HAL_UARTEx_SetTxFifoThreshold            0x080021e9   Thumb Code    76  stm32g4xx_hal_uart_ex.o(i.HAL_UARTEx_SetTxFifoThreshold)
    HAL_UART_Init                            0x08002235   Thumb Code   106  stm32g4xx_hal_uart.o(i.HAL_UART_Init)
    HAL_UART_MspInit                         0x080022a1   Thumb Code    90  usart.o(i.HAL_UART_MspInit)
    HAL_UART_Transmit                        0x08002305   Thumb Code   188  stm32g4xx_hal_uart.o(i.HAL_UART_Transmit)
    KeyScan                                  0x080023c1   Thumb Code   252  main.o(i.KeyScan)
    MX_ADC1_Init                             0x08002529   Thumb Code   138  adc.o(i.MX_ADC1_Init)
    MX_ADC2_Init                             0x080025bd   Thumb Code   112  adc.o(i.MX_ADC2_Init)
    MX_GPIO_Init                             0x08002639   Thumb Code   232  gpio.o(i.MX_GPIO_Init)
    MX_TIM6_Init                             0x08002731   Thumb Code    62  tim.o(i.MX_TIM6_Init)
    MX_USART1_UART_Init                      0x08002779   Thumb Code    94  usart.o(i.MX_USART1_UART_Init)
    MemManage_Handler                        0x080027e1   Thumb Code     2  stm32g4xx_it.o(i.MemManage_Handler)
    NMI_Handler                              0x080027e3   Thumb Code     2  stm32g4xx_it.o(i.NMI_Handler)
    SysTick_Handler                          0x080027e5   Thumb Code    18  board.o(i.SysTick_Handler)
    SystemClock_Config                       0x080027f7   Thumb Code   134  main.o(i.SystemClock_Config)
    SystemCoreClockUpdate                    0x0800287d   Thumb Code   108  system_stm32g4xx.o(i.SystemCoreClockUpdate)
    SystemInit                               0x080028fd   Thumb Code    12  system_stm32g4xx.o(i.SystemInit)
    TIM6_DAC_IRQHandler                      0x0800290d   Thumb Code     6  stm32g4xx_it.o(i.TIM6_DAC_IRQHandler)
    TIM_Base_SetConfig                       0x08002919   Thumb Code   146  stm32g4xx_hal_tim.o(i.TIM_Base_SetConfig)
    UART_AdvFeatureConfig                    0x08002a0d   Thumb Code   200  stm32g4xx_hal_uart.o(i.UART_AdvFeatureConfig)
    UART_CheckIdleState                      0x08002ad5   Thumb Code    96  stm32g4xx_hal_uart.o(i.UART_CheckIdleState)
    UART_SetConfig                           0x08002b35   Thumb Code   582  stm32g4xx_hal_uart.o(i.UART_SetConfig)
    UART_WaitOnFlagUntilTimeout              0x08002da9   Thumb Code   164  stm32g4xx_hal_uart.o(i.UART_WaitOnFlagUntilTimeout)
    UsageFault_Handler                       0x08002e4d   Thumb Code     2  stm32g4xx_it.o(i.UsageFault_Handler)
    __rt_ffs                                 0x08002e71   Thumb Code    66  kservice.o(i.__rt_ffs)
    __scatterload_copy                       0x08002eb9   Thumb Code    14  handlers.o(i.__scatterload_copy)
    __scatterload_null                       0x08002ec7   Thumb Code     2  handlers.o(i.__scatterload_null)
    __scatterload_zeroinit                   0x08002ec9   Thumb Code    14  handlers.o(i.__scatterload_zeroinit)
    cmd_free                                 0x080030f9   Thumb Code    10  msh.o(i.cmd_free)
    cmd_ps                                   0x08003103   Thumb Code    10  msh.o(i.cmd_ps)
    finsh_get_prompt                         0x0800310d   Thumb Code    84  shell.o(i.finsh_get_prompt)
    finsh_set_prompt_mode                    0x08003181   Thumb Code    18  shell.o(i.finsh_set_prompt_mode)
    finsh_system_function_init               0x08003199   Thumb Code     8  shell.o(i.finsh_system_function_init)
    finsh_system_init                        0x080031a5   Thumb Code    96  shell.o(i.finsh_system_init)
    finsh_thread_entry                       0x0800323d   Thumb Code   640  shell.o(i.finsh_thread_entry)
    getADC_R37                               0x080034dd   Thumb Code    34  main.o(i.getADC_R37)
    getADC_R38                               0x08003505   Thumb Code    34  main.o(i.getADC_R38)
    hello                                    0x080035b1   Thumb Code    12  cmd.o(i.hello)
    list                                     0x080035d1   Thumb Code    54  cmd.o(i.list)
    list_mem                                 0x080036d5   Thumb Code    32  mem.o(i.list_mem)
    list_msgqueue                            0x08003741   Thumb Code   246  cmd.o(i.list_msgqueue)
    list_sem                                 0x080038a9   Thumb Code   246  cmd.o(i.list_sem)
    list_thread                              0x08003a05   Thumb Code   288  cmd.o(i.list_thread)
    list_timer                               0x08003be5   Thumb Code   184  cmd.o(i.list_timer)
    $Super$$main                             0x08003d41   Thumb Code   158  main.o(i.main)
    main_thread_entry                        0x08003e91   Thumb Code    14  components.o(i.main_thread_entry)
    msh_auto_complete                        0x08003f85   Thumb Code   148  msh.o(i.msh_auto_complete)
    msh_exec                                 0x0800402d   Thumb Code    76  msh.o(i.msh_exec)
    msh_help                                 0x080040ed   Thumb Code    62  msh.o(i.msh_help)
    msh_is_used                              0x08004169   Thumb Code     4  msh.o(i.msh_is_used)
    rt_application_init                      0x0800448d   Thumb Code    36  components.o(i.rt_application_init)
    rt_calloc                                0x080044bd   Thumb Code    28  mem.o(i.rt_calloc)
    rt_components_board_init                 0x080044d9   Thumb Code    22  components.o(i.rt_components_board_init)
    rt_components_init                       0x080044f9   Thumb Code    22  components.o(i.rt_components_init)
    rt_enter_critical                        0x08004519   Thumb Code    22  scheduler.o(i.rt_enter_critical)
    rt_exit_critical                         0x08004535   Thumb Code    52  scheduler.o(i.rt_exit_critical)
    rt_free                                  0x0800456d   Thumb Code   114  mem.o(i.rt_free)
    rt_heap_begin_get                        0x08004635   Thumb Code     4  board.o(i.rt_heap_begin_get)
    rt_heap_end_get                          0x0800463d   Thumb Code     4  board.o(i.rt_heap_end_get)
    rt_hw_board_init                         0x08004645   Thumb Code    54  board.o(i.rt_hw_board_init)
    rt_hw_console_getchar                    0x0800467d   Thumb Code    34  board.o(i.rt_hw_console_getchar)
    rt_hw_console_output                     0x080046a5   Thumb Code    68  board.o(i.rt_hw_console_output)
    rt_hw_hard_fault_exception               0x080046ed   Thumb Code   206  cpuport.o(i.rt_hw_hard_fault_exception)
    rt_hw_stack_init                         0x0800490d   Thumb Code    62  cpuport.o(i.rt_hw_stack_init)
    rt_interrupt_enter                       0x08004951   Thumb Code    22  irq.o(i.rt_interrupt_enter)
    rt_interrupt_leave                       0x0800496d   Thumb Code    22  irq.o(i.rt_interrupt_leave)
    rt_kprintf                               0x080049f9   Thumb Code    30  kservice.o(i.rt_kprintf)
    rt_malloc                                0x08004a1d   Thumb Code   264  mem.o(i.rt_malloc)
    rt_memcpy                                0x08004b2d   Thumb Code   116  kservice.o(i.rt_memcpy)
    rt_memmove                               0x08004ba1   Thumb Code    54  kservice.o(i.rt_memmove)
    rt_memset                                0x08004bd7   Thumb Code    86  kservice.o(i.rt_memset)
    rt_mq_create                             0x08004c2d   Thumb Code   134  ipc.o(i.rt_mq_create)
    rt_mq_recv                               0x08004cb3   Thumb Code   406  ipc.o(i.rt_mq_recv)
    rt_mq_send                               0x08004e49   Thumb Code     6  ipc.o(i.rt_mq_send)
    rt_mq_send_wait                          0x08004e4f   Thumb Code   436  ipc.o(i.rt_mq_send_wait)
    rt_object_allocate                       0x08005003   Thumb Code    90  object.o(i.rt_object_allocate)
    rt_object_delete                         0x0800505d   Thumb Code    46  object.o(i.rt_object_delete)
    rt_object_detach                         0x0800508b   Thumb Code    44  object.o(i.rt_object_detach)
    rt_object_get_information                0x080050b9   Thumb Code    30  object.o(i.rt_object_get_information)
    rt_object_init                           0x080050dd   Thumb Code    90  object.o(i.rt_object_init)
    rt_object_is_systemobject                0x08005137   Thumb Code    16  object.o(i.rt_object_is_systemobject)
    rt_schedule                              0x08005149   Thumb Code    88  scheduler.o(i.rt_schedule)
    rt_schedule_insert_thread                0x080051ad   Thumb Code    72  scheduler.o(i.rt_schedule_insert_thread)
    rt_schedule_remove_thread                0x080051fd   Thumb Code    76  scheduler.o(i.rt_schedule_remove_thread)
    rt_sem_create                            0x08005251   Thumb Code    32  ipc.o(i.rt_sem_create)
    rt_sem_init                              0x08005271   Thumb Code    34  ipc.o(i.rt_sem_init)
    rt_sem_release                           0x08005293   Thumb Code    88  ipc.o(i.rt_sem_release)
    rt_sem_take                              0x080052eb   Thumb Code   114  ipc.o(i.rt_sem_take)
    rt_show_version                          0x0800535d   Thumb Code    40  kservice.o(i.rt_show_version)
    rt_strlen                                0x0800540d   Thumb Code    16  kservice.o(i.rt_strlen)
    rt_strncpy                               0x0800541d   Thumb Code    42  kservice.o(i.rt_strncpy)
    rt_system_heap_init                      0x08005449   Thumb Code   100  mem.o(i.rt_system_heap_init)
    rt_system_scheduler_init                 0x080054f9   Thumb Code    48  scheduler.o(i.rt_system_scheduler_init)
    rt_system_scheduler_start                0x08005535   Thumb Code    32  scheduler.o(i.rt_system_scheduler_start)
    rt_system_timer_init                     0x0800555d   Thumb Code    20  timer.o(i.rt_system_timer_init)
    rt_system_timer_thread_init              0x08005575   Thumb Code     2  timer.o(i.rt_system_timer_thread_init)
    rt_thread_create                         0x08005577   Thumb Code    90  thread.o(i.rt_thread_create)
    rt_thread_delay                          0x080055d1   Thumb Code     4  thread.o(i.rt_thread_delay)
    rt_thread_exit                           0x080055d5   Thumb Code    88  thread.o(i.rt_thread_exit)
    rt_thread_idle_excute                    0x0800563d   Thumb Code    80  idle.o(i.rt_thread_idle_excute)
    rt_thread_idle_init                      0x08005691   Thumb Code    44  idle.o(i.rt_thread_idle_init)
    rt_thread_init                           0x080056d1   Thumb Code    50  thread.o(i.rt_thread_init)
    rt_thread_mdelay                         0x08005703   Thumb Code    14  thread.o(i.rt_thread_mdelay)
    rt_thread_resume                         0x08005711   Thumb Code    72  thread.o(i.rt_thread_resume)
    rt_thread_self                           0x08005759   Thumb Code     6  thread.o(i.rt_thread_self)
    rt_thread_sleep                          0x08005765   Thumb Code    64  thread.o(i.rt_thread_sleep)
    rt_thread_startup                        0x080057a9   Thumb Code    42  thread.o(i.rt_thread_startup)
    rt_thread_suspend                        0x080057d3   Thumb Code    68  thread.o(i.rt_thread_suspend)
    rt_thread_timeout                        0x08005817   Thumb Code    40  thread.o(i.rt_thread_timeout)
    rt_thread_yield                          0x08005841   Thumb Code    98  thread.o(i.rt_thread_yield)
    rt_tick_from_millisecond                 0x080058ad   Thumb Code    50  clock.o(i.rt_tick_from_millisecond)
    rt_tick_get                              0x080058e1   Thumb Code     6  clock.o(i.rt_tick_get)
    rt_tick_increase                         0x080058ed   Thumb Code    38  clock.o(i.rt_tick_increase)
    rt_timer_check                           0x08005919   Thumb Code   240  timer.o(i.rt_timer_check)
    rt_timer_control                         0x08005a0d   Thumb Code    84  timer.o(i.rt_timer_control)
    rt_timer_detach                          0x08005a61   Thumb Code    70  timer.o(i.rt_timer_detach)
    rt_timer_init                            0x08005aa7   Thumb Code    42  timer.o(i.rt_timer_init)
    rt_timer_start                           0x08005ad1   Thumb Code   198  timer.o(i.rt_timer_start)
    rt_timer_stop                            0x08005ba1   Thumb Code    82  timer.o(i.rt_timer_stop)
    rt_vsnprintf                             0x08005bf5   Thumb Code   802  kservice.o(i.rt_vsnprintf)
    rtthread_startup                         0x08005f31   Thumb Code    42  components.o(i.rtthread_startup)
    version                                  0x08006171   Thumb Code    10  cmd.o(i.version)
    UARTPrescTable                           0x0800617a   Data          24  stm32g4xx_hal_uart.o(.constdata)
    AHBPrescTable                            0x080061a2   Data          16  system_stm32g4xx.o(.constdata)
    APBPrescTable                            0x080061b2   Data           8  system_stm32g4xx.o(.constdata)
    __lowest_bit_bitmap                      0x080061ba   Data         256  kservice.o(.constdata)
    __fsym_list_mem_name                     0x08006320   Data           9  mem.o(.rodata.name)
    __fsym_list_mem_desc                     0x08006329   Data          30  mem.o(.rodata.name)
    __fsym_hello_name                        0x08006347   Data           6  cmd.o(.rodata.name)
    __fsym_hello_desc                        0x0800634d   Data          16  cmd.o(.rodata.name)
    __fsym_version_name                      0x0800635d   Data           8  cmd.o(.rodata.name)
    __fsym_version_desc                      0x08006365   Data          35  cmd.o(.rodata.name)
    __fsym___cmd_version_name                0x08006388   Data          14  cmd.o(.rodata.name)
    __fsym___cmd_version_desc                0x08006396   Data          35  cmd.o(.rodata.name)
    __fsym_list_thread_name                  0x080063b9   Data          12  cmd.o(.rodata.name)
    __fsym_list_thread_desc                  0x080063c5   Data          12  cmd.o(.rodata.name)
    __fsym___cmd_list_thread_name            0x080063d1   Data          18  cmd.o(.rodata.name)
    __fsym___cmd_list_thread_desc            0x080063e3   Data          12  cmd.o(.rodata.name)
    __fsym_list_sem_name                     0x080063ef   Data           9  cmd.o(.rodata.name)
    __fsym_list_sem_desc                     0x080063f8   Data          25  cmd.o(.rodata.name)
    __fsym___cmd_list_sem_name               0x08006411   Data          15  cmd.o(.rodata.name)
    __fsym___cmd_list_sem_desc               0x08006420   Data          25  cmd.o(.rodata.name)
    __fsym_list_msgqueue_name                0x08006439   Data          14  cmd.o(.rodata.name)
    __fsym_list_msgqueue_desc                0x08006447   Data          29  cmd.o(.rodata.name)
    __fsym___cmd_list_msgqueue_name          0x08006464   Data          20  cmd.o(.rodata.name)
    __fsym___cmd_list_msgqueue_desc          0x08006478   Data          29  cmd.o(.rodata.name)
    __fsym_list_timer_name                   0x08006495   Data          11  cmd.o(.rodata.name)
    __fsym_list_timer_desc                   0x080064a0   Data          21  cmd.o(.rodata.name)
    __fsym___cmd_list_timer_name             0x080064b5   Data          17  cmd.o(.rodata.name)
    __fsym___cmd_list_timer_desc             0x080064c6   Data          21  cmd.o(.rodata.name)
    __fsym_list_name                         0x080064db   Data           5  cmd.o(.rodata.name)
    __fsym_list_desc                         0x080064e0   Data          26  cmd.o(.rodata.name)
    __fsym___cmd_help_name                   0x080064fa   Data          11  msh.o(.rodata.name)
    __fsym___cmd_help_desc                   0x08006505   Data          22  msh.o(.rodata.name)
    __fsym___cmd_ps_name                     0x0800651b   Data           9  msh.o(.rodata.name)
    __fsym___cmd_ps_desc                     0x08006524   Data          28  msh.o(.rodata.name)
    __fsym___cmd_free_name                   0x08006540   Data          11  msh.o(.rodata.name)
    __fsym___cmd_free_desc                   0x0800654b   Data          37  msh.o(.rodata.name)
    __rt_init_rti_start                      0x08006570   Data           4  components.o(.rti_fn.0)
    __rt_init_rti_board_start                0x08006574   Data           4  components.o(.rti_fn.0.end)
    __rt_init_uart_init                      0x08006578   Data           4  board.o(.rti_fn.1)
    __rt_init_rti_board_end                  0x0800657c   Data           4  components.o(.rti_fn.1.end)
    __rt_init_finsh_system_init              0x08006580   Data           4  shell.o(.rti_fn.6)
    __rt_init_rti_end                        0x08006584   Data           4  components.o(.rti_fn.6.end)
    FSymTab$$Base                            0x08006588   Number         0  mem.o(FSymTab)
    __fsym_list_mem                          0x08006588   Data          12  mem.o(FSymTab)
    __fsym_hello                             0x08006594   Data          12  cmd.o(FSymTab)
    __fsym_version                           0x080065a0   Data          12  cmd.o(FSymTab)
    __fsym___cmd_version                     0x080065ac   Data          12  cmd.o(FSymTab)
    __fsym_list_thread                       0x080065b8   Data          12  cmd.o(FSymTab)
    __fsym___cmd_list_thread                 0x080065c4   Data          12  cmd.o(FSymTab)
    __fsym_list_sem                          0x080065d0   Data          12  cmd.o(FSymTab)
    __fsym___cmd_list_sem                    0x080065dc   Data          12  cmd.o(FSymTab)
    __fsym_list_msgqueue                     0x080065e8   Data          12  cmd.o(FSymTab)
    __fsym___cmd_list_msgqueue               0x080065f4   Data          12  cmd.o(FSymTab)
    __fsym_list_timer                        0x08006600   Data          12  cmd.o(FSymTab)
    __fsym___cmd_list_timer                  0x0800660c   Data          12  cmd.o(FSymTab)
    __fsym_list                              0x08006618   Data          12  cmd.o(FSymTab)
    __fsym___cmd_help                        0x08006624   Data          12  msh.o(FSymTab)
    __fsym___cmd_ps                          0x08006630   Data          12  msh.o(FSymTab)
    __fsym___cmd_free                        0x0800663c   Data          12  msh.o(FSymTab)
    FSymTab$$Limit                           0x08006648   Number         0  msh.o(FSymTab)
    Region$$Table$$Base                      0x08006648   Number         0  anon$$obj.o(Region$$Table)
    Region$$Table$$Limit                     0x08006668   Number         0  anon$$obj.o(Region$$Table)
    KEY_Value                                0x20000000   Data           1  main.o(.data)
    KeyState                                 0x20000001   Data           1  main.o(.data)
    KEY_PressTime                            0x20000014   Data           4  main.o(.data)
    uwTickPrio                               0x20000020   Data           4  stm32g4xx_hal.o(.data)
    uwTickFreq                               0x20000024   Data           4  stm32g4xx_hal.o(.data)
    uwTick                                   0x20000028   Data           4  stm32g4xx_hal.o(.data)
    SystemCoreClock                          0x2000002c   Data           4  system_stm32g4xx.o(.data)
    rt_interrupt_nest                        0x20000034   Data           1  irq.o(.data)
    rt_current_priority                      0x20000090   Data           1  scheduler.o(.data)
    rt_current_thread                        0x20000094   Data           4  scheduler.o(.data)
    rt_thread_ready_priority_group           0x20000098   Data           4  scheduler.o(.data)
    rt_thread_defunct                        0x2000009c   Data           8  scheduler.o(.data)
    rt_interrupt_from_thread                 0x200000b4   Data           4  cpuport.o(.data)
    rt_interrupt_to_thread                   0x200000b8   Data           4  cpuport.o(.data)
    rt_thread_switch_interrupt_flag          0x200000bc   Data           4  cpuport.o(.data)
    _syscall_table_begin                     0x200000c0   Data           4  shell.o(.data)
    _syscall_table_end                       0x200000c4   Data           4  shell.o(.data)
    _sysvar_table_begin                      0x200000c8   Data           4  shell.o(.data)
    _sysvar_table_end                        0x200000cc   Data           4  shell.o(.data)
    shell                                    0x200000d4   Data           4  shell.o(.data)
    hadc1                                    0x200000d8   Data         108  adc.o(.bss)
    hadc2                                    0x20000144   Data         108  adc.o(.bss)
    htim6                                    0x200001b0   Data          76  tim.o(.bss)
    huart1                                   0x200001fc   Data         144  usart.o(.bss)
    rt_thread_priority_table                 0x200004a4   Data         256  scheduler.o(.bss)
    __initial_sp                             0x200046b8   Data           0  startup_stm32g431xx.o(STACK)



==============================================================================

Memory Map of the image

  Image Entry point : 0x080001d9

  Load Region LR_IROM1 (Base: 0x08000000, Size: 0x00006740, Max: 0x00020000, ABSOLUTE)

    Execution Region ER_IROM1 (Exec base: 0x08000000, Load base: 0x08000000, Size: 0x00006668, Max: 0x00020000, ABSOLUTE)

    Exec Addr    Load Addr    Size         Type   Attr      Idx    E Section Name        Object

    0x08000000   0x08000000   0x000001d8   Data   RO            3    RESET               startup_stm32g431xx.o
    0x080001d8   0x080001d8   0x00000000   Code   RO         5428  * .ARM.Collect$$$$00000000  mc_w.l(entry.o)
    0x080001d8   0x080001d8   0x00000004   Code   RO         5449    .ARM.Collect$$$$00000001  mc_w.l(entry2.o)
    0x080001dc   0x080001dc   0x00000004   Code   RO         5452    .ARM.Collect$$$$00000004  mc_w.l(entry5.o)
    0x080001e0   0x080001e0   0x00000000   Code   RO         5454    .ARM.Collect$$$$00000008  mc_w.l(entry7b.o)
    0x080001e0   0x080001e0   0x00000000   Code   RO         5456    .ARM.Collect$$$$0000000A  mc_w.l(entry8b.o)
    0x080001e0   0x080001e0   0x00000008   Code   RO         5457    .ARM.Collect$$$$0000000B  mc_w.l(entry9a.o)
    0x080001e8   0x080001e8   0x00000004   Code   RO         5464    .ARM.Collect$$$$0000000E  mc_w.l(entry12b.o)
    0x080001ec   0x080001ec   0x00000000   Code   RO         5459    .ARM.Collect$$$$0000000F  mc_w.l(entry10a.o)
    0x080001ec   0x080001ec   0x00000000   Code   RO         5461    .ARM.Collect$$$$00000011  mc_w.l(entry11a.o)
    0x080001ec   0x080001ec   0x00000004   Code   RO         5450    .ARM.Collect$$$$00002712  mc_w.l(entry2.o)
    0x080001f0   0x080001f0   0x00000024   Code   RO            4    .text               startup_stm32g431xx.o
    0x08000214   0x08000214   0x00000134   Code   RO         4113    .text               context_rvds.o
    0x08000348   0x08000348   0x00000062   Code   RO         5431    .text               mc_w.l(uldiv.o)
    0x080003aa   0x080003aa   0x00000024   Code   RO         5433    .text               mc_w.l(memcpya.o)
    0x080003ce   0x080003ce   0x00000024   Code   RO         5435    .text               mc_w.l(memseta.o)
    0x080003f2   0x080003f2   0x00000018   Code   RO         5437    .text               mc_w.l(strcat.o)
    0x0800040a   0x0800040a   0x00000018   Code   RO         5439    .text               mc_w.l(strncpy.o)
    0x08000422   0x08000422   0x0000000e   Code   RO         5441    .text               mc_w.l(strlen.o)
    0x08000430   0x08000430   0x0000001e   Code   RO         5445    .text               mc_w.l(strncmp.o)
    0x0800044e   0x0800044e   0x0000001e   Code   RO         5465    .text               mc_w.l(llshl.o)
    0x0800046c   0x0800046c   0x00000020   Code   RO         5467    .text               mc_w.l(llushr.o)
    0x0800048c   0x0800048c   0x00000024   Code   RO         5469    .text               mc_w.l(init.o)
    0x080004b0   0x080004b0   0x0000000a   Code   RO         4158    i.$Sub$$main        components.o
    0x080004ba   0x080004ba   0x00000002   PAD
    0x080004bc   0x080004bc   0x000000e4   Code   RO          479    i.ADC_ConversionStop  stm32g4xx_hal_adc.o
    0x080005a0   0x080005a0   0x00000070   Code   RO          483    i.ADC_Disable       stm32g4xx_hal_adc.o
    0x08000610   0x08000610   0x00000074   Code   RO          484    i.ADC_Enable        stm32g4xx_hal_adc.o
    0x08000684   0x08000684   0x00000002   Code   RO          394    i.BusFault_Handler  stm32g4xx_it.o
    0x08000686   0x08000686   0x00000002   Code   RO          395    i.DebugMon_Handler  stm32g4xx_it.o
    0x08000688   0x08000688   0x00000004   Code   RO           13    i.Error_Handler     main.o
    0x0800068c   0x0800068c   0x000000d8   Code   RO          734    i.HAL_ADCEx_MultiModeConfigChannel  stm32g4xx_hal_adc_ex.o
    0x08000764   0x08000764   0x00000424   Code   RO          486    i.HAL_ADC_ConfigChannel  stm32g4xx_hal_adc.o
    0x08000b88   0x08000b88   0x00000006   Code   RO          493    i.HAL_ADC_GetValue  stm32g4xx_hal_adc.o
    0x08000b8e   0x08000b8e   0x00000002   PAD
    0x08000b90   0x08000b90   0x000001fc   Code   RO          495    i.HAL_ADC_Init      stm32g4xx_hal_adc.o
    0x08000d8c   0x08000d8c   0x000000a4   Code   RO          262    i.HAL_ADC_MspInit   adc.o
    0x08000e30   0x08000e30   0x000000fc   Code   RO          499    i.HAL_ADC_PollForConversion  stm32g4xx_hal_adc.o
    0x08000f2c   0x08000f2c   0x000000f4   Code   RO          501    i.HAL_ADC_Start     stm32g4xx_hal_adc.o
    0x08001020   0x08001020   0x0000003e   Code   RO          505    i.HAL_ADC_Stop      stm32g4xx_hal_adc.o
    0x0800105e   0x0800105e   0x00000002   PAD
    0x08001060   0x08001060   0x000001c8   Code   RO         1624    i.HAL_GPIO_Init     stm32g4xx_hal_gpio.o
    0x08001228   0x08001228   0x0000000a   Code   RO         1626    i.HAL_GPIO_ReadPin  stm32g4xx_hal_gpio.o
    0x08001232   0x08001232   0x0000000a   Code   RO         1628    i.HAL_GPIO_WritePin  stm32g4xx_hal_gpio.o
    0x0800123c   0x0800123c   0x0000000c   Code   RO          937    i.HAL_GetTick       stm32g4xx_hal.o
    0x08001248   0x08001248   0x0000001e   Code   RO          941    i.HAL_Init          stm32g4xx_hal.o
    0x08001266   0x08001266   0x00000002   PAD
    0x08001268   0x08001268   0x00000044   Code   RO          942    i.HAL_InitTick      stm32g4xx_hal.o
    0x080012ac   0x080012ac   0x00000030   Code   RO          455    i.HAL_MspInit       stm32g4xx_hal_msp.o
    0x080012dc   0x080012dc   0x0000001a   Code   RO         2271    i.HAL_NVIC_EnableIRQ  stm32g4xx_hal_cortex.o
    0x080012f6   0x080012f6   0x00000002   PAD
    0x080012f8   0x080012f8   0x00000040   Code   RO         2277    i.HAL_NVIC_SetPriority  stm32g4xx_hal_cortex.o
    0x08001338   0x08001338   0x00000024   Code   RO         2278    i.HAL_NVIC_SetPriorityGrouping  stm32g4xx_hal_cortex.o
    0x0800135c   0x0800135c   0x000000bc   Code   RO         2027    i.HAL_PWREx_ControlVoltageScaling  stm32g4xx_hal_pwr_ex.o
    0x08001418   0x08001418   0x00000010   Code   RO         2039    i.HAL_PWREx_DisableUCPDDeadBattery  stm32g4xx_hal_pwr_ex.o
    0x08001428   0x08001428   0x00000288   Code   RO         1286    i.HAL_RCCEx_PeriphCLKConfig  stm32g4xx_hal_rcc_ex.o
    0x080016b0   0x080016b0   0x000001dc   Code   RO         1161    i.HAL_RCC_ClockConfig  stm32g4xx_hal_rcc.o
    0x0800188c   0x0800188c   0x0000000c   Code   RO         1167    i.HAL_RCC_GetHCLKFreq  stm32g4xx_hal_rcc.o
    0x08001898   0x08001898   0x00000024   Code   RO         1169    i.HAL_RCC_GetPCLK1Freq  stm32g4xx_hal_rcc.o
    0x080018bc   0x080018bc   0x00000024   Code   RO         1170    i.HAL_RCC_GetPCLK2Freq  stm32g4xx_hal_rcc.o
    0x080018e0   0x080018e0   0x00000070   Code   RO         1171    i.HAL_RCC_GetSysClockFreq  stm32g4xx_hal_rcc.o
    0x08001950   0x08001950   0x0000040c   Code   RO         1174    i.HAL_RCC_OscConfig  stm32g4xx_hal_rcc.o
    0x08001d5c   0x08001d5c   0x00000028   Code   RO         2282    i.HAL_SYSTICK_Config  stm32g4xx_hal_cortex.o
    0x08001d84   0x08001d84   0x00000002   Code   RO         3117    i.HAL_TIMEx_Break2Callback  stm32g4xx_hal_tim_ex.o
    0x08001d86   0x08001d86   0x00000002   Code   RO         3118    i.HAL_TIMEx_BreakCallback  stm32g4xx_hal_tim_ex.o
    0x08001d88   0x08001d88   0x00000002   Code   RO         3119    i.HAL_TIMEx_CommutCallback  stm32g4xx_hal_tim_ex.o
    0x08001d8a   0x08001d8a   0x00000002   Code   RO         3130    i.HAL_TIMEx_DirectionChangeCallback  stm32g4xx_hal_tim_ex.o
    0x08001d8c   0x08001d8c   0x00000002   Code   RO         3144    i.HAL_TIMEx_EncoderIndexCallback  stm32g4xx_hal_tim_ex.o
    0x08001d8e   0x08001d8e   0x00000002   Code   RO         3158    i.HAL_TIMEx_IndexErrorCallback  stm32g4xx_hal_tim_ex.o
    0x08001d90   0x08001d90   0x0000009c   Code   RO         3159    i.HAL_TIMEx_MasterConfigSynchronization  stm32g4xx_hal_tim_ex.o
    0x08001e2c   0x08001e2c   0x00000002   Code   RO         3180    i.HAL_TIMEx_TransitionErrorCallback  stm32g4xx_hal_tim_ex.o
    0x08001e2e   0x08001e2e   0x00000062   Code   RO         2403    i.HAL_TIM_Base_Init  stm32g4xx_hal_tim.o
    0x08001e90   0x08001e90   0x0000003c   Code   RO          311    i.HAL_TIM_Base_MspInit  tim.o
    0x08001ecc   0x08001ecc   0x00000078   Code   RO         2408    i.HAL_TIM_Base_Start_IT  stm32g4xx_hal_tim.o
    0x08001f44   0x08001f44   0x00000002   Code   RO         2437    i.HAL_TIM_IC_CaptureCallback  stm32g4xx_hal_tim.o
    0x08001f46   0x08001f46   0x000001fc   Code   RO         2451    i.HAL_TIM_IRQHandler  stm32g4xx_hal_tim.o
    0x08002142   0x08002142   0x00000002   Code   RO         2454    i.HAL_TIM_OC_DelayElapsedCallback  stm32g4xx_hal_tim.o
    0x08002144   0x08002144   0x00000002   Code   RO         2481    i.HAL_TIM_PWM_PulseFinishedCallback  stm32g4xx_hal_tim.o
    0x08002146   0x08002146   0x00000002   PAD
    0x08002148   0x08002148   0x00000014   Code   RO           14    i.HAL_TIM_PeriodElapsedCallback  main.o
    0x0800215c   0x0800215c   0x00000002   Code   RO         2494    i.HAL_TIM_TriggerCallback  stm32g4xx_hal_tim.o
    0x0800215e   0x0800215e   0x0000003e   Code   RO         3966    i.HAL_UARTEx_DisableFifoMode  stm32g4xx_hal_uart_ex.o
    0x0800219c   0x0800219c   0x0000004c   Code   RO         3974    i.HAL_UARTEx_SetRxFifoThreshold  stm32g4xx_hal_uart_ex.o
    0x080021e8   0x080021e8   0x0000004c   Code   RO         3975    i.HAL_UARTEx_SetTxFifoThreshold  stm32g4xx_hal_uart_ex.o
    0x08002234   0x08002234   0x0000006a   Code   RO         3575    i.HAL_UART_Init     stm32g4xx_hal_uart.o
    0x0800229e   0x0800229e   0x00000002   PAD
    0x080022a0   0x080022a0   0x00000064   Code   RO          353    i.HAL_UART_MspInit  usart.o
    0x08002304   0x08002304   0x000000bc   Code   RO         3584    i.HAL_UART_Transmit  stm32g4xx_hal_uart.o
    0x080023c0   0x080023c0   0x00000104   Code   RO           15    i.KeyScan           main.o
    0x080024c4   0x080024c4   0x0000000c   Code   RO          509    i.LL_ADC_GetOffsetChannel  stm32g4xx_hal_adc.o
    0x080024d0   0x080024d0   0x00000008   Code   RO          510    i.LL_ADC_INJ_IsConversionOngoing  stm32g4xx_hal_adc.o
    0x080024d8   0x080024d8   0x00000008   Code   RO          511    i.LL_ADC_REG_IsConversionOngoing  stm32g4xx_hal_adc.o
    0x080024e0   0x080024e0   0x00000008   Code   RO          744    i.LL_ADC_REG_IsConversionOngoing  stm32g4xx_hal_adc_ex.o
    0x080024e8   0x080024e8   0x00000010   Code   RO          512    i.LL_ADC_REG_IsTriggerSourceSWStart  stm32g4xx_hal_adc.o
    0x080024f8   0x080024f8   0x0000001e   Code   RO          514    i.LL_ADC_SetChannelSamplingTime  stm32g4xx_hal_adc.o
    0x08002516   0x08002516   0x00000010   Code   RO          515    i.LL_ADC_SetOffsetState  stm32g4xx_hal_adc.o
    0x08002526   0x08002526   0x00000002   PAD
    0x08002528   0x08002528   0x00000094   Code   RO          263    i.MX_ADC1_Init      adc.o
    0x080025bc   0x080025bc   0x0000007c   Code   RO          264    i.MX_ADC2_Init      adc.o
    0x08002638   0x08002638   0x000000f8   Code   RO          237    i.MX_GPIO_Init      gpio.o
    0x08002730   0x08002730   0x00000048   Code   RO          312    i.MX_TIM6_Init      tim.o
    0x08002778   0x08002778   0x00000068   Code   RO          354    i.MX_USART1_UART_Init  usart.o
    0x080027e0   0x080027e0   0x00000002   Code   RO          396    i.MemManage_Handler  stm32g4xx_it.o
    0x080027e2   0x080027e2   0x00000002   Code   RO          397    i.NMI_Handler       stm32g4xx_it.o
    0x080027e4   0x080027e4   0x00000012   Code   RO         5095    i.SysTick_Handler   board.o
    0x080027f6   0x080027f6   0x00000086   Code   RO           16    i.SystemClock_Config  main.o
    0x0800287c   0x0800287c   0x00000080   Code   RO         4078    i.SystemCoreClockUpdate  system_stm32g4xx.o
    0x080028fc   0x080028fc   0x00000010   Code   RO         4079    i.SystemInit        system_stm32g4xx.o
    0x0800290c   0x0800290c   0x0000000c   Code   RO          398    i.TIM6_DAC_IRQHandler  stm32g4xx_it.o
    0x08002918   0x08002918   0x000000b0   Code   RO         2496    i.TIM_Base_SetConfig  stm32g4xx_hal_tim.o
    0x080029c8   0x080029c8   0x00000044   Code   RO         3979    i.UARTEx_SetNbDataToProcess  stm32g4xx_hal_uart_ex.o
    0x08002a0c   0x08002a0c   0x000000c8   Code   RO         3589    i.UART_AdvFeatureConfig  stm32g4xx_hal_uart.o
    0x08002ad4   0x08002ad4   0x00000060   Code   RO         3590    i.UART_CheckIdleState  stm32g4xx_hal_uart.o
    0x08002b34   0x08002b34   0x00000274   Code   RO         3607    i.UART_SetConfig    stm32g4xx_hal_uart.o
    0x08002da8   0x08002da8   0x000000a4   Code   RO         3614    i.UART_WaitOnFlagUntilTimeout  stm32g4xx_hal_uart.o
    0x08002e4c   0x08002e4c   0x00000002   Code   RO          399    i.UsageFault_Handler  stm32g4xx_it.o
    0x08002e4e   0x08002e4e   0x00000020   Code   RO         2284    i.__NVIC_SetPriority  stm32g4xx_hal_cortex.o
    0x08002e6e   0x08002e6e   0x00000002   PAD
    0x08002e70   0x08002e70   0x00000048   Code   RO         4415    i.__rt_ffs          kservice.o
    0x08002eb8   0x08002eb8   0x0000000e   Code   RO         5473    i.__scatterload_copy  mc_w.l(handlers.o)
    0x08002ec6   0x08002ec6   0x00000002   Code   RO         5474    i.__scatterload_null  mc_w.l(handlers.o)
    0x08002ec8   0x08002ec8   0x0000000e   Code   RO         5475    i.__scatterload_zeroinit  mc_w.l(handlers.o)
    0x08002ed6   0x08002ed6   0x0000006c   Code   RO         5259    i._msh_exec_cmd     msh.o
    0x08002f42   0x08002f42   0x00000002   PAD
    0x08002f44   0x08002f44   0x0000007c   Code   RO         4821    i._rt_thread_init   thread.o
    0x08002fc0   0x08002fc0   0x00000028   Code   RO         4943    i._rt_timer_init    timer.o
    0x08002fe8   0x08002fe8   0x0000001c   Code   RO         4822    i._thread_cleanup_execute  thread.o
    0x08003004   0x08003004   0x000000f4   Code   RO         5030    i.bus_fault_track   cpuport.o
    0x080030f8   0x080030f8   0x0000000a   Code   RO         5260    i.cmd_free          msh.o
    0x08003102   0x08003102   0x0000000a   Code   RO         5261    i.cmd_ps            msh.o
    0x0800310c   0x0800310c   0x00000070   Code   RO         5337    i.finsh_get_prompt  shell.o
    0x0800317c   0x0800317c   0x00000004   Code   RO         5339    i.finsh_getchar     shell.o
    0x08003180   0x08003180   0x00000018   Code   RO         5342    i.finsh_set_prompt_mode  shell.o
    0x08003198   0x08003198   0x0000000c   Code   RO         5343    i.finsh_system_function_init  shell.o
    0x080031a4   0x080031a4   0x00000098   Code   RO         5344    i.finsh_system_init  shell.o
    0x0800323c   0x0800323c   0x000002a0   Code   RO         5346    i.finsh_thread_entry  shell.o
    0x080034dc   0x080034dc   0x00000028   Code   RO           17    i.getADC_R37        main.o
    0x08003504   0x08003504   0x00000028   Code   RO           18    i.getADC_R38        main.o
    0x0800352c   0x0800352c   0x00000084   Code   RO         5031    i.hard_fault_track  cpuport.o
    0x080035b0   0x080035b0   0x00000020   Code   RO         5155    i.hello             cmd.o
    0x080035d0   0x080035d0   0x00000068   Code   RO         5156    i.list              cmd.o
    0x08003638   0x08003638   0x00000024   Code   RO         5157    i.list_find_init    cmd.o
    0x0800365c   0x0800365c   0x00000076   Code   RO         5158    i.list_get_next     cmd.o
    0x080036d2   0x080036d2   0x00000002   PAD
    0x080036d4   0x080036d4   0x0000006c   Code   RO         4587    i.list_mem          mem.o
    0x08003740   0x08003740   0x00000168   Code   RO         5159    i.list_msgqueue     cmd.o
    0x080038a8   0x080038a8   0x0000015c   Code   RO         5160    i.list_sem          cmd.o
    0x08003a04   0x08003a04   0x000001e0   Code   RO         5161    i.list_thread       cmd.o
    0x08003be4   0x08003be4   0x0000015c   Code   RO         5162    i.list_timer        cmd.o
    0x08003d40   0x08003d40   0x00000150   Code   RO           19    i.main              main.o
    0x08003e90   0x08003e90   0x0000000e   Code   RO         4159    i.main_thread_entry  components.o
    0x08003e9e   0x08003e9e   0x00000002   PAD
    0x08003ea0   0x08003ea0   0x000000e4   Code   RO         5032    i.mem_manage_fault_track  cpuport.o
    0x08003f84   0x08003f84   0x000000a8   Code   RO         5262    i.msh_auto_complete  msh.o
    0x0800402c   0x0800402c   0x00000064   Code   RO         5263    i.msh_exec          msh.o
    0x08004090   0x08004090   0x0000005c   Code   RO         5264    i.msh_get_cmd       msh.o
    0x080040ec   0x080040ec   0x0000007c   Code   RO         5265    i.msh_help          msh.o
    0x08004168   0x08004168   0x00000004   Code   RO         5266    i.msh_is_used       msh.o
    0x0800416c   0x0800416c   0x000000d8   Code   RO         5267    i.msh_split         msh.o
    0x08004244   0x08004244   0x00000068   Code   RO         4588    i.plug_holes        mem.o
    0x080042ac   0x080042ac   0x00000170   Code   RO         4417    i.print_number      kservice.o
    0x0800441c   0x0800441c   0x00000070   Code   RO           20    i.receive_thread_entry  main.o
    0x0800448c   0x0800448c   0x00000030   Code   RO         4160    i.rt_application_init  components.o
    0x080044bc   0x080044bc   0x0000001c   Code   RO         4589    i.rt_calloc         mem.o
    0x080044d8   0x080044d8   0x00000020   Code   RO         4161    i.rt_components_board_init  components.o
    0x080044f8   0x080044f8   0x00000020   Code   RO         4162    i.rt_components_init  components.o
    0x08004518   0x08004518   0x0000001c   Code   RO         4754    i.rt_enter_critical  scheduler.o
    0x08004534   0x08004534   0x00000038   Code   RO         4755    i.rt_exit_critical  scheduler.o
    0x0800456c   0x0800456c   0x000000c8   Code   RO         4590    i.rt_free           mem.o
    0x08004634   0x08004634   0x00000008   Code   RO         5096    i.rt_heap_begin_get  board.o
    0x0800463c   0x0800463c   0x00000008   Code   RO         5097    i.rt_heap_end_get   board.o
    0x08004644   0x08004644   0x00000036   Code   RO         5098    i.rt_hw_board_init  board.o
    0x0800467a   0x0800467a   0x00000002   PAD
    0x0800467c   0x0800467c   0x00000028   Code   RO         5099    i.rt_hw_console_getchar  board.o
    0x080046a4   0x080046a4   0x00000048   Code   RO         5100    i.rt_hw_console_output  board.o
    0x080046ec   0x080046ec   0x00000220   Code   RO         5036    i.rt_hw_hard_fault_exception  cpuport.o
    0x0800490c   0x0800490c   0x00000044   Code   RO         5037    i.rt_hw_stack_init  cpuport.o
    0x08004950   0x08004950   0x0000001c   Code   RO         4388    i.rt_interrupt_enter  irq.o
    0x0800496c   0x0800496c   0x0000001c   Code   RO         4390    i.rt_interrupt_leave  irq.o
    0x08004988   0x08004988   0x00000070   Code   RO         4268    i.rt_ipc_list_suspend  ipc.o
    0x080049f8   0x080049f8   0x00000024   Code   RO         4421    i.rt_kprintf        kservice.o
    0x08004a1c   0x08004a1c   0x00000110   Code   RO         4591    i.rt_malloc         mem.o
    0x08004b2c   0x08004b2c   0x00000074   Code   RO         4425    i.rt_memcpy         kservice.o
    0x08004ba0   0x08004ba0   0x00000036   Code   RO         4426    i.rt_memmove        kservice.o
    0x08004bd6   0x08004bd6   0x00000056   Code   RO         4427    i.rt_memset         kservice.o
    0x08004c2c   0x08004c2c   0x00000086   Code   RO         4270    i.rt_mq_create      ipc.o
    0x08004cb2   0x08004cb2   0x00000196   Code   RO         4274    i.rt_mq_recv        ipc.o
    0x08004e48   0x08004e48   0x00000006   Code   RO         4275    i.rt_mq_send        ipc.o
    0x08004e4e   0x08004e4e   0x000001b4   Code   RO         4276    i.rt_mq_send_wait   ipc.o
    0x08005002   0x08005002   0x0000005a   Code   RO         4676    i.rt_object_allocate  object.o
    0x0800505c   0x0800505c   0x0000002e   Code   RO         4677    i.rt_object_delete  object.o
    0x0800508a   0x0800508a   0x0000002c   Code   RO         4678    i.rt_object_detach  object.o
    0x080050b6   0x080050b6   0x00000002   PAD
    0x080050b8   0x080050b8   0x00000024   Code   RO         4680    i.rt_object_get_information  object.o
    0x080050dc   0x080050dc   0x0000005a   Code   RO         4684    i.rt_object_init    object.o
    0x08005136   0x08005136   0x00000010   Code   RO         4685    i.rt_object_is_systemobject  object.o
    0x08005146   0x08005146   0x00000002   PAD
    0x08005148   0x08005148   0x00000064   Code   RO         4756    i.rt_schedule       scheduler.o
    0x080051ac   0x080051ac   0x00000050   Code   RO         4757    i.rt_schedule_insert_thread  scheduler.o
    0x080051fc   0x080051fc   0x00000054   Code   RO         4758    i.rt_schedule_remove_thread  scheduler.o
    0x08005250   0x08005250   0x00000020   Code   RO         4279    i.rt_sem_create     ipc.o
    0x08005270   0x08005270   0x00000022   Code   RO         4282    i.rt_sem_init       ipc.o
    0x08005292   0x08005292   0x00000058   Code   RO         4283    i.rt_sem_release    ipc.o
    0x080052ea   0x080052ea   0x00000072   Code   RO         4284    i.rt_sem_take       ipc.o
    0x0800535c   0x0800535c   0x000000b0   Code   RO         4429    i.rt_show_version   kservice.o
    0x0800540c   0x0800540c   0x00000010   Code   RO         4435    i.rt_strlen         kservice.o
    0x0800541c   0x0800541c   0x0000002a   Code   RO         4437    i.rt_strncpy        kservice.o
    0x08005446   0x08005446   0x00000002   PAD
    0x08005448   0x08005448   0x000000b0   Code   RO         4594    i.rt_system_heap_init  mem.o
    0x080054f8   0x080054f8   0x0000003c   Code   RO         4759    i.rt_system_scheduler_init  scheduler.o
    0x08005534   0x08005534   0x00000028   Code   RO         4760    i.rt_system_scheduler_start  scheduler.o
    0x0800555c   0x0800555c   0x00000018   Code   RO         4944    i.rt_system_timer_init  timer.o
    0x08005574   0x08005574   0x00000002   Code   RO         4945    i.rt_system_timer_thread_init  timer.o
    0x08005576   0x08005576   0x0000005a   Code   RO         4824    i.rt_thread_create  thread.o
    0x080055d0   0x080055d0   0x00000004   Code   RO         4825    i.rt_thread_delay   thread.o
    0x080055d4   0x080055d4   0x00000060   Code   RO         4829    i.rt_thread_exit    thread.o
    0x08005634   0x08005634   0x00000006   Code   RO         4232    i.rt_thread_idle_entry  idle.o
    0x0800563a   0x0800563a   0x00000002   PAD
    0x0800563c   0x0800563c   0x00000054   Code   RO         4233    i.rt_thread_idle_excute  idle.o
    0x08005690   0x08005690   0x00000040   Code   RO         4235    i.rt_thread_idle_init  idle.o
    0x080056d0   0x080056d0   0x00000032   Code   RO         4831    i.rt_thread_init    thread.o
    0x08005702   0x08005702   0x0000000e   Code   RO         4832    i.rt_thread_mdelay  thread.o
    0x08005710   0x08005710   0x00000048   Code   RO         4833    i.rt_thread_resume  thread.o
    0x08005758   0x08005758   0x0000000c   Code   RO         4834    i.rt_thread_self    thread.o
    0x08005764   0x08005764   0x00000044   Code   RO         4835    i.rt_thread_sleep   thread.o
    0x080057a8   0x080057a8   0x0000002a   Code   RO         4836    i.rt_thread_startup  thread.o
    0x080057d2   0x080057d2   0x00000044   Code   RO         4837    i.rt_thread_suspend  thread.o
    0x08005816   0x08005816   0x00000028   Code   RO         4838    i.rt_thread_timeout  thread.o
    0x0800583e   0x0800583e   0x00000002   PAD
    0x08005840   0x08005840   0x0000006c   Code   RO         4839    i.rt_thread_yield   thread.o
    0x080058ac   0x080058ac   0x00000032   Code   RO         4118    i.rt_tick_from_millisecond  clock.o
    0x080058de   0x080058de   0x00000002   PAD
    0x080058e0   0x080058e0   0x0000000c   Code   RO         4119    i.rt_tick_get       clock.o
    0x080058ec   0x080058ec   0x0000002c   Code   RO         4120    i.rt_tick_increase  clock.o
    0x08005918   0x08005918   0x000000f4   Code   RO         4946    i.rt_timer_check    timer.o
    0x08005a0c   0x08005a0c   0x00000054   Code   RO         4947    i.rt_timer_control  timer.o
    0x08005a60   0x08005a60   0x00000046   Code   RO         4950    i.rt_timer_detach   timer.o
    0x08005aa6   0x08005aa6   0x0000002a   Code   RO         4951    i.rt_timer_init     timer.o
    0x08005ad0   0x08005ad0   0x000000d0   Code   RO         4954    i.rt_timer_start    timer.o
    0x08005ba0   0x08005ba0   0x00000052   Code   RO         4955    i.rt_timer_stop     timer.o
    0x08005bf2   0x08005bf2   0x00000002   PAD
    0x08005bf4   0x08005bf4   0x0000032c   Code   RO         4440    i.rt_vsnprintf      kservice.o
    0x08005f20   0x08005f20   0x00000004   Code   RO         4163    i.rti_board_end     components.o
    0x08005f24   0x08005f24   0x00000004   Code   RO         4164    i.rti_board_start   components.o
    0x08005f28   0x08005f28   0x00000004   Code   RO         4165    i.rti_end           components.o
    0x08005f2c   0x08005f2c   0x00000004   Code   RO         4166    i.rti_start         components.o
    0x08005f30   0x08005f30   0x0000002a   Code   RO         4167    i.rtthread_startup  components.o
    0x08005f5a   0x08005f5a   0x00000002   PAD
    0x08005f5c   0x08005f5c   0x0000007c   Code   RO           21    i.send_thread_entry  main.o
    0x08005fd8   0x08005fd8   0x00000038   Code   RO         5347    i.shell_auto_complete  shell.o
    0x08006010   0x08006010   0x00000030   Code   RO         5163    i.show_wait_queue   cmd.o
    0x08006040   0x08006040   0x0000001e   Code   RO         5268    i.str_common        msh.o
    0x0800605e   0x0800605e   0x00000002   PAD
    0x08006060   0x08006060   0x00000034   Code   RO         5101    i.uart_init         board.o
    0x08006094   0x08006094   0x000000dc   Code   RO         5038    i.usage_fault_track  cpuport.o
    0x08006170   0x08006170   0x0000000a   Code   RO         5164    i.version           cmd.o
    0x0800617a   0x0800617a   0x00000018   Data   RO         3615    .constdata          stm32g4xx_hal_uart.o
    0x08006192   0x08006192   0x00000010   Data   RO         3980    .constdata          stm32g4xx_hal_uart_ex.o
    0x080061a2   0x080061a2   0x00000010   Data   RO         4080    .constdata          system_stm32g4xx.o
    0x080061b2   0x080061b2   0x00000008   Data   RO         4081    .constdata          system_stm32g4xx.o
    0x080061ba   0x080061ba   0x00000122   Data   RO         4443    .constdata          kservice.o
    0x080062dc   0x080062dc   0x00000044   Data   RO         5165    .conststring        cmd.o
    0x08006320   0x08006320   0x00000009   Data   RO         4597    .rodata.name        mem.o
    0x08006329   0x08006329   0x0000001e   Data   RO         4598    .rodata.name        mem.o
    0x08006347   0x08006347   0x00000006   Data   RO         5166    .rodata.name        cmd.o
    0x0800634d   0x0800634d   0x00000010   Data   RO         5167    .rodata.name        cmd.o
    0x0800635d   0x0800635d   0x00000008   Data   RO         5168    .rodata.name        cmd.o
    0x08006365   0x08006365   0x00000023   Data   RO         5169    .rodata.name        cmd.o
    0x08006388   0x08006388   0x0000000e   Data   RO         5170    .rodata.name        cmd.o
    0x08006396   0x08006396   0x00000023   Data   RO         5171    .rodata.name        cmd.o
    0x080063b9   0x080063b9   0x0000000c   Data   RO         5172    .rodata.name        cmd.o
    0x080063c5   0x080063c5   0x0000000c   Data   RO         5173    .rodata.name        cmd.o
    0x080063d1   0x080063d1   0x00000012   Data   RO         5174    .rodata.name        cmd.o
    0x080063e3   0x080063e3   0x0000000c   Data   RO         5175    .rodata.name        cmd.o
    0x080063ef   0x080063ef   0x00000009   Data   RO         5176    .rodata.name        cmd.o
    0x080063f8   0x080063f8   0x00000019   Data   RO         5177    .rodata.name        cmd.o
    0x08006411   0x08006411   0x0000000f   Data   RO         5178    .rodata.name        cmd.o
    0x08006420   0x08006420   0x00000019   Data   RO         5179    .rodata.name        cmd.o
    0x08006439   0x08006439   0x0000000e   Data   RO         5180    .rodata.name        cmd.o
    0x08006447   0x08006447   0x0000001d   Data   RO         5181    .rodata.name        cmd.o
    0x08006464   0x08006464   0x00000014   Data   RO         5182    .rodata.name        cmd.o
    0x08006478   0x08006478   0x0000001d   Data   RO         5183    .rodata.name        cmd.o
    0x08006495   0x08006495   0x0000000b   Data   RO         5184    .rodata.name        cmd.o
    0x080064a0   0x080064a0   0x00000015   Data   RO         5185    .rodata.name        cmd.o
    0x080064b5   0x080064b5   0x00000011   Data   RO         5186    .rodata.name        cmd.o
    0x080064c6   0x080064c6   0x00000015   Data   RO         5187    .rodata.name        cmd.o
    0x080064db   0x080064db   0x00000005   Data   RO         5188    .rodata.name        cmd.o
    0x080064e0   0x080064e0   0x0000001a   Data   RO         5189    .rodata.name        cmd.o
    0x080064fa   0x080064fa   0x0000000b   Data   RO         5269    .rodata.name        msh.o
    0x08006505   0x08006505   0x00000016   Data   RO         5270    .rodata.name        msh.o
    0x0800651b   0x0800651b   0x00000009   Data   RO         5271    .rodata.name        msh.o
    0x08006524   0x08006524   0x0000001c   Data   RO         5272    .rodata.name        msh.o
    0x08006540   0x08006540   0x0000000b   Data   RO         5273    .rodata.name        msh.o
    0x0800654b   0x0800654b   0x00000025   Data   RO         5274    .rodata.name        msh.o
    0x08006570   0x08006570   0x00000004   Data   RO         4168    .rti_fn.0           components.o
    0x08006574   0x08006574   0x00000004   Data   RO         4169    .rti_fn.0.end       components.o
    0x08006578   0x08006578   0x00000004   Data   RO         5103    .rti_fn.1           board.o
    0x0800657c   0x0800657c   0x00000004   Data   RO         4170    .rti_fn.1.end       components.o
    0x08006580   0x08006580   0x00000004   Data   RO         5350    .rti_fn.6           shell.o
    0x08006584   0x08006584   0x00000004   Data   RO         4171    .rti_fn.6.end       components.o
    0x08006588   0x08006588   0x0000000c   Data   RO         4599    FSymTab             mem.o
    0x08006594   0x08006594   0x00000090   Data   RO         5190    FSymTab             cmd.o
    0x08006624   0x08006624   0x00000024   Data   RO         5275    FSymTab             msh.o
    0x08006648   0x08006648   0x00000020   Data   RO         5471    Region$$Table       anon$$obj.o


    Execution Region RW_IRAM1 (Exec base: 0x20000000, Load base: 0x08006668, Size: 0x000046b8, Max: 0x00008000, ABSOLUTE)

    Exec Addr    Load Addr    Size         Type   Attr      Idx    E Section Name        Object

    0x20000000   0x08006668   0x0000001c   Data   RW           22    .data               main.o
    0x2000001c   0x08006684   0x00000004   Data   RW          266    .data               adc.o
    0x20000020   0x08006688   0x0000000c   Data   RW          961    .data               stm32g4xx_hal.o
    0x2000002c   0x08006694   0x00000004   Data   RW         4082    .data               system_stm32g4xx.o
    0x20000030   0x08006698   0x00000004   Data   RW         4122    .data               clock.o
    0x20000034   0x0800669c   0x00000001   Data   RW         4391    .data               irq.o
    0x20000035   0x0800669d   0x00000003   PAD
    0x20000038   0x080066a0   0x00000018   Data   RW         4596    .data               mem.o
    0x20000050   0x080066b8   0x00000040   Data   RW         4687    .data               object.o
    0x20000090   0x080066f8   0x00000014   Data   RW         4762    .data               scheduler.o
    0x200000a4   0x0800670c   0x0000000c   Data   RW         4956    .data               timer.o
    0x200000b0   0x08006718   0x00000004   Data   RW         5039    .data               cpuport.o
    0x200000b4   0x0800671c   0x00000004   Data   RW         5040    .data               cpuport.o
    0x200000b8   0x08006720   0x00000004   Data   RW         5041    .data               cpuport.o
    0x200000bc   0x08006724   0x00000004   Data   RW         5042    .data               cpuport.o
    0x200000c0   0x08006728   0x00000018   Data   RW         5349    .data               shell.o
    0x200000d8        -       0x000000d8   Zero   RW          265    .bss                adc.o
    0x200001b0        -       0x0000004c   Zero   RW          313    .bss                tim.o
    0x200001fc        -       0x00000090   Zero   RW          355    .bss                usart.o
    0x2000028c        -       0x00000178   Zero   RW         4236    .bss                idle.o
    0x20000404        -       0x00000080   Zero   RW         4442    .bss                kservice.o
    0x20000484        -       0x00000020   Zero   RW         4595    .bss                mem.o
    0x200004a4        -       0x00000100   Zero   RW         4761    .bss                scheduler.o
    0x200005a4        -       0x00003c90   Zero   RW         5102    .bss                board.o
    0x20004234        -       0x00000081   Zero   RW         5348    .bss                shell.o
    0x200042b5   0x08006740   0x00000003   PAD
    0x200042b8        -       0x00000400   Zero   RW            1    STACK               startup_stm32g431xx.o


==============================================================================

Image component sizes


      Code (inc. data)   RO Data    RW Data    ZI Data      Debug   Object Name

       436         40          0          4        216       2646   adc.o
       252         28          4          0      15504       5528   board.o
       106         12          0          4          0       2124   clock.o
      1884        650        647          0          0      16244   cmd.o
       194         32         16          0          0       6924   components.o
       308         28          0          0          0        904   context_rvds.o
      1436        754          0         16          0       7158   cpuport.o
       248         16          0          0          0       1075   gpio.o
       154         24          0          0        376       5542   idle.o
      1362          0          0          0          0      14856   ipc.o
        56         12          0          1          0       1870   irq.o
      1778        172        290          0        128      12185   kservice.o
      1070        318          0         28          0     689234   main.o
       888        250         51         24         32       6083   mem.o
       862        160        154          0          0       9944   msh.o
       322          6          0         64          0       8688   object.o
       448         58          0         20        256       9162   scheduler.o
      1032        140          4         24        129      12148   shell.o
        36          8        472          0       1024        852   startup_stm32g431xx.o
       110         16          0         12          0       3255   stm32g4xx_hal.o
      2678        130          0          0          0      81297   stm32g4xx_hal_adc.o
       224          8          0          0          0      67703   stm32g4xx_hal_adc_ex.o
       198         14          0          0          0      33935   stm32g4xx_hal_cortex.o
       476         34          0          0          0       3167   stm32g4xx_hal_gpio.o
        48          6          0          0          0        894   stm32g4xx_hal_msp.o
       204         18          0          0          0       1437   stm32g4xx_hal_pwr_ex.o
      1708         98          0          0          0       6568   stm32g4xx_hal_rcc.o
       648         10          0          0          0       1908   stm32g4xx_hal_rcc_ex.o
       910         56          0          0          0       7125   stm32g4xx_hal_tim.o
       170         24          0          0          0       5536   stm32g4xx_hal_tim_ex.o
      1382         66         24          0          0      25454   stm32g4xx_hal_uart.o
       282          6         16          0          0       3741   stm32g4xx_hal_uart_ex.o
        22          6          0          0          0       2887   stm32g4xx_it.o
       144         24         24          4          0       1919   system_stm32g4xx.o
       816         38          0          0          0      14134   thread.o
       132         20          0          0         76       1674   tim.o
       796         24          0         12          0      11956   timer.o
       204         20          0          0        144       1810   usart.o

    ----------------------------------------------------------------------
     24068       3326       1734        216      17888    1089567   Object Totals
         0          0         32          0          0          0   (incl. Generated)
        44          0          0          3          3          0   (incl. Padding)

    ----------------------------------------------------------------------

      Code (inc. data)   RO Data    RW Data    ZI Data      Debug   Library Member Name

         0          0          0          0          0          0   entry.o
         0          0          0          0          0          0   entry10a.o
         0          0          0          0          0          0   entry11a.o
         4          0          0          0          0          0   entry12b.o
         8          4          0          0          0          0   entry2.o
         4          0          0          0          0          0   entry5.o
         0          0          0          0          0          0   entry7b.o
         0          0          0          0          0          0   entry8b.o
         8          4          0          0          0          0   entry9a.o
        30          0          0          0          0          0   handlers.o
        36          8          0          0          0         68   init.o
        30          0          0          0          0         68   llshl.o
        32          0          0          0          0         68   llushr.o
        36          0          0          0          0         68   memcpya.o
        36          0          0          0          0        108   memseta.o
        24          0          0          0          0         68   strcat.o
        14          0          0          0          0         68   strlen.o
        30          0          0          0          0         80   strncmp.o
        24          0          0          0          0         76   strncpy.o
        98          0          0          0          0         92   uldiv.o

    ----------------------------------------------------------------------
       414         16          0          0          0        764   Library Totals
         0          0          0          0          0          0   (incl. Padding)

    ----------------------------------------------------------------------

      Code (inc. data)   RO Data    RW Data    ZI Data      Debug   Library Name

       414         16          0          0          0        764   mc_w.l

    ----------------------------------------------------------------------
       414         16          0          0          0        764   Library Totals

    ----------------------------------------------------------------------

==============================================================================


      Code (inc. data)   RO Data    RW Data    ZI Data      Debug   

     24482       3342       1734        216      17888    1070323   Grand Totals
     24482       3342       1734        216      17888    1070323   ELF Image Totals
     24482       3342       1734        216          0          0   ROM Totals

==============================================================================

    Total RO  Size (Code + RO Data)                26216 (  25.60kB)
    Total RW  Size (RW Data + ZI Data)             18104 (  17.68kB)
    Total ROM Size (Code + RO Data + RW Data)      26432 (  25.81kB)

==============================================================================

