<html>
<body>
<pre>
<h1>µVision Build Log</h1>
<h2>Tool Versions:</h2>
IDE-Version: ¦ÌVision V5.35.0.0
Copyright (C) 2021 ARM Ltd and ARM Germany GmbH. All rights reserved.
License Information: jake 8613526032469, jake, LIC=QF82M-X1GKK-56QQ2-9C98R-S04Q5-GMNTW
 
Tool Versions:
Toolchain:       MDK-ARM Plus  Version: 5.35.0.2
Toolchain Path:  D:\Keil_v5\ARM\ARMCC\Bin
C Compiler:      Armcc.exe V5.06 update 7 (build 960)
Assembler:       Armasm.exe V5.06 update 7 (build 960)
Linker/Locator:  ArmLink.exe V5.06 update 7 (build 960)
Library Manager: ArmAr.exe V5.06 update 7 (build 960)
Hex Converter:   FromElf.exe V5.06 update 7 (build 960)
CPU DLL:         SARMCM3.DLL V5.35.0.2
Dialog DLL:      DCM.DLL V1.17.3.0
Target DLL:      CMSIS_AGDI.dll V1.33.0.0
Dialog DLL:      TCM.DLL V1.53.0.0
 
<h2>Project:</h2>
E:\Embedded\RT_Thread\Lecture_Demo\Lecture7\Lecture7\MDK-ARM\G431_BUZZ.uvprojx
Project File Date:  05/15/2023

<h2>Output:</h2>
*** Using Compiler 'V5.06 update 7 (build 960)', folder: 'D:\Keil_v5\ARM\ARMCC\Bin'
Build target 'G431_BUZZ'
assembling startup_stm32g431xx.s...
compiling stm32g4xx_ll_adc.c...
compiling adc.c...
compiling stm32g4xx_hal_msp.c...
compiling stm32g4xx_hal_adc_ex.c...
compiling stm32g4xx_hal.c...
compiling tim.c...
compiling gpio.c...
compiling stm32g4xx_it.c...
compiling usart.c...
compiling main.c...
../Core/Src/main.c(51): warning:  #177-D: variable "test_sem"  was declared but never referenced
  static rt_sem_t test_sem = RT_NULL;
../Core/Src/main.c: 1 warning, 0 errors
compiling stm32g4xx_hal_rcc.c...
compiling stm32g4xx_hal_adc.c...
compiling stm32g4xx_hal_flash_ramfunc.c...
compiling stm32g4xx_hal_dma_ex.c...
compiling stm32g4xx_hal_exti.c...
compiling stm32g4xx_hal_pwr.c...
compiling stm32g4xx_hal_dma.c...
compiling stm32g4xx_hal_rcc_ex.c...
compiling stm32g4xx_hal_cortex.c...
compiling stm32g4xx_hal_flash_ex.c...
compiling context_rvds.S...
compiling clock.c...
compiling stm32g4xx_hal_gpio.c...
compiling components.c...
compiling stm32g4xx_hal_flash.c...
compiling cpu.c...
compiling idle.c...
compiling stm32g4xx_hal_pwr_ex.c...
compiling irq.c...
compiling ipc.c...
compiling memheap.c...
compiling mempool.c...
compiling mem.c...
compiling kservice.c...
compiling object.c...
compiling scheduler.c...
compiling slab.c...
compiling thread.c...
compiling cpuport.c...
compiling timer.c...
compiling cmd.c...
compiling finsh_port.c...
compiling msh.c...
compiling shell.c...
compiling stm32g4xx_hal_uart.c...
compiling board.c...
compiling system_stm32g4xx.c...
compiling stm32g4xx_hal_uart_ex.c...
compiling stm32g4xx_hal_tim_ex.c...
compiling stm32g4xx_hal_tim.c...
linking...
Program Size: Code=24482 RO-data=1734 RW-data=216 ZI-data=17888  
FromELF: creating hex file...
"G431_BUZZ\G431_BUZZ.axf" - 0 Error(s), 1 Warning(s).

<h2>Software Packages used:</h2>

Package Vendor: ARM
                http://www.keil.com/pack/ARM.CMSIS.5.8.0.pack
                ARM.CMSIS.5.8.0
                CMSIS (Common Microcontroller Software Interface Standard)
   * Component: CORE Version: 5.5.0

Package Vendor: Keil
                http://www.keil.com/pack/Keil.STM32G4xx_DFP.1.3.0.pack
                Keil.STM32G4xx_DFP.1.3.0
                STMicroelectronics STM32G4 Series Device Support, Drivers and Examples

<h2>Collection of Component include folders:</h2>
  .\RTE\_G431_BUZZ
  C:\Users\86135\AppData\Local\Arm\Packs\ARM\CMSIS\5.8.0\CMSIS\Core\Include
  C:\Users\86135\AppData\Local\Arm\Packs\Keil\STM32G4xx_DFP\1.3.0\Drivers\CMSIS\Device\ST\STM32G4xx\Include

<h2>Collection of Component Files used:</h2>

   * Component: ARM::CMSIS:CORE:5.5.0
Build Time Elapsed:  00:00:16
</pre>
</body>
</html>
